<?xml version="1.0"?>
<link_info>
   <banner>TI ARM Linker Unix v5.1.12</banner>
   <copyright>Copyright (c) 1996-2015 Texas Instruments Incorporated</copyright>
   <link_time>0x55c80ac6</link_time>
   <link_errors>0x0</link_errors>
   <output_file>ravvn.out</output_file>
   <entry_point>
      <name>_c_int00</name>
      <address>0x4009</address>
   </entry_point>
   <input_file_list>
      <input_file id="fl-2">
         <path>./</path>
         <kind>object</kind>
         <file>GPS_task.obj</file>
         <name>GPS_task.obj</name>
      </input_file>
      <input_file id="fl-3">
         <path>./</path>
         <kind>object</kind>
         <file>command_task.obj</file>
         <name>command_task.obj</name>
      </input_file>
      <input_file id="fl-4">
         <path>./</path>
         <kind>object</kind>
         <file>compdcm_task.obj</file>
         <name>compdcm_task.obj</name>
      </input_file>
      <input_file id="fl-5">
         <path>./</path>
         <kind>object</kind>
         <file>gpsuart.obj</file>
         <name>gpsuart.obj</name>
      </input_file>
      <input_file id="fl-6">
         <path>./</path>
         <kind>object</kind>
         <file>ravvn.obj</file>
         <name>ravvn.obj</name>
      </input_file>
      <input_file id="fl-7">
         <path>./</path>
         <kind>object</kind>
         <file>ravvnuart.obj</file>
         <name>ravvnuart.obj</name>
      </input_file>
      <input_file id="fl-8">
         <path>./</path>
         <kind>object</kind>
         <file>startup_ccs.obj</file>
         <name>startup_ccs.obj</name>
      </input_file>
      <input_file id="fl-9">
         <path>./</path>
         <kind>object</kind>
         <file>xbee_task.obj</file>
         <name>xbee_task.obj</name>
      </input_file>
      <input_file id="fl-a">
         <path>./</path>
         <kind>object</kind>
         <file>xbeeuart.obj</file>
         <name>xbeeuart.obj</name>
      </input_file>
      <input_file id="fl-b">
         <path>./utils/</path>
         <kind>object</kind>
         <file>cmdline.obj</file>
         <name>cmdline.obj</name>
      </input_file>
      <input_file id="fl-c">
         <path>./utils/</path>
         <kind>object</kind>
         <file>flash_pb.obj</file>
         <name>flash_pb.obj</name>
      </input_file>
      <input_file id="fl-d">
         <path>./utils/</path>
         <kind>object</kind>
         <file>locator.obj</file>
         <name>locator.obj</name>
      </input_file>
      <input_file id="fl-e">
         <path>./utils/</path>
         <kind>object</kind>
         <file>lwiplib.obj</file>
         <name>lwiplib.obj</name>
      </input_file>
      <input_file id="fl-f">
         <path>./utils/</path>
         <kind>object</kind>
         <file>ringbuf.obj</file>
         <name>ringbuf.obj</name>
      </input_file>
      <input_file id="fl-10">
         <path>./utils/</path>
         <kind>object</kind>
         <file>uartstdio.obj</file>
         <name>uartstdio.obj</name>
      </input_file>
      <input_file id="fl-11">
         <path>./utils/</path>
         <kind>object</kind>
         <file>ustdlib.obj</file>
         <name>ustdlib.obj</name>
      </input_file>
      <input_file id="fl-12">
         <path>./third_party/FreeRTOS/Source/</path>
         <kind>object</kind>
         <file>list.obj</file>
         <name>list.obj</name>
      </input_file>
      <input_file id="fl-13">
         <path>./third_party/FreeRTOS/Source/</path>
         <kind>object</kind>
         <file>queue.obj</file>
         <name>queue.obj</name>
      </input_file>
      <input_file id="fl-14">
         <path>./third_party/FreeRTOS/Source/</path>
         <kind>object</kind>
         <file>tasks.obj</file>
         <name>tasks.obj</name>
      </input_file>
      <input_file id="fl-15">
         <path>./third_party/FreeRTOS/Source/</path>
         <kind>object</kind>
         <file>timers.obj</file>
         <name>timers.obj</name>
      </input_file>
      <input_file id="fl-16">
         <path>./third_party/FreeRTOS/Source/portable/MemMang/</path>
         <kind>object</kind>
         <file>heap_1.obj</file>
         <name>heap_1.obj</name>
      </input_file>
      <input_file id="fl-17">
         <path>./third_party/FreeRTOS/Source/portable/CCS/ARM_CM4F/</path>
         <kind>object</kind>
         <file>port.obj</file>
         <name>port.obj</name>
      </input_file>
      <input_file id="fl-18">
         <path>./third_party/FreeRTOS/Source/portable/CCS/ARM_CM4F/</path>
         <kind>object</kind>
         <file>portasm.obj</file>
         <name>portasm.obj</name>
      </input_file>
      <input_file id="fl-19">
         <path>./drivers/</path>
         <kind>object</kind>
         <file>buttons.obj</file>
         <name>buttons.obj</name>
      </input_file>
      <input_file id="fl-1a">
         <path>./drivers/</path>
         <kind>object</kind>
         <file>pinout.obj</file>
         <name>pinout.obj</name>
      </input_file>
      <input_file id="fl-149">
         <path>/opt/ti/ccsv6/tools/compiler/arm_5.1.12/lib/</path>
         <kind>archive</kind>
         <file>rtsv7M4_T_le_v4SPD16_eabi.lib</file>
         <name>boot.obj</name>
      </input_file>
      <input_file id="fl-14a">
         <path>/opt/ti/ccsv6/tools/compiler/arm_5.1.12/lib/</path>
         <kind>archive</kind>
         <file>rtsv7M4_T_le_v4SPD16_eabi.lib</file>
         <name>copy_decompress_none.obj</name>
      </input_file>
      <input_file id="fl-14b">
         <path>/opt/ti/ccsv6/tools/compiler/arm_5.1.12/lib/</path>
         <kind>archive</kind>
         <file>rtsv7M4_T_le_v4SPD16_eabi.lib</file>
         <name>copy_decompress_rle.obj</name>
      </input_file>
      <input_file id="fl-14c">
         <path>/opt/ti/ccsv6/tools/compiler/arm_5.1.12/lib/</path>
         <kind>archive</kind>
         <file>rtsv7M4_T_le_v4SPD16_eabi.lib</file>
         <name>copy_zero_init.obj</name>
      </input_file>
      <input_file id="fl-14d">
         <path>/opt/ti/ccsv6/tools/compiler/arm_5.1.12/lib/</path>
         <kind>archive</kind>
         <file>rtsv7M4_T_le_v4SPD16_eabi.lib</file>
         <name>exit.obj</name>
      </input_file>
      <input_file id="fl-14e">
         <path>/opt/ti/ccsv6/tools/compiler/arm_5.1.12/lib/</path>
         <kind>archive</kind>
         <file>rtsv7M4_T_le_v4SPD16_eabi.lib</file>
         <name>memcmp.obj</name>
      </input_file>
      <input_file id="fl-14f">
         <path>/opt/ti/ccsv6/tools/compiler/arm_5.1.12/lib/</path>
         <kind>archive</kind>
         <file>rtsv7M4_T_le_v4SPD16_eabi.lib</file>
         <name>memcpy_t2.obj</name>
      </input_file>
      <input_file id="fl-150">
         <path>/opt/ti/ccsv6/tools/compiler/arm_5.1.12/lib/</path>
         <kind>archive</kind>
         <file>rtsv7M4_T_le_v4SPD16_eabi.lib</file>
         <name>memset_t2.obj</name>
      </input_file>
      <input_file id="fl-151">
         <path>/opt/ti/ccsv6/tools/compiler/arm_5.1.12/lib/</path>
         <kind>archive</kind>
         <file>rtsv7M4_T_le_v4SPD16_eabi.lib</file>
         <name>stkdepth_vars.obj</name>
      </input_file>
      <input_file id="fl-152">
         <path>/opt/ti/ccsv6/tools/compiler/arm_5.1.12/lib/</path>
         <kind>archive</kind>
         <file>rtsv7M4_T_le_v4SPD16_eabi.lib</file>
         <name>strcmp.obj</name>
      </input_file>
      <input_file id="fl-153">
         <path>/opt/ti/ccsv6/tools/compiler/arm_5.1.12/lib/</path>
         <kind>archive</kind>
         <file>rtsv7M4_T_le_v4SPD16_eabi.lib</file>
         <name>strlen.obj</name>
      </input_file>
      <input_file id="fl-154">
         <path>/opt/ti/ccsv6/tools/compiler/arm_5.1.12/lib/</path>
         <kind>archive</kind>
         <file>rtsv7M4_T_le_v4SPD16_eabi.lib</file>
         <name>u_divt2.obj</name>
      </input_file>
      <input_file id="fl-155">
         <path>/opt/ti/ccsv6/tools/compiler/arm_5.1.12/lib/</path>
         <kind>archive</kind>
         <file>rtsv7M4_T_le_v4SPD16_eabi.lib</file>
         <name>_lock.obj</name>
      </input_file>
      <input_file id="fl-156">
         <path>/opt/ti/ccsv6/tools/compiler/arm_5.1.12/lib/</path>
         <kind>archive</kind>
         <file>rtsv7M4_T_le_v4SPD16_eabi.lib</file>
         <name>args_main.obj</name>
      </input_file>
      <input_file id="fl-157">
         <path>/opt/ti/ccsv6/tools/compiler/arm_5.1.12/lib/</path>
         <kind>archive</kind>
         <file>rtsv7M4_T_le_v4SPD16_eabi.lib</file>
         <name>auto_init.obj</name>
      </input_file>
      <input_file id="fl-158">
         <path>/opt/ti/ccsv6/tools/compiler/arm_5.1.12/lib/</path>
         <kind>archive</kind>
         <file>rtsv7M4_T_le_v4SPD16_eabi.lib</file>
         <name>cpy_tbl.obj</name>
      </input_file>
      <input_file id="fl-159">
         <path>/opt/ti/ccsv6/tools/compiler/arm_5.1.12/lib/</path>
         <kind>archive</kind>
         <file>rtsv7M4_T_le_v4SPD16_eabi.lib</file>
         <name>i_div0.obj</name>
      </input_file>
      <input_file id="fl-15a">
         <path>/home/chris/src/tivaware/examples/boards/ek-tm4c1294xl-boostxl-senshub/senshub_iot/ccs/../../../../../driverlib/ccs/Debug/</path>
         <kind>archive</kind>
         <file>driverlib.lib</file>
         <name>emac.obj</name>
      </input_file>
      <input_file id="fl-15b">
         <path>/home/chris/src/tivaware/examples/boards/ek-tm4c1294xl-boostxl-senshub/senshub_iot/ccs/../../../../../driverlib/ccs/Debug/</path>
         <kind>archive</kind>
         <file>driverlib.lib</file>
         <name>gpio.obj</name>
      </input_file>
      <input_file id="fl-15c">
         <path>/home/chris/src/tivaware/examples/boards/ek-tm4c1294xl-boostxl-senshub/senshub_iot/ccs/../../../../../driverlib/ccs/Debug/</path>
         <kind>archive</kind>
         <file>driverlib.lib</file>
         <name>interrupt.obj</name>
      </input_file>
      <input_file id="fl-15d">
         <path>/home/chris/src/tivaware/examples/boards/ek-tm4c1294xl-boostxl-senshub/senshub_iot/ccs/../../../../../driverlib/ccs/Debug/</path>
         <kind>archive</kind>
         <file>driverlib.lib</file>
         <name>sw_crc.obj</name>
      </input_file>
      <input_file id="fl-15e">
         <path>/home/chris/src/tivaware/examples/boards/ek-tm4c1294xl-boostxl-senshub/senshub_iot/ccs/../../../../../driverlib/ccs/Debug/</path>
         <kind>archive</kind>
         <file>driverlib.lib</file>
         <name>sysctl.obj</name>
      </input_file>
      <input_file id="fl-15f">
         <path>/home/chris/src/tivaware/examples/boards/ek-tm4c1294xl-boostxl-senshub/senshub_iot/ccs/../../../../../driverlib/ccs/Debug/</path>
         <kind>archive</kind>
         <file>driverlib.lib</file>
         <name>timer.obj</name>
      </input_file>
      <input_file id="fl-160">
         <path>/home/chris/src/tivaware/examples/boards/ek-tm4c1294xl-boostxl-senshub/senshub_iot/ccs/../../../../../driverlib/ccs/Debug/</path>
         <kind>archive</kind>
         <file>driverlib.lib</file>
         <name>uart.obj</name>
      </input_file>
      <input_file id="fl-161">
         <path>/home/chris/src/tivaware/examples/boards/ek-tm4c1294xl-boostxl-senshub/senshub_iot/ccs/../../../../../driverlib/ccs/Debug/</path>
         <kind>archive</kind>
         <file>driverlib.lib</file>
         <name>cpu.obj</name>
      </input_file>
      <input_file id="fl-162">
         <path>/home/chris/src/tivaware/examples/boards/ek-tm4c1294xl-boostxl-senshub/senshub_iot/ccs/../../../../../sensorlib/ccs/Debug/</path>
         <kind>archive</kind>
         <file>sensorlib.lib</file>
         <name>comp_dcm.obj</name>
      </input_file>
      <input_file id="fl-163">
         <path>/home/chris/src/tivaware/examples/boards/ek-tm4c1294xl-boostxl-senshub/senshub_iot/ccs/../../../../../sensorlib/ccs/Debug/</path>
         <kind>archive</kind>
         <file>sensorlib.lib</file>
         <name>i2cm_drv.obj</name>
      </input_file>
      <input_file id="fl-164">
         <path>/home/chris/src/tivaware/examples/boards/ek-tm4c1294xl-boostxl-senshub/senshub_iot/ccs/../../../../../sensorlib/ccs/Debug/</path>
         <kind>archive</kind>
         <file>sensorlib.lib</file>
         <name>mpu9150.obj</name>
      </input_file>
      <input_file id="fl-165">
         <path>/home/chris/src/tivaware/examples/boards/ek-tm4c1294xl-boostxl-senshub/senshub_iot/ccs/../../../../../sensorlib/ccs/Debug/</path>
         <kind>archive</kind>
         <file>sensorlib.lib</file>
         <name>vector.obj</name>
      </input_file>
      <input_file id="fl-166">
         <path>/opt/ti/ccsv6/tools/compiler/arm_5.1.12/lib/</path>
         <kind>archive</kind>
         <file>rtsv7M4_T_le_v4SPD16_eabi.lib</file>
         <name>asinf.obj</name>
      </input_file>
      <input_file id="fl-167">
         <path>/opt/ti/ccsv6/tools/compiler/arm_5.1.12/lib/</path>
         <kind>archive</kind>
         <file>rtsv7M4_T_le_v4SPD16_eabi.lib</file>
         <name>atan2f.obj</name>
      </input_file>
      <input_file id="fl-168">
         <path>/opt/ti/ccsv6/tools/compiler/arm_5.1.12/lib/</path>
         <kind>archive</kind>
         <file>rtsv7M4_T_le_v4SPD16_eabi.lib</file>
         <name>fd_add_t2.obj</name>
      </input_file>
      <input_file id="fl-169">
         <path>/opt/ti/ccsv6/tools/compiler/arm_5.1.12/lib/</path>
         <kind>archive</kind>
         <file>rtsv7M4_T_le_v4SPD16_eabi.lib</file>
         <name>fd_mul_t2.obj</name>
      </input_file>
      <input_file id="fl-16a">
         <path>/opt/ti/ccsv6/tools/compiler/arm_5.1.12/lib/</path>
         <kind>archive</kind>
         <file>rtsv7M4_T_le_v4SPD16_eabi.lib</file>
         <name>fd_tos_t2.obj</name>
      </input_file>
      <input_file id="fl-16b">
         <path>/opt/ti/ccsv6/tools/compiler/arm_5.1.12/lib/</path>
         <kind>archive</kind>
         <file>rtsv7M4_T_le_v4SPD16_eabi.lib</file>
         <name>fs_tod_t2.obj</name>
      </input_file>
      <input_file id="fl-16c">
         <path>/opt/ti/ccsv6/tools/compiler/arm_5.1.12/lib/</path>
         <kind>archive</kind>
         <file>rtsv7M4_T_le_v4SPD16_eabi.lib</file>
         <name>sqrtf.obj</name>
      </input_file>
      <input_file id="fl-16d">
         <path>/opt/ti/ccsv6/tools/compiler/arm_5.1.12/lib/</path>
         <kind>archive</kind>
         <file>rtsv7M4_T_le_v4SPD16_eabi.lib</file>
         <name>xfatan.obj</name>
      </input_file>
      <input_file id="fl-16e">
         <path>/opt/ti/ccsv6/tools/compiler/arm_5.1.12/lib/</path>
         <kind>archive</kind>
         <file>rtsv7M4_T_le_v4SPD16_eabi.lib</file>
         <name>xfdclass.obj</name>
      </input_file>
      <input_file id="fl-16f">
         <path>/opt/ti/ccsv6/tools/compiler/arm_5.1.12/lib/</path>
         <kind>archive</kind>
         <file>rtsv7M4_T_le_v4SPD16_eabi.lib</file>
         <name>xfdtest.obj</name>
      </input_file>
      <input_file id="fl-170">
         <path>/opt/ti/ccsv6/tools/compiler/arm_5.1.12/lib/</path>
         <kind>archive</kind>
         <file>rtsv7M4_T_le_v4SPD16_eabi.lib</file>
         <name>xferaise.obj</name>
      </input_file>
      <input_file id="fl-171">
         <path>/opt/ti/ccsv6/tools/compiler/arm_5.1.12/lib/</path>
         <kind>archive</kind>
         <file>rtsv7M4_T_le_v4SPD16_eabi.lib</file>
         <name>xfvalues.obj</name>
      </input_file>
      <input_file id="fl-172">
         <path>/opt/ti/ccsv6/tools/compiler/arm_5.1.12/lib/</path>
         <kind>archive</kind>
         <file>rtsv7M4_T_le_v4SPD16_eabi.lib</file>
         <name>errno.obj</name>
      </input_file>
      <input_file id="fl-173">
         <path>/opt/ti/ccsv6/tools/compiler/arm_5.1.12/lib/</path>
         <kind>archive</kind>
         <file>rtsv7M4_T_le_v4SPD16_eabi.lib</file>
         <name>feraiseexcept.obj</name>
      </input_file>
      <input_file id="fl-174">
         <path>/opt/ti/ccsv6/tools/compiler/arm_5.1.12/lib/</path>
         <kind>archive</kind>
         <file>rtsv7M4_T_le_v4SPD16_eabi.lib</file>
         <name>raise.obj</name>
      </input_file>
      <input_file id="fl-175">
         <path>/opt/ti/ccsv6/tools/compiler/arm_5.1.12/lib/</path>
         <kind>archive</kind>
         <file>rtsv7M4_T_le_v4SPD16_eabi.lib</file>
         <name>signal.obj</name>
      </input_file>
      <input_file id="fl-176">
         <path>/home/chris/src/tivaware/examples/boards/ek-tm4c1294xl-boostxl-senshub/senshub_iot/ccs/../../../../../driverlib/ccs/Debug/</path>
         <kind>archive</kind>
         <file>driverlib.lib</file>
         <name>i2c.obj</name>
      </input_file>
   </input_file_list>
   <object_component_list>
      <object_component id="oc-e">
         <name>.intvecs</name>
         <load_address>0x0</load_address>
         <run_address>0x0</run_address>
         <size>0x200</size>
         <input_file_ref idref="fl-8"/>
      </object_component>
      <object_component id="oc-3b8">
         <name>.text:CompDCMTask</name>
         <load_address>0x200</load_address>
         <run_address>0x200</run_address>
         <size>0x29c</size>
         <input_file_ref idref="fl-4"/>
      </object_component>
      <object_component id="oc-52d">
         <name>.text:CompDCMUpdate</name>
         <load_address>0x49c</load_address>
         <run_address>0x49c</run_address>
         <size>0x290</size>
         <input_file_ref idref="fl-162"/>
      </object_component>
      <object_component id="oc-143">
         <name>.text:main</name>
         <load_address>0x72c</load_address>
         <run_address>0x72c</run_address>
         <size>0x238</size>
         <input_file_ref idref="fl-6"/>
      </object_component>
      <object_component id="oc-251">
         <name>.text:PinoutSet</name>
         <load_address>0x964</load_address>
         <run_address>0x964</run_address>
         <size>0x214</size>
         <input_file_ref idref="fl-1a"/>
      </object_component>
      <object_component id="oc-24b">
         <name>.text:SysCtlClockFreqSet</name>
         <load_address>0xb78</load_address>
         <run_address>0xb78</run_address>
         <size>0x204</size>
         <input_file_ref idref="fl-15e"/>
      </object_component>
      <object_component id="oc-3ca">
         <name>.text:UARTvprintf</name>
         <load_address>0xd7c</load_address>
         <run_address>0xd7c</run_address>
         <size>0x1ea</size>
         <input_file_ref idref="fl-10"/>
      </object_component>
      <object_component id="oc-539">
         <name>.text:CompDCMComputeQuaternion</name>
         <load_address>0xf66</load_address>
         <run_address>0xf66</run_address>
         <size>0x1c8</size>
         <input_file_ref idref="fl-162"/>
      </object_component>
      <object_component id="oc-676">
         <name>.text</name>
         <load_address>0x112e</load_address>
         <run_address>0x112e</run_address>
         <size>0x1b6</size>
         <input_file_ref idref="fl-168"/>
      </object_component>
      <object_component id="oc-624">
         <name>.text:MPU9150Callback</name>
         <load_address>0x12e4</load_address>
         <run_address>0x12e4</run_address>
         <size>0x18c</size>
         <input_file_ref idref="fl-164"/>
      </object_component>
      <object_component id="oc-58">
         <name>.text:gpsUARTxIntHandler</name>
         <load_address>0x1470</load_address>
         <run_address>0x1470</run_address>
         <size>0x164</size>
         <input_file_ref idref="fl-5"/>
      </object_component>
      <object_component id="oc-4c">
         <name>.text:UARTStdioIntHandler</name>
         <load_address>0x15d4</load_address>
         <run_address>0x15d4</run_address>
         <size>0x160</size>
         <input_file_ref idref="fl-10"/>
      </object_component>
      <object_component id="oc-32e">
         <name>.text:GPIOPadConfigSet</name>
         <load_address>0x1734</load_address>
         <run_address>0x1734</run_address>
         <size>0x130</size>
         <input_file_ref idref="fl-15b"/>
      </object_component>
      <object_component id="oc-b0">
         <name>.text:xTaskIncrementTick</name>
         <load_address>0x1864</load_address>
         <run_address>0x1864</run_address>
         <size>0x114</size>
         <input_file_ref idref="fl-14"/>
      </object_component>
      <object_component id="oc-4b8">
         <name>.text:xQueueGenericReceive</name>
         <load_address>0x1978</load_address>
         <run_address>0x1978</run_address>
         <size>0x100</size>
         <input_file_ref idref="fl-13"/>
      </object_component>
      <object_component id="oc-665">
         <name>.text</name>
         <load_address>0x1a78</load_address>
         <run_address>0x1a78</run_address>
         <size>0xfc</size>
         <input_file_ref idref="fl-169"/>
      </object_component>
      <object_component id="oc-12b">
         <name>.text:I2CMIntHandler</name>
         <load_address>0x1b74</load_address>
         <run_address>0x1b74</run_address>
         <size>0xf2</size>
         <input_file_ref idref="fl-163"/>
      </object_component>
      <object_component id="oc-35">
         <name>.text:FaultISR</name>
         <load_address>0x1c66</load_address>
         <run_address>0x1c66</run_address>
         <size>0x2</size>
         <input_file_ref idref="fl-8"/>
      </object_component>
      <object_component id="oc-386">
         <name>.text:CommandTask</name>
         <load_address>0x1c68</load_address>
         <run_address>0x1c68</run_address>
         <size>0xf0</size>
         <input_file_ref idref="fl-3"/>
      </object_component>
      <object_component id="oc-281">
         <name>.text:CompDCMTaskInit</name>
         <load_address>0x1d58</load_address>
         <run_address>0x1d58</run_address>
         <size>0xe8</size>
         <input_file_ref idref="fl-4"/>
      </object_component>
      <object_component id="oc-37b">
         <name>.text:xTaskGenericCreate</name>
         <load_address>0x1e40</load_address>
         <run_address>0x1e40</run_address>
         <size>0xdc</size>
         <input_file_ref idref="fl-14"/>
      </object_component>
      <object_component id="oc-682">
         <name>.text</name>
         <load_address>0x1f1c</load_address>
         <run_address>0x1f1c</run_address>
         <size>0xd8</size>
         <input_file_ref idref="fl-167"/>
      </object_component>
      <object_component id="oc-42d">
         <name>.text:xTaskResumeAll</name>
         <load_address>0x1ff4</load_address>
         <run_address>0x1ff4</run_address>
         <size>0xd0</size>
         <input_file_ref idref="fl-14"/>
      </object_component>
      <object_component id="oc-a9">
         <name>.text:vTaskSwitchContext</name>
         <load_address>0x20c4</load_address>
         <run_address>0x20c4</run_address>
         <size>0xc8</size>
         <input_file_ref idref="fl-14"/>
      </object_component>
      <object_component id="oc-36e">
         <name>.text:xQueueGenericSend</name>
         <load_address>0x218c</load_address>
         <run_address>0x218c</run_address>
         <size>0xc6</size>
         <input_file_ref idref="fl-13"/>
      </object_component>
      <object_component id="oc-50f">
         <name>.text:CompDCMStart</name>
         <load_address>0x2252</load_address>
         <run_address>0x2252</run_address>
         <size>0xb8</size>
         <input_file_ref idref="fl-162"/>
      </object_component>
      <object_component id="oc-3b">
         <name>.text:IntDefaultHandler</name>
         <load_address>0x230a</load_address>
         <run_address>0x230a</run_address>
         <size>0x2</size>
         <input_file_ref idref="fl-8"/>
      </object_component>
      <object_component id="oc-4eb">
         <name>.text:CompDCMAppErrorHandler</name>
         <load_address>0x230c</load_address>
         <run_address>0x230c</run_address>
         <size>0xb0</size>
         <input_file_ref idref="fl-4"/>
      </object_component>
      <object_component id="oc-473">
         <name>.text:UARTStdioConfig</name>
         <load_address>0x23bc</load_address>
         <run_address>0x23bc</run_address>
         <size>0xb0</size>
         <input_file_ref idref="fl-10"/>
      </object_component>
      <object_component id="oc-4c0">
         <name>.text:gpsUARTxConfig</name>
         <load_address>0x246c</load_address>
         <run_address>0x246c</run_address>
         <size>0xb0</size>
         <input_file_ref idref="fl-5"/>
      </object_component>
      <object_component id="oc-688">
         <name>.text</name>
         <load_address>0x251c</load_address>
         <run_address>0x251c</run_address>
         <size>0xb0</size>
         <input_file_ref idref="fl-166"/>
      </object_component>
      <object_component id="oc-c3">
         <name>.text:UARTwrite</name>
         <load_address>0x25cc</load_address>
         <run_address>0x25cc</run_address>
         <size>0xa8</size>
         <input_file_ref idref="fl-10"/>
      </object_component>
      <object_component id="oc-f9">
         <name>.text:gpsUARTwrite</name>
         <load_address>0x2674</load_address>
         <run_address>0x2674</run_address>
         <size>0xa8</size>
         <input_file_ref idref="fl-5"/>
      </object_component>
      <object_component id="oc-74f">
         <name>.text</name>
         <load_address>0x271c</load_address>
         <run_address>0x271c</run_address>
         <size>0xa8</size>
         <input_file_ref idref="fl-16d"/>
      </object_component>
      <object_component id="oc-41">
         <name>.text</name>
         <load_address>0x27c4</load_address>
         <run_address>0x27c4</run_address>
         <size>0xa6</size>
         <input_file_ref idref="fl-18"/>
      </object_component>
      <object_component id="oc-2f">
         <name>.text:NmiSR</name>
         <load_address>0x286a</load_address>
         <run_address>0x286a</run_address>
         <size>0x2</size>
         <input_file_ref idref="fl-8"/>
      </object_component>
      <object_component id="oc-527">
         <name>.text:MPU9150DataMagnetoGetFloat</name>
         <load_address>0x286c</load_address>
         <run_address>0x286c</run_address>
         <size>0xa0</size>
         <input_file_ref idref="fl-164"/>
      </object_component>
      <object_component id="oc-4f1">
         <name>.text:MPU9150Write</name>
         <load_address>0x290c</load_address>
         <run_address>0x290c</run_address>
         <size>0xa0</size>
         <input_file_ref idref="fl-164"/>
      </object_component>
      <object_component id="oc-82">
         <name>.text</name>
         <load_address>0x29ac</load_address>
         <run_address>0x29ac</run_address>
         <size>0x9c</size>
         <input_file_ref idref="fl-14f"/>
      </object_component>
      <object_component id="oc-23f">
         <name>.text:I2CMStateIdle</name>
         <load_address>0x2a48</load_address>
         <run_address>0x2a48</run_address>
         <size>0x98</size>
         <input_file_ref idref="fl-163"/>
      </object_component>
      <object_component id="oc-6d">
         <name>.text</name>
         <load_address>0x2ae0</load_address>
         <run_address>0x2ae0</run_address>
         <size>0x94</size>
         <input_file_ref idref="fl-157"/>
      </object_component>
      <object_component id="oc-6b3">
         <name>.text:prvProcessReceivedCommands</name>
         <load_address>0x2b74</load_address>
         <run_address>0x2b74</run_address>
         <size>0x90</size>
         <input_file_ref idref="fl-15"/>
      </object_component>
      <object_component id="oc-b7">
         <name>.text:UARTPrimeTransmit</name>
         <load_address>0x2c04</load_address>
         <run_address>0x2c04</run_address>
         <size>0x8c</size>
         <input_file_ref idref="fl-10"/>
      </object_component>
      <object_component id="oc-ed">
         <name>.text:gpsUARTPrimeTransmit</name>
         <load_address>0x2c90</load_address>
         <run_address>0x2c90</run_address>
         <size>0x8c</size>
         <input_file_ref idref="fl-5"/>
      </object_component>
      <object_component id="oc-61e">
         <name>.text:I2CMCommand</name>
         <load_address>0x2d1c</load_address>
         <run_address>0x2d1c</run_address>
         <size>0x88</size>
         <input_file_ref idref="fl-163"/>
      </object_component>
      <object_component id="oc-6dc">
         <name>.text:Cmd_help</name>
         <load_address>0x2da4</load_address>
         <run_address>0x2da4</run_address>
         <size>0x80</size>
         <input_file_ref idref="fl-3"/>
      </object_component>
      <object_component id="oc-5be">
         <name>.text</name>
         <load_address>0x2e24</load_address>
         <run_address>0x2e24</run_address>
         <size>0x7a</size>
         <input_file_ref idref="fl-150"/>
      </object_component>
      <object_component id="oc-699">
         <name>.text</name>
         <load_address>0x2e9e</load_address>
         <run_address>0x2e9e</run_address>
         <size>0x2</size>
         <input_file_ref idref="fl-159"/>
      </object_component>
      <object_component id="oc-51b">
         <name>.text:MPU9150DataAccelGetFloat</name>
         <load_address>0x2ea0</load_address>
         <run_address>0x2ea0</run_address>
         <size>0x78</size>
         <input_file_ref idref="fl-164"/>
      </object_component>
      <object_component id="oc-521">
         <name>.text:MPU9150DataGyroGetFloat</name>
         <load_address>0x2f18</load_address>
         <run_address>0x2f18</run_address>
         <size>0x78</size>
         <input_file_ref idref="fl-164"/>
      </object_component>
      <object_component id="oc-4de">
         <name>.text:xQueueGenericReset</name>
         <load_address>0x2f90</load_address>
         <run_address>0x2f90</run_address>
         <size>0x70</size>
         <input_file_ref idref="fl-13"/>
      </object_component>
      <object_component id="oc-1d8">
         <name>.text:xTaskRemoveFromEventList</name>
         <load_address>0x3000</load_address>
         <run_address>0x3000</run_address>
         <size>0x70</size>
         <input_file_ref idref="fl-14"/>
      </object_component>
      <object_component id="oc-4e5">
         <name>.text:MPU9150Init</name>
         <load_address>0x3070</load_address>
         <run_address>0x3070</run_address>
         <size>0x6c</size>
         <input_file_ref idref="fl-164"/>
      </object_component>
      <object_component id="oc-5f3">
         <name>.text:vTaskPriorityInherit</name>
         <load_address>0x30dc</load_address>
         <run_address>0x30dc</run_address>
         <size>0x6c</size>
         <input_file_ref idref="fl-14"/>
      </object_component>
      <object_component id="oc-1d2">
         <name>.text:prvCopyDataToQueue</name>
         <load_address>0x3148</load_address>
         <run_address>0x3148</run_address>
         <size>0x6a</size>
         <input_file_ref idref="fl-13"/>
      </object_component>
      <object_component id="oc-16a">
         <name>.text:vApplicationStackOverflowHook</name>
         <load_address>0x31b2</load_address>
         <run_address>0x31b2</run_address>
         <size>0x2</size>
         <input_file_ref idref="fl-6"/>
      </object_component>
      <object_component id="oc-275">
         <name>.text:CommandTaskInit</name>
         <load_address>0x31b4</load_address>
         <run_address>0x31b4</run_address>
         <size>0x68</size>
         <input_file_ref idref="fl-3"/>
      </object_component>
      <object_component id="oc-717">
         <name>.text:IntDisable</name>
         <load_address>0x321c</load_address>
         <run_address>0x321c</run_address>
         <size>0x68</size>
         <input_file_ref idref="fl-15c"/>
      </object_component>
      <object_component id="oc-350">
         <name>.text:IntEnable</name>
         <load_address>0x3284</load_address>
         <run_address>0x3284</run_address>
         <size>0x68</size>
         <input_file_ref idref="fl-15c"/>
      </object_component>
      <object_component id="oc-62c">
         <name>.text:vTaskSuspend</name>
         <load_address>0x32ec</load_address>
         <run_address>0x32ec</run_address>
         <size>0x68</size>
         <input_file_ref idref="fl-14"/>
      </object_component>
      <object_component id="oc-38d">
         <name>.text:ConfigureGPSUART</name>
         <load_address>0x3354</load_address>
         <run_address>0x3354</run_address>
         <size>0x64</size>
         <input_file_ref idref="fl-2"/>
      </object_component>
      <object_component id="oc-375">
         <name>.text:ConfigureUART</name>
         <load_address>0x33b8</load_address>
         <run_address>0x33b8</run_address>
         <size>0x64</size>
         <input_file_ref idref="fl-3"/>
      </object_component>
      <object_component id="oc-27b">
         <name>.text:GPSTaskInit</name>
         <load_address>0x341c</load_address>
         <run_address>0x341c</run_address>
         <size>0x64</size>
         <input_file_ref idref="fl-2"/>
      </object_component>
      <object_component id="oc-711">
         <name>.text:IntIsEnabled</name>
         <load_address>0x3480</load_address>
         <run_address>0x3480</run_address>
         <size>0x64</size>
         <input_file_ref idref="fl-15c"/>
      </object_component>
      <object_component id="oc-287">
         <name>.text:SensorCloudStatTimerConfig</name>
         <load_address>0x34e4</load_address>
         <run_address>0x34e4</run_address>
         <size>0x64</size>
         <input_file_ref idref="fl-6"/>
      </object_component>
      <object_component id="oc-454">
         <name>.text:prvUnlockQueue</name>
         <load_address>0x3548</load_address>
         <run_address>0x3548</run_address>
         <size>0x62</size>
         <input_file_ref idref="fl-13"/>
      </object_component>
      <object_component id="oc-4d8">
         <name>.text:vPortFree</name>
         <load_address>0x35aa</load_address>
         <run_address>0x35aa</run_address>
         <size>0x2</size>
         <input_file_ref idref="fl-16"/>
      </object_component>
      <object_component id="oc-4b2">
         <name>.text:CmdLineProcess</name>
         <load_address>0x35ac</load_address>
         <run_address>0x35ac</run_address>
         <size>0x60</size>
         <input_file_ref idref="fl-b"/>
      </object_component>
      <object_component id="oc-515">
         <name>.text:MPU9150DataRead</name>
         <load_address>0x360c</load_address>
         <run_address>0x360c</run_address>
         <size>0x60</size>
         <input_file_ref idref="fl-164"/>
      </object_component>
      <object_component id="oc-48c">
         <name>.text:prvInitialiseTaskLists</name>
         <load_address>0x366c</load_address>
         <run_address>0x366c</run_address>
         <size>0x60</size>
         <input_file_ref idref="fl-14"/>
      </object_component>
      <object_component id="oc-7b4">
         <name>.text:prvSwitchTimerLists</name>
         <load_address>0x36cc</load_address>
         <run_address>0x36cc</run_address>
         <size>0x60</size>
         <input_file_ref idref="fl-15"/>
      </object_component>
      <object_component id="oc-22d">
         <name>.text:I2CMStateWritePause</name>
         <load_address>0x372c</load_address>
         <run_address>0x372c</run_address>
         <size>0x5e</size>
         <input_file_ref idref="fl-163"/>
      </object_component>
      <object_component id="oc-95">
         <name>.text</name>
         <load_address>0x378a</load_address>
         <run_address>0x378a</run_address>
         <size>0x5e</size>
         <input_file_ref idref="fl-14b"/>
      </object_component>
      <object_component id="oc-4a0">
         <name>.text:vTaskDelayUntil</name>
         <load_address>0x37e8</load_address>
         <run_address>0x37e8</run_address>
         <size>0x5c</size>
         <input_file_ref idref="fl-14"/>
      </object_component>
      <object_component id="oc-293">
         <name>.text:vTaskStartScheduler</name>
         <load_address>0x3844</load_address>
         <run_address>0x3844</run_address>
         <size>0x5c</size>
         <input_file_ref idref="fl-14"/>
      </object_component>
      <object_component id="oc-395">
         <name>.text:GPSTask</name>
         <load_address>0x38a0</load_address>
         <run_address>0x38a0</run_address>
         <size>0x58</size>
         <input_file_ref idref="fl-2"/>
      </object_component>
      <object_component id="oc-57c">
         <name>.text:prvCheckTasksWaitingTermination</name>
         <load_address>0x38f8</load_address>
         <run_address>0x38f8</run_address>
         <size>0x58</size>
         <input_file_ref idref="fl-14"/>
      </object_component>
      <object_component id="oc-641">
         <name>.text:VectorCrossProduct</name>
         <load_address>0x3950</load_address>
         <run_address>0x3950</run_address>
         <size>0x56</size>
         <input_file_ref idref="fl-165"/>
      </object_component>
      <object_component id="oc-11b">
         <name>.text:xQueueGenericSendFromISR</name>
         <load_address>0x39a6</load_address>
         <run_address>0x39a6</run_address>
         <size>0x56</size>
         <input_file_ref idref="fl-13"/>
      </object_component>
      <object_component id="oc-635">
         <name>.text:I2CMWrite8</name>
         <load_address>0x39fc</load_address>
         <run_address>0x39fc</run_address>
         <size>0x54</size>
         <input_file_ref idref="fl-163"/>
      </object_component>
      <object_component id="oc-4ac">
         <name>.text:UARTgets</name>
         <load_address>0x3a50</load_address>
         <run_address>0x3a50</run_address>
         <size>0x54</size>
         <input_file_ref idref="fl-10"/>
      </object_component>
      <object_component id="oc-4cd">
         <name>.text:gpsUARTgets</name>
         <load_address>0x3aa4</load_address>
         <run_address>0x3aa4</run_address>
         <size>0x54</size>
         <input_file_ref idref="fl-5"/>
      </object_component>
      <object_component id="oc-44e">
         <name>.text:xTaskCheckForTimeOut</name>
         <load_address>0x3af8</load_address>
         <run_address>0x3af8</run_address>
         <size>0x54</size>
         <input_file_ref idref="fl-14"/>
      </object_component>
      <object_component id="oc-233">
         <name>.text:I2CMStateWriteFinal</name>
         <load_address>0x3b4c</load_address>
         <run_address>0x3b4c</run_address>
         <size>0x50</size>
         <input_file_ref idref="fl-163"/>
      </object_component>
      <object_component id="oc-39d">
         <name>.text:SysCtlPeripheralReset</name>
         <load_address>0x3b9c</load_address>
         <run_address>0x3b9c</run_address>
         <size>0x50</size>
         <input_file_ref idref="fl-15e"/>
      </object_component>
      <object_component id="oc-480">
         <name>.text:prvInitialiseTCBVariables</name>
         <load_address>0x3bec</load_address>
         <run_address>0x3bec</run_address>
         <size>0x50</size>
         <input_file_ref idref="fl-14"/>
      </object_component>
      <object_component id="oc-362">
         <name>.text:pvPortMalloc</name>
         <load_address>0x3c3c</load_address>
         <run_address>0x3c3c</run_address>
         <size>0x50</size>
         <input_file_ref idref="fl-16"/>
      </object_component>
      <object_component id="oc-257">
         <name>.text:ButtonsInit</name>
         <load_address>0x3c8c</load_address>
         <run_address>0x3c8c</run_address>
         <size>0x4c</size>
         <input_file_ref idref="fl-19"/>
      </object_component>
      <object_component id="oc-5a5">
         <name>.text:prvAddCurrentTaskToDelayedList</name>
         <load_address>0x3cd8</load_address>
         <run_address>0x3cd8</run_address>
         <size>0x4c</size>
         <input_file_ref idref="fl-14"/>
      </object_component>
      <object_component id="oc-55f">
         <name>.text:prvCheckForValidListAndQueue</name>
         <load_address>0x3d24</load_address>
         <run_address>0x3d24</run_address>
         <size>0x4c</size>
         <input_file_ref idref="fl-15"/>
      </object_component>
      <object_component id="oc-6ad">
         <name>.text:prvProcessTimerOrBlockTask</name>
         <load_address>0x3d70</load_address>
         <run_address>0x3d70</run_address>
         <size>0x4c</size>
         <input_file_ref idref="fl-15"/>
      </object_component>
      <object_component id="oc-26f">
         <name>.text:xQueueCreateMutex</name>
         <load_address>0x3dbc</load_address>
         <run_address>0x3dbc</run_address>
         <size>0x4c</size>
         <input_file_ref idref="fl-13"/>
      </object_component>
      <object_component id="oc-3af">
         <name>.text:xQueueGenericCreate</name>
         <load_address>0x3e08</load_address>
         <run_address>0x3e08</run_address>
         <size>0x4c</size>
         <input_file_ref idref="fl-13"/>
      </object_component>
      <object_component id="oc-21b">
         <name>.text:I2CMStateReadNext</name>
         <load_address>0x3e54</load_address>
         <run_address>0x3e54</run_address>
         <size>0x4a</size>
         <input_file_ref idref="fl-163"/>
      </object_component>
      <object_component id="oc-66a">
         <name>.text</name>
         <load_address>0x3e9e</load_address>
         <run_address>0x3e9e</run_address>
         <size>0x4a</size>
         <input_file_ref idref="fl-16a"/>
      </object_component>
      <object_component id="oc-239">
         <name>.text:I2CMStateWriteNext</name>
         <load_address>0x3ee8</load_address>
         <run_address>0x3ee8</run_address>
         <size>0x48</size>
         <input_file_ref idref="fl-163"/>
      </object_component>
      <object_component id="oc-34a">
         <name>.text:I2CMasterInitExpClk</name>
         <load_address>0x3f30</load_address>
         <run_address>0x3f30</run_address>
         <size>0x48</size>
         <input_file_ref idref="fl-176"/>
      </object_component>
      <object_component id="oc-31d">
         <name>.text:_SysCtlFrequencyGet</name>
         <load_address>0x3f78</load_address>
         <run_address>0x3f78</run_address>
         <size>0x48</size>
         <input_file_ref idref="fl-15e"/>
      </object_component>
      <object_component id="oc-76b">
         <name>.text:prvProcessExpiredTimer</name>
         <load_address>0x3fc0</load_address>
         <run_address>0x3fc0</run_address>
         <size>0x48</size>
         <input_file_ref idref="fl-15"/>
      </object_component>
      <object_component id="oc-11">
         <name>.text</name>
         <load_address>0x4008</load_address>
         <run_address>0x4008</run_address>
         <size>0x48</size>
         <input_file_ref idref="fl-149"/>
      </object_component>
      <object_component id="oc-2d9">
         <name>.text:vTaskPriorityDisinherit</name>
         <load_address>0x4050</load_address>
         <run_address>0x4050</run_address>
         <size>0x48</size>
         <input_file_ref idref="fl-14"/>
      </object_component>
      <object_component id="oc-4f7">
         <name>.text:CompDCMInit</name>
         <load_address>0x4098</load_address>
         <run_address>0x4098</run_address>
         <size>0x44</size>
         <input_file_ref idref="fl-162"/>
      </object_component>
      <object_component id="oc-203">
         <name>.text:I2CMStateCallback</name>
         <load_address>0x40dc</load_address>
         <run_address>0x40dc</run_address>
         <size>0x44</size>
         <input_file_ref idref="fl-163"/>
      </object_component>
      <object_component id="oc-4a6">
         <name>.text:UARTPeek</name>
         <load_address>0x4120</load_address>
         <run_address>0x4120</run_address>
         <size>0x44</size>
         <input_file_ref idref="fl-10"/>
      </object_component>
      <object_component id="oc-4c7">
         <name>.text:gpsUARTPeek</name>
         <load_address>0x4164</load_address>
         <run_address>0x4164</run_address>
         <size>0x44</size>
         <input_file_ref idref="fl-5"/>
      </object_component>
      <object_component id="oc-772">
         <name>.text:prvInsertTimerInActiveList</name>
         <load_address>0x41a8</load_address>
         <run_address>0x41a8</run_address>
         <size>0x44</size>
         <input_file_ref idref="fl-15"/>
      </object_component>
      <object_component id="oc-13c">
         <name>.text</name>
         <load_address>0x41ec</load_address>
         <run_address>0x41ec</run_address>
         <size>0x44</size>
         <input_file_ref idref="fl-158"/>
      </object_component>
      <object_component id="oc-78">
         <name>.text</name>
         <load_address>0x4230</load_address>
         <run_address>0x4230</run_address>
         <size>0x44</size>
         <input_file_ref idref="fl-14d"/>
      </object_component>
      <object_component id="oc-460">
         <name>.text:vTaskPlaceOnEventList</name>
         <load_address>0x4274</load_address>
         <run_address>0x4274</run_address>
         <size>0x44</size>
         <input_file_ref idref="fl-14"/>
      </object_component>
      <object_component id="oc-3d6">
         <name>.text:xTimerCreateTimerTask</name>
         <load_address>0x42b8</load_address>
         <run_address>0x42b8</run_address>
         <size>0x44</size>
         <input_file_ref idref="fl-15"/>
      </object_component>
      <object_component id="oc-533">
         <name>.text:CompDCMComputeEulers</name>
         <load_address>0x42fc</load_address>
         <run_address>0x42fc</run_address>
         <size>0x42</size>
         <input_file_ref idref="fl-162"/>
      </object_component>
      <object_component id="oc-215">
         <name>.text:I2CMStateReadFinal</name>
         <load_address>0x433e</load_address>
         <run_address>0x433e</run_address>
         <size>0x40</size>
         <input_file_ref idref="fl-163"/>
      </object_component>
      <object_component id="oc-5e">
         <name>.text:IntHandlerGPIOPortM</name>
         <load_address>0x4380</load_address>
         <run_address>0x4380</run_address>
         <size>0x40</size>
         <input_file_ref idref="fl-4"/>
      </object_component>
      <object_component id="oc-7e5">
         <name>.text</name>
         <load_address>0x43c0</load_address>
         <run_address>0x43c0</run_address>
         <size>0x40</size>
         <input_file_ref idref="fl-175"/>
      </object_component>
      <object_component id="oc-559">
         <name>.text</name>
         <load_address>0x4400</load_address>
         <run_address>0x4400</run_address>
         <size>0x40</size>
         <input_file_ref idref="fl-154"/>
      </object_component>
      <object_component id="oc-3dc">
         <name>.text:xPortStartScheduler</name>
         <load_address>0x4440</load_address>
         <run_address>0x4440</run_address>
         <size>0x40</size>
         <input_file_ref idref="fl-17"/>
      </object_component>
      <object_component id="oc-778">
         <name>.text:xTimerGenericCommand</name>
         <load_address>0x4480</load_address>
         <run_address>0x4480</run_address>
         <size>0x40</size>
         <input_file_ref idref="fl-15"/>
      </object_component>
      <object_component id="oc-20f">
         <name>.text:I2CMStateReadPause</name>
         <load_address>0x44c0</load_address>
         <run_address>0x44c0</run_address>
         <size>0x3e</size>
         <input_file_ref idref="fl-163"/>
      </object_component>
      <object_component id="oc-5b6">
         <name>.text:UARTFlushTx</name>
         <load_address>0x4500</load_address>
         <run_address>0x4500</run_address>
         <size>0x3c</size>
         <input_file_ref idref="fl-10"/>
      </object_component>
      <object_component id="oc-60c">
         <name>.text:gpsUARTFlushTx</name>
         <load_address>0x453c</load_address>
         <run_address>0x453c</run_address>
         <size>0x3c</size>
         <input_file_ref idref="fl-5"/>
      </object_component>
      <object_component id="oc-765">
         <name>.text:vQueueWaitForMessageRestricted</name>
         <load_address>0x4578</load_address>
         <run_address>0x4578</run_address>
         <size>0x3c</size>
         <input_file_ref idref="fl-13"/>
      </object_component>
      <object_component id="oc-729">
         <name>.text:I2CMWrite8Callback</name>
         <load_address>0x45b4</load_address>
         <run_address>0x45b4</run_address>
         <size>0x3a</size>
         <input_file_ref idref="fl-163"/>
      </object_component>
      <object_component id="oc-3a3">
         <name>.text:SysCtlPeripheralReady</name>
         <load_address>0x45f0</load_address>
         <run_address>0x45f0</run_address>
         <size>0x38</size>
         <input_file_ref idref="fl-15e"/>
      </object_component>
      <object_component id="oc-660">
         <name>.text</name>
         <load_address>0x4628</load_address>
         <run_address>0x4628</run_address>
         <size>0x38</size>
         <input_file_ref idref="fl-16b"/>
      </object_component>
      <object_component id="oc-59f">
         <name>.text:vListInsert</name>
         <load_address>0x4660</load_address>
         <run_address>0x4660</run_address>
         <size>0x38</size>
         <input_file_ref idref="fl-12"/>
      </object_component>
      <object_component id="oc-47a">
         <name>.text:prvAllocateTCBAndStack</name>
         <load_address>0x4698</load_address>
         <run_address>0x4698</run_address>
         <size>0x36</size>
         <input_file_ref idref="fl-14"/>
      </object_component>
      <object_component id="oc-6ee">
         <name>.text:Cmd_clear</name>
         <load_address>0x46d0</load_address>
         <run_address>0x46d0</run_address>
         <size>0x34</size>
         <input_file_ref idref="fl-3"/>
      </object_component>
      <object_component id="oc-263">
         <name>.text:I2CMInit</name>
         <load_address>0x4704</load_address>
         <run_address>0x4704</run_address>
         <size>0x34</size>
         <input_file_ref idref="fl-163"/>
      </object_component>
      <object_component id="oc-797">
         <name>.text</name>
         <load_address>0x4738</load_address>
         <run_address>0x4738</run_address>
         <size>0x34</size>
         <input_file_ref idref="fl-173"/>
      </object_component>
      <object_component id="oc-748">
         <name>.text</name>
         <load_address>0x476c</load_address>
         <run_address>0x476c</run_address>
         <size>0x34</size>
         <input_file_ref idref="fl-16f"/>
      </object_component>
      <object_component id="oc-670">
         <name>.text:VectorAdd</name>
         <load_address>0x47a0</load_address>
         <run_address>0x47a0</run_address>
         <size>0x32</size>
         <input_file_ref idref="fl-165"/>
      </object_component>
      <object_component id="oc-78e">
         <name>.text:I2CMTransferResume</name>
         <load_address>0x47d2</load_address>
         <run_address>0x47d2</run_address>
         <size>0x30</size>
         <input_file_ref idref="fl-163"/>
      </object_component>
      <object_component id="oc-735">
         <name>.text</name>
         <load_address>0x4804</load_address>
         <run_address>0x4804</run_address>
         <size>0x30</size>
         <input_file_ref idref="fl-170"/>
      </object_component>
      <object_component id="oc-7ce">
         <name>.text</name>
         <load_address>0x4834</load_address>
         <run_address>0x4834</run_address>
         <size>0x2e</size>
         <input_file_ref idref="fl-174"/>
      </object_component>
      <object_component id="oc-545">
         <name>.text:CompDCMAppCallback</name>
         <load_address>0x4864</load_address>
         <run_address>0x4864</run_address>
         <size>0x2c</size>
         <input_file_ref idref="fl-4"/>
      </object_component>
      <object_component id="oc-5b0">
         <name>.text:UARTFlushRx</name>
         <load_address>0x4890</load_address>
         <run_address>0x4890</run_address>
         <size>0x2c</size>
         <input_file_ref idref="fl-10"/>
      </object_component>
      <object_component id="oc-606">
         <name>.text:gpsUARTFlushRx</name>
         <load_address>0x48bc</load_address>
         <run_address>0x48bc</run_address>
         <size>0x2c</size>
         <input_file_ref idref="fl-5"/>
      </object_component>
      <object_component id="oc-7ba">
         <name>.text:vTaskPlaceOnEventListRestricted</name>
         <load_address>0x48e8</load_address>
         <run_address>0x48e8</run_address>
         <size>0x2c</size>
         <input_file_ref idref="fl-14"/>
      </object_component>
      <object_component id="oc-343">
         <name>.text:GPIODirModeSet</name>
         <load_address>0x4914</load_address>
         <run_address>0x4914</run_address>
         <size>0x2a</size>
         <input_file_ref idref="fl-15b"/>
      </object_component>
      <object_component id="oc-221">
         <name>.text:I2CMStateReadFirst</name>
         <load_address>0x493e</load_address>
         <run_address>0x493e</run_address>
         <size>0x2a</size>
         <input_file_ref idref="fl-163"/>
      </object_component>
      <object_component id="oc-52">
         <name>.text:Timer0IntHandler</name>
         <load_address>0x4968</load_address>
         <run_address>0x4968</run_address>
         <size>0x28</size>
         <input_file_ref idref="fl-6"/>
      </object_component>
      <object_component id="oc-763">
         <name>.text:prvSampleTimeNow</name>
         <load_address>0x4990</load_address>
         <run_address>0x4990</run_address>
         <size>0x28</size>
         <input_file_ref idref="fl-15"/>
      </object_component>
      <object_component id="oc-647">
         <name>.text:VectorDotProduct</name>
         <load_address>0x49b8</load_address>
         <run_address>0x49b8</run_address>
         <size>0x26</size>
         <input_file_ref idref="fl-165"/>
      </object_component>
      <object_component id="oc-653">
         <name>.text:VectorScale</name>
         <load_address>0x49de</load_address>
         <run_address>0x49de</run_address>
         <size>0x26</size>
         <input_file_ref idref="fl-165"/>
      </object_component>
      <object_component id="oc-269">
         <name>.text:IntPrioritySet</name>
         <load_address>0x4a04</load_address>
         <run_address>0x4a04</run_address>
         <size>0x24</size>
         <input_file_ref idref="fl-15c"/>
      </object_component>
      <object_component id="oc-5f9">
         <name>.text:prvCopyDataFromQueue</name>
         <load_address>0x4a28</load_address>
         <run_address>0x4a28</run_address>
         <size>0x24</size>
         <input_file_ref idref="fl-13"/>
      </object_component>
      <object_component id="oc-64d">
         <name>.text</name>
         <load_address>0x4a4c</load_address>
         <run_address>0x4a4c</run_address>
         <size>0x24</size>
         <input_file_ref idref="fl-16c"/>
      </object_component>
      <object_component id="oc-486">
         <name>.text:pxPortInitialiseStack</name>
         <load_address>0x4a70</load_address>
         <run_address>0x4a70</run_address>
         <size>0x22</size>
         <input_file_ref idref="fl-17"/>
      </object_component>
      <object_component id="oc-170">
         <name>.text</name>
         <load_address>0x4a92</load_address>
         <run_address>0x4a92</run_address>
         <size>0x22</size>
         <input_file_ref idref="fl-14e"/>
      </object_component>
      <object_component id="oc-17c">
         <name>.text:uxListRemove</name>
         <load_address>0x4ab4</load_address>
         <run_address>0x4ab4</run_address>
         <size>0x22</size>
         <input_file_ref idref="fl-12"/>
      </object_component>
      <object_component id="oc-227">
         <name>.text:I2CMStateReadOne</name>
         <load_address>0x4ad6</load_address>
         <run_address>0x4ad6</run_address>
         <size>0x20</size>
         <input_file_ref idref="fl-163"/>
      </object_component>
      <object_component id="oc-6a7">
         <name>.text:prvGetNextExpireTime</name>
         <load_address>0x4af8</load_address>
         <run_address>0x4af8</run_address>
         <size>0x20</size>
         <input_file_ref idref="fl-15"/>
      </object_component>
      <object_component id="oc-7c6">
         <name>.text:xTaskGetSchedulerState</name>
         <load_address>0x4b18</load_address>
         <run_address>0x4b18</run_address>
         <size>0x20</size>
         <input_file_ref idref="fl-14"/>
      </object_component>
      <object_component id="oc-317">
         <name>.text:_SysCtlMemTimingGet</name>
         <load_address>0x4b38</load_address>
         <run_address>0x4b38</run_address>
         <size>0x1c</size>
         <input_file_ref idref="fl-15e"/>
      </object_component>
      <object_component id="oc-45a">
         <name>.text:prvIsQueueFull</name>
         <load_address>0x4b54</load_address>
         <run_address>0x4b54</run_address>
         <size>0x1c</size>
         <input_file_ref idref="fl-13"/>
      </object_component>
      <object_component id="oc-46">
         <name>.text:xPortSysTickHandler</name>
         <load_address>0x4b70</load_address>
         <run_address>0x4b70</run_address>
         <size>0x1c</size>
         <input_file_ref idref="fl-17"/>
      </object_component>
      <object_component id="oc-209">
         <name>.text:I2CMStateReadWait</name>
         <load_address>0x4b8c</load_address>
         <run_address>0x4b8c</run_address>
         <size>0x1a</size>
         <input_file_ref idref="fl-163"/>
      </object_component>
      <object_component id="oc-28d">
         <name>.text:UARTprintf</name>
         <load_address>0x4ba6</load_address>
         <run_address>0x4ba6</run_address>
         <size>0x1a</size>
         <input_file_ref idref="fl-10"/>
      </object_component>
      <object_component id="oc-5ed">
         <name>.text:prvIsQueueEmpty</name>
         <load_address>0x4bc0</load_address>
         <run_address>0x4bc0</run_address>
         <size>0x1a</size>
         <input_file_ref idref="fl-13"/>
      </object_component>
      <object_component id="oc-c9">
         <name>.text:IsBufferFull</name>
         <load_address>0x4bda</load_address>
         <run_address>0x4bda</run_address>
         <size>0x18</size>
         <input_file_ref idref="fl-10"/>
      </object_component>
      <object_component id="oc-ff">
         <name>.text:gpsIsBufferFull</name>
         <load_address>0x4bf2</load_address>
         <run_address>0x4bf2</run_address>
         <size>0x18</size>
         <input_file_ref idref="fl-5"/>
      </object_component>
      <object_component id="oc-72">
         <name>.text</name>
         <load_address>0x4c0c</load_address>
         <run_address>0x4c0c</run_address>
         <size>0x18</size>
         <input_file_ref idref="fl-156"/>
      </object_component>
      <object_component id="oc-5df">
         <name>.text</name>
         <load_address>0x4c24</load_address>
         <run_address>0x4c24</run_address>
         <size>0x18</size>
         <input_file_ref idref="fl-152"/>
      </object_component>
      <object_component id="oc-182">
         <name>.text:vListInsertEnd</name>
         <load_address>0x4c3c</load_address>
         <run_address>0x4c3c</run_address>
         <size>0x18</size>
         <input_file_ref idref="fl-12"/>
      </object_component>
      <object_component id="oc-43c">
         <name>.text:vTaskSetTimeOutState</name>
         <load_address>0x4c54</load_address>
         <run_address>0x4c54</run_address>
         <size>0x18</size>
         <input_file_ref idref="fl-14"/>
      </object_component>
      <object_component id="oc-49a">
         <name>.text:xTaskGetTickCount</name>
         <load_address>0x4c6c</load_address>
         <run_address>0x4c6c</run_address>
         <size>0x18</size>
         <input_file_ref idref="fl-14"/>
      </object_component>
      <object_component id="oc-368">
         <name>.text:vListInitialise</name>
         <load_address>0x4c84</load_address>
         <run_address>0x4c84</run_address>
         <size>0x16</size>
         <input_file_ref idref="fl-12"/>
      </object_component>
      <object_component id="oc-5d7">
         <name>.text:GetBufferCount</name>
         <load_address>0x4c9a</load_address>
         <run_address>0x4c9a</run_address>
         <size>0x14</size>
         <input_file_ref idref="fl-10"/>
      </object_component>
      <object_component id="oc-614">
         <name>.text:gpsGetBufferCount</name>
         <load_address>0x4cae</load_address>
         <run_address>0x4cae</run_address>
         <size>0x14</size>
         <input_file_ref idref="fl-5"/>
      </object_component>
      <object_component id="oc-572">
         <name>.text:prvSetupTimerInterrupt</name>
         <load_address>0x4cc4</load_address>
         <run_address>0x4cc4</run_address>
         <size>0x14</size>
         <input_file_ref idref="fl-17"/>
      </object_component>
      <object_component id="oc-565">
         <name>.text:prvTimerTask</name>
         <load_address>0x4cd8</load_address>
         <run_address>0x4cd8</run_address>
         <size>0x14</size>
         <input_file_ref idref="fl-15"/>
      </object_component>
      <object_component id="oc-2a4">
         <name>.text</name>
         <load_address>0x4cec</load_address>
         <run_address>0x4cec</run_address>
         <size>0x14</size>
         <input_file_ref idref="fl-155"/>
      </object_component>
      <object_component id="oc-448">
         <name>.text:vPortEnterCritical</name>
         <load_address>0x4d00</load_address>
         <run_address>0x4d00</run_address>
         <size>0x14</size>
         <input_file_ref idref="fl-17"/>
      </object_component>
      <object_component id="oc-442">
         <name>.text:vPortExitCritical</name>
         <load_address>0x4d14</load_address>
         <run_address>0x4d14</run_address>
         <size>0x14</size>
         <input_file_ref idref="fl-17"/>
      </object_component>
      <object_component id="oc-334">
         <name>.text:GPIOPinTypeEthernetLED</name>
         <load_address>0x4d28</load_address>
         <run_address>0x4d28</run_address>
         <size>0x12</size>
         <input_file_ref idref="fl-15b"/>
      </object_component>
      <object_component id="oc-25d">
         <name>.text:GPIOPinTypeI2CSCL</name>
         <load_address>0x4d3a</load_address>
         <run_address>0x4d3a</run_address>
         <size>0x12</size>
         <input_file_ref idref="fl-15b"/>
      </object_component>
      <object_component id="oc-1c">
         <name>.text:decompress:ZI</name>
         <load_address>0x4d4c</load_address>
         <run_address>0x4d4c</run_address>
         <size>0x12</size>
         <input_file_ref idref="fl-14c"/>
      </object_component>
      <object_component id="oc-6c1">
         <name>.text:prvDeleteTCB</name>
         <load_address>0x4d5e</load_address>
         <run_address>0x4d5e</run_address>
         <size>0x12</size>
         <input_file_ref idref="fl-14"/>
      </object_component>
      <object_component id="oc-e7">
         <name>.text:gpsUARTEchoSet</name>
         <load_address>0x4d70</load_address>
         <run_address>0x4d70</run_address>
         <size>0x10</size>
         <input_file_ref idref="fl-5"/>
      </object_component>
      <object_component id="oc-466">
         <name>.text:vPortYield</name>
         <load_address>0x4d80</load_address>
         <run_address>0x4d80</run_address>
         <size>0x10</size>
         <input_file_ref idref="fl-17"/>
      </object_component>
      <object_component id="oc-121">
         <name>.text:vPortYieldFromISR</name>
         <load_address>0x4d90</load_address>
         <run_address>0x4d90</run_address>
         <size>0x10</size>
         <input_file_ref idref="fl-17"/>
      </object_component>
      <object_component id="oc-427">
         <name>.text:vTaskSuspendAll</name>
         <load_address>0x4da0</load_address>
         <run_address>0x4da0</run_address>
         <size>0x10</size>
         <input_file_ref idref="fl-14"/>
      </object_component>
      <object_component id="oc-503">
         <name>.text:CompDCMAccelUpdate</name>
         <load_address>0x4db0</load_address>
         <run_address>0x4db0</run_address>
         <size>0xe</size>
         <input_file_ref idref="fl-162"/>
      </object_component>
      <object_component id="oc-509">
         <name>.text:CompDCMGyroUpdate</name>
         <load_address>0x4dbe</load_address>
         <run_address>0x4dbe</run_address>
         <size>0xe</size>
         <input_file_ref idref="fl-162"/>
      </object_component>
      <object_component id="oc-4fd">
         <name>.text:CompDCMMagnetoUpdate</name>
         <load_address>0x4dcc</load_address>
         <run_address>0x4dcc</run_address>
         <size>0xe</size>
         <input_file_ref idref="fl-162"/>
      </object_component>
      <object_component id="oc-10f">
         <name>.text:GPIOIntStatus</name>
         <load_address>0x4dda</load_address>
         <run_address>0x4dda</run_address>
         <size>0xe</size>
         <input_file_ref idref="fl-15b"/>
      </object_component>
      <object_component id="oc-bd">
         <name>.text:IsBufferEmpty</name>
         <load_address>0x4de8</load_address>
         <run_address>0x4de8</run_address>
         <size>0xe</size>
         <input_file_ref idref="fl-10"/>
      </object_component>
      <object_component id="oc-3c2">
         <name>.text:TimerEnable</name>
         <load_address>0x4df6</load_address>
         <run_address>0x4df6</run_address>
         <size>0xe</size>
         <input_file_ref idref="fl-15f"/>
      </object_component>
      <object_component id="oc-16">
         <name>.text:decompress:none</name>
         <load_address>0x4e04</load_address>
         <run_address>0x4e04</run_address>
         <size>0xe</size>
         <input_file_ref idref="fl-14a"/>
      </object_component>
      <object_component id="oc-f3">
         <name>.text:gpsIsBufferEmpty</name>
         <load_address>0x4e12</load_address>
         <run_address>0x4e12</run_address>
         <size>0xe</size>
         <input_file_ref idref="fl-5"/>
      </object_component>
      <object_component id="oc-67b">
         <name>.text</name>
         <load_address>0x4e20</load_address>
         <run_address>0x4e20</run_address>
         <size>0xe</size>
         <input_file_ref idref="fl-16e"/>
      </object_component>
      <object_component id="oc-3a9">
         <name>.text:GPIOIntEnable</name>
         <load_address>0x4e2e</load_address>
         <run_address>0x4e2e</run_address>
         <size>0xc</size>
         <input_file_ref idref="fl-15b"/>
      </object_component>
      <object_component id="oc-71d">
         <name>.text:IntTrigger</name>
         <load_address>0x4e3c</load_address>
         <run_address>0x4e3c</run_address>
         <size>0xc</size>
         <input_file_ref idref="fl-15c"/>
      </object_component>
      <object_component id="oc-64">
         <name>.text:SensHubI2CIntHandler</name>
         <load_address>0x4e48</load_address>
         <run_address>0x4e48</run_address>
         <size>0xc</size>
         <input_file_ref idref="fl-6"/>
      </object_component>
      <object_component id="oc-597">
         <name>.text:vTaskMissedYield</name>
         <load_address>0x4e54</load_address>
         <run_address>0x4e54</run_address>
         <size>0xc</size>
         <input_file_ref idref="fl-14"/>
      </object_component>
      <object_component id="oc-5ff">
         <name>.text:xTaskGetCurrentTaskHandle</name>
         <load_address>0x4e60</load_address>
         <run_address>0x4e60</run_address>
         <size>0xc</size>
         <input_file_ref idref="fl-14"/>
      </object_component>
      <object_component id="oc-417">
         <name>.text:I2CMasterEnable</name>
         <load_address>0x4e6c</load_address>
         <run_address>0x4e6c</run_address>
         <size>0xa</size>
         <input_file_ref idref="fl-176"/>
      </object_component>
      <object_component id="oc-1f7">
         <name>.text:I2CMasterIntClear</name>
         <load_address>0x4e76</load_address>
         <run_address>0x4e76</run_address>
         <size>0x8</size>
         <input_file_ref idref="fl-176"/>
      </object_component>
      <object_component id="oc-356">
         <name>.text:I2CMasterIntEnableEx</name>
         <load_address>0x4e7e</load_address>
         <run_address>0x4e7e</run_address>
         <size>0x8</size>
         <input_file_ref idref="fl-176"/>
      </object_component>
      <object_component id="oc-2fc">
         <name>.text:I2CMasterSlaveAddrSet</name>
         <load_address>0x4e86</load_address>
         <run_address>0x4e86</run_address>
         <size>0x8</size>
         <input_file_ref idref="fl-176"/>
      </object_component>
      <object_component id="oc-3e2">
         <name>.text:prvIdleTask</name>
         <load_address>0x4e8e</load_address>
         <run_address>0x4e8e</run_address>
         <size>0x8</size>
         <input_file_ref idref="fl-14"/>
      </object_component>
      <object_component id="oc-115">
         <name>.text:GPIOIntClear</name>
         <load_address>0x4e96</load_address>
         <run_address>0x4e96</run_address>
         <size>0x6</size>
         <input_file_ref idref="fl-15b"/>
      </object_component>
      <object_component id="oc-29">
         <name>.text:ResetISR</name>
         <load_address>0x4e9c</load_address>
         <run_address>0x4e9c</run_address>
         <size>0x6</size>
         <input_file_ref idref="fl-8"/>
      </object_component>
      <object_component id="oc-46d">
         <name>.text:UARTClockSourceSet</name>
         <load_address>0x4ea2</load_address>
         <run_address>0x4ea2</run_address>
         <size>0x6</size>
         <input_file_ref idref="fl-160"/>
      </object_component>
      <object_component id="oc-22">
         <name>.text:decompress:rle24</name>
         <load_address>0x4ea8</load_address>
         <run_address>0x4ea8</run_address>
         <size>0x6</size>
         <input_file_ref idref="fl-14b"/>
      </object_component>
      <object_component id="oc-5c4">
         <name>.text:vListInitialiseItem</name>
         <load_address>0x4eae</load_address>
         <run_address>0x4eae</run_address>
         <size>0x6</size>
         <input_file_ref idref="fl-12"/>
      </object_component>
      <object_component id="oc-6e8">
         <name>.text:Cmd_activate</name>
         <load_address>0x4eb4</load_address>
         <run_address>0x4eb4</run_address>
         <size>0x4</size>
         <input_file_ref idref="fl-3"/>
      </object_component>
      <object_component id="oc-6fa">
         <name>.text:Cmd_connect</name>
         <load_address>0x4eb8</load_address>
         <run_address>0x4eb8</run_address>
         <size>0x4</size>
         <input_file_ref idref="fl-3"/>
      </object_component>
      <object_component id="oc-6f4">
         <name>.text:Cmd_proxy</name>
         <load_address>0x4ebc</load_address>
         <run_address>0x4ebc</run_address>
         <size>0x4</size>
         <input_file_ref idref="fl-3"/>
      </object_component>
      <object_component id="oc-6e2">
         <name>.text:Cmd_stats</name>
         <load_address>0x4ec0</load_address>
         <run_address>0x4ec0</run_address>
         <size>0x4</size>
         <input_file_ref idref="fl-3"/>
      </object_component>
      <object_component id="oc-700">
         <name>.text:Cmd_sync</name>
         <load_address>0x4ec4</load_address>
         <run_address>0x4ec4</run_address>
         <size>0x4</size>
         <input_file_ref idref="fl-3"/>
      </object_component>
      <object_component id="oc-1fd">
         <name>.text:I2CMasterControl</name>
         <load_address>0x4ec8</load_address>
         <run_address>0x4ec8</run_address>
         <size>0x4</size>
         <input_file_ref idref="fl-176"/>
      </object_component>
      <object_component id="oc-2f2">
         <name>.text:I2CMasterDataGet</name>
         <load_address>0x4ecc</load_address>
         <run_address>0x4ecc</run_address>
         <size>0x4</size>
         <input_file_ref idref="fl-176"/>
      </object_component>
      <object_component id="oc-304">
         <name>.text:I2CMasterDataPut</name>
         <load_address>0x4ed0</load_address>
         <run_address>0x4ed0</run_address>
         <size>0x4</size>
         <input_file_ref idref="fl-176"/>
      </object_component>
      <object_component id="oc-6db">
         <name>.const:.string</name>
         <load_address>0x4ed4</load_address>
         <run_address>0x4ed4</run_address>
         <size>0x150</size>
         <input_file_ref idref="fl-3"/>
      </object_component>
      <object_component id="oc-326">
         <name>.const:g_pppui32XTALtoVCO</name>
         <load_address>0x5024</load_address>
         <run_address>0x5024</run_address>
         <size>0x120</size>
         <input_file_ref idref="fl-15e"/>
      </object_component>
      <object_component id="oc-35d">
         <name>.const:g_pui32Regs</name>
         <load_address>0x5144</load_address>
         <run_address>0x5144</run_address>
         <size>0x9c</size>
         <input_file_ref idref="fl-15c"/>
      </object_component>
      <object_component id="oc-41e">
         <name>.const</name>
         <load_address>0x51e0</load_address>
         <run_address>0x51e0</run_address>
         <size>0x70</size>
         <input_file_ref idref="fl-15c"/>
      </object_component>
      <object_component id="oc-323">
         <name>.const:g_pui32Xtals</name>
         <load_address>0x5250</load_address>
         <run_address>0x5250</run_address>
         <size>0x6c</size>
         <input_file_ref idref="fl-15e"/>
      </object_component>
      <object_component id="oc-1bf">
         <name>.const</name>
         <load_address>0x52bc</load_address>
         <run_address>0x52bc</run_address>
         <size>0x4c</size>
         <input_file_ref idref="fl-5"/>
      </object_component>
      <object_component id="oc-7ac">
         <name>.const</name>
         <load_address>0x5308</load_address>
         <run_address>0x5308</run_address>
         <size>0x34</size>
         <input_file_ref idref="fl-16d"/>
      </object_component>
      <object_component id="oc-3fb">
         <name>.const:g_sXTALtoMEMTIM</name>
         <load_address>0x533c</load_address>
         <run_address>0x533c</run_address>
         <size>0x30</size>
         <input_file_ref idref="fl-15e"/>
      </object_component>
      <object_component id="oc-191">
         <name>.const</name>
         <load_address>0x536c</load_address>
         <run_address>0x536c</run_address>
         <size>0x28</size>
         <input_file_ref idref="fl-10"/>
      </object_component>
      <object_component id="oc-65b">
         <name>.const</name>
         <load_address>0x5394</load_address>
         <run_address>0x5394</run_address>
         <size>0x20</size>
         <input_file_ref idref="fl-164"/>
      </object_component>
      <object_component id="oc-177">
         <name>.const:.string</name>
         <load_address>0x53b4</load_address>
         <run_address>0x53b4</run_address>
         <size>0x14</size>
         <input_file_ref idref="fl-14"/>
      </object_component>
      <object_component id="oc-2d2">
         <name>.const:.string</name>
         <load_address>0x53c8</load_address>
         <run_address>0x53c8</run_address>
         <size>0x12</size>
         <input_file_ref idref="fl-5"/>
      </object_component>
      <object_component id="oc-2cb">
         <name>.const:.string</name>
         <load_address>0x53dc</load_address>
         <run_address>0x53dc</run_address>
         <size>0x12</size>
         <input_file_ref idref="fl-10"/>
      </object_component>
      <object_component id="oc-329">
         <name>.const</name>
         <load_address>0x53f0</load_address>
         <run_address>0x53f0</run_address>
         <size>0x8</size>
         <input_file_ref idref="fl-15e"/>
      </object_component>
      <object_component id="oc-828">
         <name>.cinit..data.load</name>
         <load_address>0x53f8</load_address>
         <run_address>0x53f8</run_address>
         <size>0xb9</size>
      </object_component>
      <object_component id="oc-826">
         <name>__TI_handler_table</name>
         <load_address>0x54b4</load_address>
         <run_address>0x54b4</run_address>
         <size>0xc</size>
      </object_component>
      <object_component id="oc-829">
         <name>.cinit..bss.load</name>
         <load_address>0x54c0</load_address>
         <run_address>0x54c0</run_address>
         <size>0x8</size>
      </object_component>
      <object_component id="oc-827">
         <name>__TI_cinit_table</name>
         <load_address>0x54c8</load_address>
         <run_address>0x54c8</run_address>
         <size>0x10</size>
      </object_component>
      <object_component id="oc-7e">
         <name>.data</name>
         <load_address>0x20014f98</load_address>
         <run_address>0x20014f98</run_address>
         <size>0x4</size>
         <input_file_ref idref="fl-151"/>
      </object_component>
      <object_component id="oc-a6">
         <name>.data</name>
         <load_address>0x20014f00</load_address>
         <run_address>0x20014f00</run_address>
         <size>0x38</size>
         <input_file_ref idref="fl-14"/>
      </object_component>
      <object_component id="oc-cf">
         <name>.data</name>
         <load_address>0x20014f50</load_address>
         <run_address>0x20014f50</run_address>
         <size>0x15</size>
         <input_file_ref idref="fl-10"/>
      </object_component>
      <object_component id="oc-108">
         <name>.data</name>
         <load_address>0x20014f38</load_address>
         <run_address>0x20014f38</run_address>
         <size>0x15</size>
         <input_file_ref idref="fl-5"/>
      </object_component>
      <object_component id="oc-14b">
         <name>.data</name>
         <load_address>0x20014f70</load_address>
         <run_address>0x20014f70</run_address>
         <size>0x8</size>
         <input_file_ref idref="fl-155"/>
      </object_component>
      <object_component id="oc-14e">
         <name>.data</name>
         <load_address>0x20014f78</load_address>
         <run_address>0x20014f78</run_address>
         <size>0x8</size>
         <input_file_ref idref="fl-14d"/>
      </object_component>
      <object_component id="oc-33c">
         <name>.data</name>
         <load_address>0x20014f4d</load_address>
         <run_address>0x20014f4d</run_address>
         <size>0x3</size>
         <input_file_ref idref="fl-19"/>
      </object_component>
      <object_component id="oc-433">
         <name>.data</name>
         <load_address>0x20014f68</load_address>
         <run_address>0x20014f68</run_address>
         <size>0x8</size>
         <input_file_ref idref="fl-16"/>
      </object_component>
      <object_component id="oc-56b">
         <name>.data</name>
         <load_address>0x20014f88</load_address>
         <run_address>0x20014f88</run_address>
         <size>0x8</size>
         <input_file_ref idref="fl-15"/>
      </object_component>
      <object_component id="oc-578">
         <name>.data</name>
         <load_address>0x20014f90</load_address>
         <run_address>0x20014f90</run_address>
         <size>0x4</size>
         <input_file_ref idref="fl-17"/>
      </object_component>
      <object_component id="oc-5e8">
         <name>.data:g_psCmdTable</name>
         <load_address>0x20014e20</load_address>
         <run_address>0x20014e20</run_address>
         <size>0x78</size>
         <input_file_ref idref="fl-3"/>
      </object_component>
      <object_component id="oc-73b">
         <name>.data</name>
[...]
      <symbol id="sm-87c">
         <name>xPortSysTickHandler</name>
         <value>0x4b71</value>
         <object_component_ref idref="oc-46"/>
      </symbol>
      <symbol id="sm-87d">
         <name>vPortYieldFromISR</name>
         <value>0x4d91</value>
         <object_component_ref idref="oc-121"/>
      </symbol>
      <symbol id="sm-87e">
         <name>pxPortInitialiseStack</name>
         <value>0x4a71</value>
         <object_component_ref idref="oc-486"/>
      </symbol>
      <symbol id="sm-87f">
         <name>vPortExitCritical</name>
         <value>0x4d15</value>
         <object_component_ref idref="oc-442"/>
      </symbol>
      <symbol id="sm-880">
         <name>xPortStartScheduler</name>
         <value>0x4441</value>
         <object_component_ref idref="oc-3dc"/>
      </symbol>
      <symbol id="sm-881">
         <name>vPortEnterCritical</name>
         <value>0x4d01</value>
         <object_component_ref idref="oc-448"/>
      </symbol>
      <symbol id="sm-88c">
         <name>vPortStartFirstTask</name>
         <value>0x2845</value>
         <object_component_ref idref="oc-41"/>
      </symbol>
      <symbol id="sm-88d">
         <name>vPortEnableVFP</name>
         <value>0x2859</value>
         <object_component_ref idref="oc-41"/>
      </symbol>
      <symbol id="sm-88e">
         <name>xPortPendSVHandler</name>
         <value>0x27c9</value>
         <object_component_ref idref="oc-41"/>
      </symbol>
      <symbol id="sm-88f">
         <name>vPortClearInterruptMask</name>
         <value>0x2821</value>
         <object_component_ref idref="oc-41"/>
      </symbol>
      <symbol id="sm-890">
         <name>vPortSetInterruptMask</name>
         <value>0x2817</value>
         <object_component_ref idref="oc-41"/>
      </symbol>
      <symbol id="sm-891">
         <name>vPortSVCHandler</name>
         <value>0x282b</value>
         <object_component_ref idref="oc-41"/>
      </symbol>
      <symbol id="sm-8b2">
         <name>ButtonsInit</name>
         <value>0x3c8d</value>
         <object_component_ref idref="oc-257"/>
      </symbol>
      <symbol id="sm-8d0">
         <name>PinoutSet</name>
         <value>0x965</value>
         <object_component_ref idref="oc-251"/>
      </symbol>
      <symbol id="sm-8e0">
         <name>_c_int00</name>
         <value>0x4009</value>
         <object_component_ref idref="oc-11"/>
      </symbol>
      <symbol id="sm-8e1">
         <name>__stack</name>
         <value>0x20010d6c</value>
         <object_component_ref idref="oc-28"/>
      </symbol>
      <symbol id="sm-8f8">
         <name>__TI_decompress_none</name>
         <value>0x4e05</value>
         <object_component_ref idref="oc-16"/>
      </symbol>
      <symbol id="sm-91c">
         <name>__TI_decompress_rle24</name>
         <value>0x4ea9</value>
         <object_component_ref idref="oc-22"/>
      </symbol>
      <symbol id="sm-930">
         <name>__TI_zero_init</name>
         <value>0x4d4d</value>
         <object_component_ref idref="oc-1c"/>
      </symbol>
      <symbol id="sm-94f">
         <name>C$$EXIT</name>
         <value>0x4231</value>
         <object_component_ref idref="oc-78"/>
      </symbol>
      <symbol id="sm-950">
         <name>abort</name>
         <value>0x4235</value>
         <object_component_ref idref="oc-78"/>
      </symbol>
      <symbol id="sm-951">
         <name>exit</name>
         <value>0x423d</value>
         <object_component_ref idref="oc-78"/>
      </symbol>
      <symbol id="sm-952">
         <name>__TI_dtors_ptr</name>
         <value>0x20014f7c</value>
         <object_component_ref idref="oc-14e"/>
      </symbol>
      <symbol id="sm-953">
         <name>__TI_cleanup_ptr</name>
         <value>0x20014f78</value>
         <object_component_ref idref="oc-14e"/>
      </symbol>
      <symbol id="sm-963">
         <name>memcmp</name>
         <value>0x4a93</value>
         <object_component_ref idref="oc-170"/>
      </symbol>
      <symbol id="sm-97e">
         <name>memcpy</name>
         <value>0x29ad</value>
         <object_component_ref idref="oc-82"/>
      </symbol>
      <symbol id="sm-97f">
         <name>__aeabi_memcpy</name>
         <value>0x29ad</value>
         <object_component_ref idref="oc-82"/>
      </symbol>
      <symbol id="sm-980">
         <name>__aeabi_memcpy8</name>
         <value>0x29ad</value>
         <object_component_ref idref="oc-82"/>
      </symbol>
      <symbol id="sm-981">
         <name>__aeabi_memcpy4</name>
         <value>0x29ad</value>
         <object_component_ref idref="oc-82"/>
      </symbol>
      <symbol id="sm-990">
         <name>__aeabi_memset</name>
         <value>0x2e27</value>
         <object_component_ref idref="oc-5be"/>
      </symbol>
      <symbol id="sm-991">
         <name>memset</name>
         <value>0x2e2d</value>
         <object_component_ref idref="oc-5be"/>
      </symbol>
      <symbol id="sm-992">
         <name>__aeabi_memset8</name>
         <value>0x2e27</value>
         <object_component_ref idref="oc-5be"/>
      </symbol>
      <symbol id="sm-993">
         <name>__aeabi_memset4</name>
         <value>0x2e27</value>
         <object_component_ref idref="oc-5be"/>
      </symbol>
      <symbol id="sm-994">
         <name>__aeabi_memclr8</name>
         <value>0x2e25</value>
         <object_component_ref idref="oc-5be"/>
      </symbol>
      <symbol id="sm-995">
         <name>__aeabi_memclr4</name>
         <value>0x2e25</value>
         <object_component_ref idref="oc-5be"/>
      </symbol>
      <symbol id="sm-996">
         <name>__aeabi_memclr</name>
         <value>0x2e25</value>
         <object_component_ref idref="oc-5be"/>
      </symbol>
      <symbol id="sm-99e">
         <name>main_func_sp</name>
         <value>0x20014f98</value>
         <object_component_ref idref="oc-7e"/>
      </symbol>
      <symbol id="sm-9ad">
         <name>strcmp</name>
         <value>0x4c25</value>
         <object_component_ref idref="oc-5df"/>
      </symbol>
      <symbol id="sm-9bd">
         <name>__aeabi_uidivmod</name>
         <value>0x4401</value>
         <object_component_ref idref="oc-559"/>
      </symbol>
      <symbol id="sm-9be">
         <name>__aeabi_uidiv</name>
         <value>0x4401</value>
         <object_component_ref idref="oc-559"/>
      </symbol>
      <symbol id="sm-9d7">
         <name>_nop</name>
         <value>0x4cfb</value>
         <object_component_ref idref="oc-2a4"/>
      </symbol>
      <symbol id="sm-9d8">
         <name>_lock</name>
         <value>0x20014f70</value>
         <object_component_ref idref="oc-14b"/>
      </symbol>
      <symbol id="sm-9d9">
         <name>_unlock</name>
         <value>0x20014f74</value>
         <object_component_ref idref="oc-14b"/>
      </symbol>
      <symbol id="sm-9da">
         <name>_register_lock</name>
         <value>0x4cf3</value>
         <object_component_ref idref="oc-2a4"/>
      </symbol>
      <symbol id="sm-9db">
         <name>_register_unlock</name>
         <value>0x4ced</value>
         <object_component_ref idref="oc-2a4"/>
      </symbol>
      <symbol id="sm-9ef">
         <name>_args_main</name>
         <value>0x4c0d</value>
         <object_component_ref idref="oc-72"/>
      </symbol>
      <symbol id="sm-a0c">
         <name>__TI_auto_init</name>
         <value>0x2ae1</value>
         <object_component_ref idref="oc-6d"/>
      </symbol>
      <symbol id="sm-a25">
         <name>copy_in</name>
         <value>0x41ed</value>
         <object_component_ref idref="oc-13c"/>
      </symbol>
      <symbol id="sm-a2f">
         <name>__aeabi_idiv0</name>
         <value>0x2e9f</value>
         <object_component_ref idref="oc-699"/>
      </symbol>
      <symbol id="sm-a6f">
         <name>GPIOPinTypeI2CSCL</name>
         <value>0x4d3b</value>
         <object_component_ref idref="oc-25d"/>
      </symbol>
      <symbol id="sm-a70">
         <name>GPIOIntEnable</name>
         <value>0x4e2f</value>
         <object_component_ref idref="oc-3a9"/>
      </symbol>
      <symbol id="sm-a71">
         <name>GPIOIntClear</name>
         <value>0x4e97</value>
         <object_component_ref idref="oc-115"/>
      </symbol>
      <symbol id="sm-a72">
         <name>GPIOIntStatus</name>
         <value>0x4ddb</value>
         <object_component_ref idref="oc-10f"/>
      </symbol>
      <symbol id="sm-a73">
         <name>GPIODirModeSet</name>
         <value>0x4915</value>
         <object_component_ref idref="oc-343"/>
      </symbol>
      <symbol id="sm-a74">
         <name>GPIOPadConfigSet</name>
         <value>0x1735</value>
         <object_component_ref idref="oc-32e"/>
      </symbol>
      <symbol id="sm-a75">
         <name>GPIOPinTypeEthernetLED</name>
         <value>0x4d29</value>
         <object_component_ref idref="oc-334"/>
      </symbol>
      <symbol id="sm-adb">
         <name>IntPrioritySet</name>
         <value>0x4a05</value>
         <object_component_ref idref="oc-269"/>
      </symbol>
      <symbol id="sm-adc">
         <name>IntIsEnabled</name>
         <value>0x3481</value>
         <object_component_ref idref="oc-711"/>
      </symbol>
      <symbol id="sm-add">
         <name>IntEnable</name>
         <value>0x3285</value>
         <object_component_ref idref="oc-350"/>
      </symbol>
      <symbol id="sm-ade">
         <name>IntTrigger</name>
         <value>0x4e3d</value>
         <object_component_ref idref="oc-71d"/>
      </symbol>
      <symbol id="sm-adf">
         <name>IntDisable</name>
         <value>0x321d</value>
         <object_component_ref idref="oc-717"/>
      </symbol>
      <symbol id="sm-b5b">
         <name>SysCtlPeripheralReady</name>
         <value>0x45f1</value>
         <object_component_ref idref="oc-3a3"/>
      </symbol>
      <symbol id="sm-b5c">
         <name>SysCtlClockFreqSet</name>
         <value>0xb79</value>
         <object_component_ref idref="oc-24b"/>
      </symbol>
      <symbol id="sm-b5d">
         <name>SysCtlPeripheralReset</name>
         <value>0x3b9d</value>
         <object_component_ref idref="oc-39d"/>
      </symbol>
      <symbol id="sm-b6a">
         <name>TimerEnable</name>
         <value>0x4df7</value>
         <object_component_ref idref="oc-3c2"/>
      </symbol>
      <symbol id="sm-b77">
         <name>UARTClockSourceSet</name>
         <value>0x4ea3</value>
         <object_component_ref idref="oc-46d"/>
      </symbol>
      <symbol id="sm-bd5">
         <name>CompDCMMagnetoUpdate</name>
         <value>0x4dcd</value>
         <object_component_ref idref="oc-4fd"/>
      </symbol>
      <symbol id="sm-bd6">
         <name>CompDCMComputeEulers</name>
         <value>0x42fd</value>
         <object_component_ref idref="oc-533"/>
      </symbol>
      <symbol id="sm-bd7">
         <name>CompDCMStart</name>
         <value>0x2253</value>
         <object_component_ref idref="oc-50f"/>
      </symbol>
      <symbol id="sm-bd8">
         <name>CompDCMComputeQuaternion</name>
         <value>0xf67</value>
         <object_component_ref idref="oc-539"/>
      </symbol>
      <symbol id="sm-bd9">
         <name>CompDCMGyroUpdate</name>
         <value>0x4dbf</value>
         <object_component_ref idref="oc-509"/>
      </symbol>
      <symbol id="sm-bda">
         <name>CompDCMUpdate</name>
         <value>0x49d</value>
         <object_component_ref idref="oc-52d"/>
      </symbol>
      <symbol id="sm-bdb">
         <name>CompDCMAccelUpdate</name>
         <value>0x4db1</value>
         <object_component_ref idref="oc-503"/>
      </symbol>
      <symbol id="sm-bdc">
         <name>CompDCMInit</name>
         <value>0x4099</value>
         <object_component_ref idref="oc-4f7"/>
      </symbol>
      <symbol id="sm-cb1">
         <name>I2CMWrite8</name>
         <value>0x39fd</value>
         <object_component_ref idref="oc-635"/>
      </symbol>
      <symbol id="sm-cb2">
         <name>I2CMCommand</name>
         <value>0x2d1d</value>
         <object_component_ref idref="oc-61e"/>
      </symbol>
      <symbol id="sm-cb3">
         <name>I2CMInit</name>
         <value>0x4705</value>
         <object_component_ref idref="oc-263"/>
      </symbol>
      <symbol id="sm-cb4">
         <name>I2CMTransferResume</name>
         <value>0x47d3</value>
         <object_component_ref idref="oc-78e"/>
      </symbol>
      <symbol id="sm-cb5">
         <name>I2CMIntHandler</name>
         <value>0x1b75</value>
         <object_component_ref idref="oc-12b"/>
      </symbol>
      <symbol id="sm-d31">
         <name>MPU9150DataMagnetoGetFloat</name>
         <value>0x286d</value>
         <object_component_ref idref="oc-527"/>
      </symbol>
      <symbol id="sm-d32">
         <name>MPU9150Write</name>
         <value>0x290d</value>
         <object_component_ref idref="oc-4f1"/>
      </symbol>
      <symbol id="sm-d33">
         <name>MPU9150Init</name>
         <value>0x3071</value>
         <object_component_ref idref="oc-4e5"/>
      </symbol>
      <symbol id="sm-d34">
         <name>MPU9150DataAccelGetFloat</name>
         <value>0x2ea1</value>
         <object_component_ref idref="oc-51b"/>
      </symbol>
      <symbol id="sm-d35">
         <name>MPU9150DataRead</name>
         <value>0x360d</value>
         <object_component_ref idref="oc-515"/>
      </symbol>
      <symbol id="sm-d36">
         <name>MPU9150DataGyroGetFloat</name>
         <value>0x2f19</value>
         <object_component_ref idref="oc-521"/>
      </symbol>
      <symbol id="sm-d5b">
         <name>VectorDotProduct</name>
         <value>0x49b9</value>
         <object_component_ref idref="oc-647"/>
      </symbol>
      <symbol id="sm-d5c">
         <name>VectorScale</name>
         <value>0x49df</value>
         <object_component_ref idref="oc-653"/>
      </symbol>
      <symbol id="sm-d5d">
         <name>VectorAdd</name>
         <value>0x47a1</value>
         <object_component_ref idref="oc-670"/>
      </symbol>
      <symbol id="sm-d5e">
         <name>VectorCrossProduct</name>
         <value>0x3951</value>
         <object_component_ref idref="oc-641"/>
      </symbol>
      <symbol id="sm-d74">
         <name>asinf</name>
         <value>0x251d</value>
         <object_component_ref idref="oc-688"/>
      </symbol>
      <symbol id="sm-d8b">
         <name>atan2f</name>
         <value>0x1f1d</value>
         <object_component_ref idref="oc-682"/>
      </symbol>
      <symbol id="sm-da2">
         <name>__aeabi_dsub</name>
         <value>0x112f</value>
         <object_component_ref idref="oc-676"/>
      </symbol>
      <symbol id="sm-da3">
         <name>__aeabi_dadd</name>
         <value>0x1139</value>
         <object_component_ref idref="oc-676"/>
      </symbol>
      <symbol id="sm-dae">
         <name>__aeabi_dmul</name>
         <value>0x1a79</value>
         <object_component_ref idref="oc-665"/>
      </symbol>
      <symbol id="sm-db8">
         <name>__aeabi_d2f</name>
         <value>0x3e9f</value>
         <object_component_ref idref="oc-66a"/>
      </symbol>
      <symbol id="sm-dc3">
         <name>__aeabi_f2d</name>
         <value>0x4629</value>
         <object_component_ref idref="oc-660"/>
      </symbol>
      <symbol id="sm-dd3">
         <name>sqrtf</name>
         <value>0x4a4d</value>
         <object_component_ref idref="oc-64d"/>
      </symbol>
      <symbol id="sm-df5">
         <name>_FAtan</name>
         <value>0x271d</value>
         <object_component_ref idref="oc-74f"/>
      </symbol>
      <symbol id="sm-dff">
         <name>_FDclass</name>
         <value>0x4e21</value>
         <object_component_ref idref="oc-67b"/>
      </symbol>
      <symbol id="sm-e11">
         <name>_FDtest</name>
         <value>0x476d</value>
         <object_component_ref idref="oc-748"/>
      </symbol>
      <symbol id="sm-e20">
         <name>_Feraise</name>
         <value>0x4805</value>
         <object_component_ref idref="oc-735"/>
      </symbol>
      <symbol id="sm-e2f">
         <name>_FZero</name>
         <value>0x20014efc</value>
         <object_component_ref idref="oc-73b"/>
      </symbol>
      <symbol id="sm-e30">
         <name>_FRteps</name>
         <value>0x20014ee8</value>
         <object_component_ref idref="oc-73b"/>
      </symbol>
      <symbol id="sm-e31">
         <name>_FSnan</name>
         <value>0x20014ed8</value>
         <object_component_ref idref="oc-73b"/>
      </symbol>
      <symbol id="sm-e32">
         <name>_FNan</name>
         <value>0x20014ec8</value>
         <object_component_ref idref="oc-73b"/>
      </symbol>
      <symbol id="sm-e33">
         <name>_FInf</name>
         <value>0x20014eb8</value>
         <object_component_ref idref="oc-73b"/>
      </symbol>
      <symbol id="sm-e34">
         <name>_FEps</name>
         <value>0x20014ea8</value>
         <object_component_ref idref="oc-73b"/>
      </symbol>
      <symbol id="sm-e35">
         <name>_FXbig</name>
         <value>0x20014ef8</value>
         <object_component_ref idref="oc-73b"/>
      </symbol>
      <symbol id="sm-e36">
         <name>_FDenorm</name>
         <value>0x20014e98</value>
         <object_component_ref idref="oc-73b"/>
      </symbol>
      <symbol id="sm-e3e">
         <name>_Errno</name>
         <value>0x20014f94</value>
         <object_component_ref idref="oc-79d"/>
      </symbol>
      <symbol id="sm-e5c">
         <name>feraiseexcept</name>
         <value>0x4739</value>
         <object_component_ref idref="oc-797"/>
      </symbol>
      <symbol id="sm-e5d">
         <name>_Tls_setup__Fenv</name>
         <value>0x20014f84</value>
         <object_component_ref idref="oc-7d4"/>
      </symbol>
      <symbol id="sm-e5e">
         <name>_Fenv</name>
         <value>0x20014f80</value>
         <object_component_ref idref="oc-7d4"/>
      </symbol>
      <symbol id="sm-e72">
         <name>raise</name>
         <value>0x4835</value>
         <object_component_ref idref="oc-7ce"/>
      </symbol>
      <symbol id="sm-e8c">
         <name>signal</name>
         <value>0x43c1</value>
         <object_component_ref idref="oc-7e5"/>
      </symbol>
      <symbol id="sm-ed6">
         <name>I2CMasterDataPut</name>
         <value>0x4ed1</value>
         <object_component_ref idref="oc-304"/>
      </symbol>
      <symbol id="sm-ed7">
         <name>I2CMasterInitExpClk</name>
         <value>0x3f31</value>
         <object_component_ref idref="oc-34a"/>
      </symbol>
      <symbol id="sm-ed8">
         <name>I2CMasterSlaveAddrSet</name>
         <value>0x4e87</value>
         <object_component_ref idref="oc-2fc"/>
      </symbol>
      <symbol id="sm-ed9">
         <name>I2CMasterDataGet</name>
         <value>0x4ecd</value>
         <object_component_ref idref="oc-2f2"/>
      </symbol>
      <symbol id="sm-eda">
         <name>I2CMasterIntEnableEx</name>
         <value>0x4e7f</value>
         <object_component_ref idref="oc-356"/>
      </symbol>
      <symbol id="sm-edb">
         <name>I2CMasterControl</name>
         <value>0x4ec9</value>
         <object_component_ref idref="oc-1fd"/>
      </symbol>
      <symbol id="sm-edc">
         <name>I2CMasterEnable</name>
         <value>0x4e6d</value>
         <object_component_ref idref="oc-417"/>
      </symbol>
      <symbol id="sm-edd">
         <name>I2CMasterIntClear</name>
         <value>0x4e77</value>
         <object_component_ref idref="oc-1f7"/>
      </symbol>
      <symbol id="sm-ede">
         <name>__TI_static_base__</name>
         <value>0x0</value>
      </symbol>
      <symbol id="sm-edf">
         <name>__TI_args_main</name>
         <value>0x1</value>
      </symbol>
      <symbol id="sm-ee0">
         <name>SHT$$INIT_ARRAY$$Limit</name>
         <value>0x0</value>
      </symbol>
      <symbol id="sm-ee1">
         <name>SHT$$INIT_ARRAY$$Base</name>
         <value>0x0</value>
      </symbol>
   </symbol_table>
   <title>Link successful</title>
</link_info>
