<?xml version="1.0"?>
<link_info>
   <banner>TI ARM Linker Unix v5.1.12</banner>
   <copyright>Copyright (c) 1996-2015 Texas Instruments Incorporated</copyright>
   <link_time>0x55ba3465</link_time>
   <link_errors>0x0</link_errors>
   <output_file>ravvn.out</output_file>
   <entry_point>
      <name>_c_int00</name>
      <address>0x2645</address>
   </entry_point>
   <input_file_list>
      <input_file id="fl-2">
         <path>./</path>
         <kind>object</kind>
         <file>GPS_task.obj</file>
         <name>GPS_task.obj</name>
      </input_file>
      <input_file id="fl-3">
         <path>./</path>
         <kind>object</kind>
         <file>command_task.obj</file>
         <name>command_task.obj</name>
      </input_file>
      <input_file id="fl-4">
         <path>./</path>
         <kind>object</kind>
         <file>compdcm_task.obj</file>
         <name>compdcm_task.obj</name>
      </input_file>
      <input_file id="fl-5">
         <path>./</path>
         <kind>object</kind>
         <file>ravvn.obj</file>
         <name>ravvn.obj</name>
      </input_file>
      <input_file id="fl-6">
         <path>./</path>
         <kind>object</kind>
         <file>ravvnuart.obj</file>
         <name>ravvnuart.obj</name>
      </input_file>
      <input_file id="fl-7">
         <path>./</path>
         <kind>object</kind>
         <file>startup_ccs.obj</file>
         <name>startup_ccs.obj</name>
      </input_file>
      <input_file id="fl-8">
         <path>./utils/</path>
         <kind>object</kind>
         <file>cmdline.obj</file>
         <name>cmdline.obj</name>
      </input_file>
      <input_file id="fl-9">
         <path>./utils/</path>
         <kind>object</kind>
         <file>flash_pb.obj</file>
         <name>flash_pb.obj</name>
      </input_file>
      <input_file id="fl-a">
         <path>./utils/</path>
         <kind>object</kind>
         <file>locator.obj</file>
         <name>locator.obj</name>
      </input_file>
      <input_file id="fl-b">
         <path>./utils/</path>
         <kind>object</kind>
         <file>lwiplib.obj</file>
         <name>lwiplib.obj</name>
      </input_file>
      <input_file id="fl-c">
         <path>./utils/</path>
         <kind>object</kind>
         <file>ringbuf.obj</file>
         <name>ringbuf.obj</name>
      </input_file>
      <input_file id="fl-d">
         <path>./utils/</path>
         <kind>object</kind>
         <file>uartstdio.obj</file>
         <name>uartstdio.obj</name>
      </input_file>
      <input_file id="fl-e">
         <path>./utils/</path>
         <kind>object</kind>
         <file>ustdlib.obj</file>
         <name>ustdlib.obj</name>
      </input_file>
      <input_file id="fl-f">
         <path>./third_party/FreeRTOS/Source/</path>
         <kind>object</kind>
         <file>list.obj</file>
         <name>list.obj</name>
      </input_file>
      <input_file id="fl-10">
         <path>./third_party/FreeRTOS/Source/</path>
         <kind>object</kind>
         <file>queue.obj</file>
         <name>queue.obj</name>
      </input_file>
      <input_file id="fl-11">
         <path>./third_party/FreeRTOS/Source/</path>
         <kind>object</kind>
         <file>tasks.obj</file>
         <name>tasks.obj</name>
      </input_file>
      <input_file id="fl-12">
         <path>./third_party/FreeRTOS/Source/</path>
         <kind>object</kind>
         <file>timers.obj</file>
         <name>timers.obj</name>
      </input_file>
      <input_file id="fl-13">
         <path>./third_party/FreeRTOS/Source/portable/MemMang/</path>
         <kind>object</kind>
         <file>heap_1.obj</file>
         <name>heap_1.obj</name>
      </input_file>
      <input_file id="fl-14">
         <path>./third_party/FreeRTOS/Source/portable/CCS/ARM_CM4F/</path>
         <kind>object</kind>
         <file>port.obj</file>
         <name>port.obj</name>
      </input_file>
      <input_file id="fl-15">
         <path>./third_party/FreeRTOS/Source/portable/CCS/ARM_CM4F/</path>
         <kind>object</kind>
         <file>portasm.obj</file>
         <name>portasm.obj</name>
      </input_file>
      <input_file id="fl-16">
         <path>./drivers/</path>
         <kind>object</kind>
         <file>buttons.obj</file>
         <name>buttons.obj</name>
      </input_file>
      <input_file id="fl-17">
         <path>./drivers/</path>
         <kind>object</kind>
         <file>pinout.obj</file>
         <name>pinout.obj</name>
      </input_file>
      <input_file id="fl-146">
         <path>/opt/ti/ccsv6/tools/compiler/arm_5.1.12/lib/</path>
         <kind>archive</kind>
         <file>rtsv7M4_T_le_v4SPD16_eabi.lib</file>
         <name>boot.obj</name>
      </input_file>
      <input_file id="fl-147">
         <path>/opt/ti/ccsv6/tools/compiler/arm_5.1.12/lib/</path>
         <kind>archive</kind>
         <file>rtsv7M4_T_le_v4SPD16_eabi.lib</file>
         <name>copy_decompress_none.obj</name>
      </input_file>
      <input_file id="fl-148">
         <path>/opt/ti/ccsv6/tools/compiler/arm_5.1.12/lib/</path>
         <kind>archive</kind>
         <file>rtsv7M4_T_le_v4SPD16_eabi.lib</file>
         <name>copy_decompress_rle.obj</name>
      </input_file>
      <input_file id="fl-149">
         <path>/opt/ti/ccsv6/tools/compiler/arm_5.1.12/lib/</path>
         <kind>archive</kind>
         <file>rtsv7M4_T_le_v4SPD16_eabi.lib</file>
         <name>copy_zero_init.obj</name>
      </input_file>
      <input_file id="fl-14a">
         <path>/opt/ti/ccsv6/tools/compiler/arm_5.1.12/lib/</path>
         <kind>archive</kind>
         <file>rtsv7M4_T_le_v4SPD16_eabi.lib</file>
         <name>exit.obj</name>
      </input_file>
      <input_file id="fl-14b">
         <path>/opt/ti/ccsv6/tools/compiler/arm_5.1.12/lib/</path>
         <kind>archive</kind>
         <file>rtsv7M4_T_le_v4SPD16_eabi.lib</file>
         <name>memcmp.obj</name>
      </input_file>
      <input_file id="fl-14c">
         <path>/opt/ti/ccsv6/tools/compiler/arm_5.1.12/lib/</path>
         <kind>archive</kind>
         <file>rtsv7M4_T_le_v4SPD16_eabi.lib</file>
         <name>memcpy_t2.obj</name>
      </input_file>
      <input_file id="fl-14d">
         <path>/opt/ti/ccsv6/tools/compiler/arm_5.1.12/lib/</path>
         <kind>archive</kind>
         <file>rtsv7M4_T_le_v4SPD16_eabi.lib</file>
         <name>memset_t2.obj</name>
      </input_file>
      <input_file id="fl-14e">
         <path>/opt/ti/ccsv6/tools/compiler/arm_5.1.12/lib/</path>
         <kind>archive</kind>
         <file>rtsv7M4_T_le_v4SPD16_eabi.lib</file>
         <name>stkdepth_vars.obj</name>
      </input_file>
      <input_file id="fl-14f">
         <path>/opt/ti/ccsv6/tools/compiler/arm_5.1.12/lib/</path>
         <kind>archive</kind>
         <file>rtsv7M4_T_le_v4SPD16_eabi.lib</file>
         <name>strcmp.obj</name>
      </input_file>
      <input_file id="fl-150">
         <path>/opt/ti/ccsv6/tools/compiler/arm_5.1.12/lib/</path>
         <kind>archive</kind>
         <file>rtsv7M4_T_le_v4SPD16_eabi.lib</file>
         <name>strlen.obj</name>
      </input_file>
      <input_file id="fl-151">
         <path>/opt/ti/ccsv6/tools/compiler/arm_5.1.12/lib/</path>
         <kind>archive</kind>
         <file>rtsv7M4_T_le_v4SPD16_eabi.lib</file>
         <name>u_divt2.obj</name>
      </input_file>
      <input_file id="fl-152">
         <path>/opt/ti/ccsv6/tools/compiler/arm_5.1.12/lib/</path>
         <kind>archive</kind>
         <file>rtsv7M4_T_le_v4SPD16_eabi.lib</file>
         <name>_lock.obj</name>
      </input_file>
      <input_file id="fl-153">
         <path>/opt/ti/ccsv6/tools/compiler/arm_5.1.12/lib/</path>
         <kind>archive</kind>
         <file>rtsv7M4_T_le_v4SPD16_eabi.lib</file>
         <name>args_main.obj</name>
      </input_file>
      <input_file id="fl-154">
         <path>/opt/ti/ccsv6/tools/compiler/arm_5.1.12/lib/</path>
         <kind>archive</kind>
         <file>rtsv7M4_T_le_v4SPD16_eabi.lib</file>
         <name>auto_init.obj</name>
      </input_file>
      <input_file id="fl-155">
         <path>/opt/ti/ccsv6/tools/compiler/arm_5.1.12/lib/</path>
         <kind>archive</kind>
         <file>rtsv7M4_T_le_v4SPD16_eabi.lib</file>
         <name>cpy_tbl.obj</name>
      </input_file>
      <input_file id="fl-156">
         <path>/opt/ti/ccsv6/tools/compiler/arm_5.1.12/lib/</path>
         <kind>archive</kind>
         <file>rtsv7M4_T_le_v4SPD16_eabi.lib</file>
         <name>i_div0.obj</name>
      </input_file>
      <input_file id="fl-157">
         <path>/home/chris/src/tivaware/examples/boards/ek-tm4c1294xl-boostxl-senshub/senshub_iot/ccs/../../../../../driverlib/ccs/Debug/</path>
         <kind>archive</kind>
         <file>driverlib.lib</file>
         <name>emac.obj</name>
      </input_file>
      <input_file id="fl-158">
         <path>/home/chris/src/tivaware/examples/boards/ek-tm4c1294xl-boostxl-senshub/senshub_iot/ccs/../../../../../driverlib/ccs/Debug/</path>
         <kind>archive</kind>
         <file>driverlib.lib</file>
         <name>gpio.obj</name>
      </input_file>
      <input_file id="fl-159">
         <path>/home/chris/src/tivaware/examples/boards/ek-tm4c1294xl-boostxl-senshub/senshub_iot/ccs/../../../../../driverlib/ccs/Debug/</path>
         <kind>archive</kind>
         <file>driverlib.lib</file>
         <name>interrupt.obj</name>
      </input_file>
      <input_file id="fl-15a">
         <path>/home/chris/src/tivaware/examples/boards/ek-tm4c1294xl-boostxl-senshub/senshub_iot/ccs/../../../../../driverlib/ccs/Debug/</path>
         <kind>archive</kind>
         <file>driverlib.lib</file>
         <name>sw_crc.obj</name>
      </input_file>
      <input_file id="fl-15b">
         <path>/home/chris/src/tivaware/examples/boards/ek-tm4c1294xl-boostxl-senshub/senshub_iot/ccs/../../../../../driverlib/ccs/Debug/</path>
         <kind>archive</kind>
         <file>driverlib.lib</file>
         <name>sysctl.obj</name>
      </input_file>
      <input_file id="fl-15c">
         <path>/home/chris/src/tivaware/examples/boards/ek-tm4c1294xl-boostxl-senshub/senshub_iot/ccs/../../../../../driverlib/ccs/Debug/</path>
         <kind>archive</kind>
         <file>driverlib.lib</file>
         <name>timer.obj</name>
      </input_file>
      <input_file id="fl-15d">
         <path>/home/chris/src/tivaware/examples/boards/ek-tm4c1294xl-boostxl-senshub/senshub_iot/ccs/../../../../../driverlib/ccs/Debug/</path>
         <kind>archive</kind>
         <file>driverlib.lib</file>
         <name>uart.obj</name>
      </input_file>
      <input_file id="fl-15e">
         <path>/home/chris/src/tivaware/examples/boards/ek-tm4c1294xl-boostxl-senshub/senshub_iot/ccs/../../../../../driverlib/ccs/Debug/</path>
         <kind>archive</kind>
         <file>driverlib.lib</file>
         <name>cpu.obj</name>
      </input_file>
      <input_file id="fl-15f">
         <path>/home/chris/src/tivaware/examples/boards/ek-tm4c1294xl-boostxl-senshub/senshub_iot/ccs/../../../../../sensorlib/ccs/Debug/</path>
         <kind>archive</kind>
         <file>sensorlib.lib</file>
         <name>comp_dcm.obj</name>
      </input_file>
      <input_file id="fl-160">
         <path>/home/chris/src/tivaware/examples/boards/ek-tm4c1294xl-boostxl-senshub/senshub_iot/ccs/../../../../../sensorlib/ccs/Debug/</path>
         <kind>archive</kind>
         <file>sensorlib.lib</file>
         <name>i2cm_drv.obj</name>
      </input_file>
      <input_file id="fl-161">
         <path>/home/chris/src/tivaware/examples/boards/ek-tm4c1294xl-boostxl-senshub/senshub_iot/ccs/../../../../../sensorlib/ccs/Debug/</path>
         <kind>archive</kind>
         <file>sensorlib.lib</file>
         <name>mpu9150.obj</name>
      </input_file>
      <input_file id="fl-162">
         <path>/home/chris/src/tivaware/examples/boards/ek-tm4c1294xl-boostxl-senshub/senshub_iot/ccs/../../../../../sensorlib/ccs/Debug/</path>
         <kind>archive</kind>
         <file>sensorlib.lib</file>
         <name>vector.obj</name>
      </input_file>
      <input_file id="fl-163">
         <path>/opt/ti/ccsv6/tools/compiler/arm_5.1.12/lib/</path>
         <kind>archive</kind>
         <file>rtsv7M4_T_le_v4SPD16_eabi.lib</file>
         <name>asinf.obj</name>
      </input_file>
      <input_file id="fl-164">
         <path>/opt/ti/ccsv6/tools/compiler/arm_5.1.12/lib/</path>
         <kind>archive</kind>
         <file>rtsv7M4_T_le_v4SPD16_eabi.lib</file>
         <name>atan2f.obj</name>
      </input_file>
      <input_file id="fl-165">
         <path>/opt/ti/ccsv6/tools/compiler/arm_5.1.12/lib/</path>
         <kind>archive</kind>
         <file>rtsv7M4_T_le_v4SPD16_eabi.lib</file>
         <name>fd_add_t2.obj</name>
      </input_file>
      <input_file id="fl-166">
         <path>/opt/ti/ccsv6/tools/compiler/arm_5.1.12/lib/</path>
         <kind>archive</kind>
         <file>rtsv7M4_T_le_v4SPD16_eabi.lib</file>
         <name>fd_mul_t2.obj</name>
      </input_file>
      <input_file id="fl-167">
         <path>/opt/ti/ccsv6/tools/compiler/arm_5.1.12/lib/</path>
         <kind>archive</kind>
         <file>rtsv7M4_T_le_v4SPD16_eabi.lib</file>
         <name>fd_tos_t2.obj</name>
      </input_file>
      <input_file id="fl-168">
         <path>/opt/ti/ccsv6/tools/compiler/arm_5.1.12/lib/</path>
         <kind>archive</kind>
         <file>rtsv7M4_T_le_v4SPD16_eabi.lib</file>
         <name>fs_tod_t2.obj</name>
      </input_file>
      <input_file id="fl-169">
         <path>/opt/ti/ccsv6/tools/compiler/arm_5.1.12/lib/</path>
         <kind>archive</kind>
         <file>rtsv7M4_T_le_v4SPD16_eabi.lib</file>
         <name>sqrtf.obj</name>
      </input_file>
      <input_file id="fl-16a">
         <path>/opt/ti/ccsv6/tools/compiler/arm_5.1.12/lib/</path>
         <kind>archive</kind>
         <file>rtsv7M4_T_le_v4SPD16_eabi.lib</file>
         <name>xfatan.obj</name>
      </input_file>
      <input_file id="fl-16b">
         <path>/opt/ti/ccsv6/tools/compiler/arm_5.1.12/lib/</path>
         <kind>archive</kind>
         <file>rtsv7M4_T_le_v4SPD16_eabi.lib</file>
         <name>xfdclass.obj</name>
      </input_file>
      <input_file id="fl-16c">
         <path>/opt/ti/ccsv6/tools/compiler/arm_5.1.12/lib/</path>
         <kind>archive</kind>
         <file>rtsv7M4_T_le_v4SPD16_eabi.lib</file>
         <name>xfdtest.obj</name>
      </input_file>
      <input_file id="fl-16d">
         <path>/opt/ti/ccsv6/tools/compiler/arm_5.1.12/lib/</path>
         <kind>archive</kind>
         <file>rtsv7M4_T_le_v4SPD16_eabi.lib</file>
         <name>xferaise.obj</name>
      </input_file>
      <input_file id="fl-16e">
         <path>/opt/ti/ccsv6/tools/compiler/arm_5.1.12/lib/</path>
         <kind>archive</kind>
         <file>rtsv7M4_T_le_v4SPD16_eabi.lib</file>
         <name>xfvalues.obj</name>
      </input_file>
      <input_file id="fl-16f">
         <path>/opt/ti/ccsv6/tools/compiler/arm_5.1.12/lib/</path>
         <kind>archive</kind>
         <file>rtsv7M4_T_le_v4SPD16_eabi.lib</file>
         <name>errno.obj</name>
      </input_file>
      <input_file id="fl-170">
         <path>/opt/ti/ccsv6/tools/compiler/arm_5.1.12/lib/</path>
         <kind>archive</kind>
         <file>rtsv7M4_T_le_v4SPD16_eabi.lib</file>
         <name>feraiseexcept.obj</name>
      </input_file>
      <input_file id="fl-171">
         <path>/opt/ti/ccsv6/tools/compiler/arm_5.1.12/lib/</path>
         <kind>archive</kind>
         <file>rtsv7M4_T_le_v4SPD16_eabi.lib</file>
         <name>raise.obj</name>
      </input_file>
      <input_file id="fl-172">
         <path>/opt/ti/ccsv6/tools/compiler/arm_5.1.12/lib/</path>
         <kind>archive</kind>
         <file>rtsv7M4_T_le_v4SPD16_eabi.lib</file>
         <name>signal.obj</name>
      </input_file>
      <input_file id="fl-173">
         <path>/home/chris/src/tivaware/examples/boards/ek-tm4c1294xl-boostxl-senshub/senshub_iot/ccs/../../../../../driverlib/ccs/Debug/</path>
         <kind>archive</kind>
         <file>driverlib.lib</file>
         <name>i2c.obj</name>
      </input_file>
   </input_file_list>
   <object_component_list>
      <object_component id="oc-e">
         <name>.intvecs</name>
         <load_address>0x0</load_address>
         <run_address>0x0</run_address>
         <size>0x200</size>
         <input_file_ref idref="fl-7"/>
      </object_component>
      <object_component id="oc-210">
         <name>.text:PinoutSet</name>
         <load_address>0x200</load_address>
         <run_address>0x200</run_address>
         <size>0x214</size>
         <input_file_ref idref="fl-17"/>
      </object_component>
      <object_component id="oc-20a">
         <name>.text:SysCtlClockFreqSet</name>
         <load_address>0x414</load_address>
         <run_address>0x414</run_address>
         <size>0x204</size>
         <input_file_ref idref="fl-15b"/>
      </object_component>
      <object_component id="oc-335">
         <name>.text:UARTvprintf</name>
         <load_address>0x618</load_address>
         <run_address>0x618</run_address>
         <size>0x1ea</size>
         <input_file_ref idref="fl-d"/>
      </object_component>
      <object_component id="oc-35">
         <name>.text:FaultISR</name>
         <load_address>0x802</load_address>
         <run_address>0x802</run_address>
         <size>0x2</size>
         <input_file_ref idref="fl-7"/>
      </object_component>
      <object_component id="oc-115">
         <name>.text:main</name>
         <load_address>0x804</load_address>
         <run_address>0x804</run_address>
         <size>0x168</size>
         <input_file_ref idref="fl-5"/>
      </object_component>
      <object_component id="oc-54a">
         <name>.text:Cmd_proxy</name>
         <load_address>0x96c</load_address>
         <run_address>0x96c</run_address>
         <size>0x166</size>
         <input_file_ref idref="fl-3"/>
      </object_component>
      <object_component id="oc-3b">
         <name>.text:IntDefaultHandler</name>
         <load_address>0xad2</load_address>
         <run_address>0xad2</run_address>
         <size>0x2</size>
         <input_file_ref idref="fl-7"/>
      </object_component>
      <object_component id="oc-4c">
         <name>.text:UARTStdioIntHandler</name>
         <load_address>0xad4</load_address>
         <run_address>0xad4</run_address>
         <size>0x160</size>
         <input_file_ref idref="fl-d"/>
      </object_component>
      <object_component id="oc-2d5">
         <name>.text:GPIOPadConfigSet</name>
         <load_address>0xc34</load_address>
         <run_address>0xc34</run_address>
         <size>0x130</size>
         <input_file_ref idref="fl-158"/>
      </object_component>
      <object_component id="oc-aa">
         <name>.text:xTaskIncrementTick</name>
         <load_address>0xd64</load_address>
         <run_address>0xd64</run_address>
         <size>0x114</size>
         <input_file_ref idref="fl-11"/>
      </object_component>
      <object_component id="oc-428">
         <name>.text:xQueueGenericReceive</name>
         <load_address>0xe78</load_address>
         <run_address>0xe78</run_address>
         <size>0x100</size>
         <input_file_ref idref="fl-10"/>
      </object_component>
      <object_component id="oc-326">
         <name>.text:CommandTask</name>
         <load_address>0xf78</load_address>
         <run_address>0xf78</run_address>
         <size>0xf8</size>
         <input_file_ref idref="fl-3"/>
      </object_component>
      <object_component id="oc-fd">
         <name>.text:I2CMIntHandler</name>
         <load_address>0x1070</load_address>
         <run_address>0x1070</run_address>
         <size>0xf2</size>
         <input_file_ref idref="fl-160"/>
      </object_component>
      <object_component id="oc-2f">
         <name>.text:NmiSR</name>
         <load_address>0x1162</load_address>
         <run_address>0x1162</run_address>
         <size>0x2</size>
         <input_file_ref idref="fl-7"/>
      </object_component>
      <object_component id="oc-31b">
         <name>.text:xTaskGenericCreate</name>
         <load_address>0x1164</load_address>
         <run_address>0x1164</run_address>
         <size>0xdc</size>
         <input_file_ref idref="fl-11"/>
      </object_component>
      <object_component id="oc-39d">
         <name>.text:xTaskResumeAll</name>
         <load_address>0x1240</load_address>
         <run_address>0x1240</run_address>
         <size>0xd0</size>
         <input_file_ref idref="fl-11"/>
      </object_component>
      <object_component id="oc-a3">
         <name>.text:vTaskSwitchContext</name>
         <load_address>0x1310</load_address>
         <run_address>0x1310</run_address>
         <size>0xc8</size>
         <input_file_ref idref="fl-11"/>
      </object_component>
      <object_component id="oc-30e">
         <name>.text:xQueueGenericSend</name>
         <load_address>0x13d8</load_address>
         <run_address>0x13d8</run_address>
         <size>0xc6</size>
         <input_file_ref idref="fl-10"/>
      </object_component>
      <object_component id="oc-4e8">
         <name>.text</name>
         <load_address>0x149e</load_address>
         <run_address>0x149e</run_address>
         <size>0x2</size>
         <input_file_ref idref="fl-156"/>
      </object_component>
      <object_component id="oc-3e3">
         <name>.text:UARTStdioConfig</name>
         <load_address>0x14a0</load_address>
         <run_address>0x14a0</run_address>
         <size>0xb0</size>
         <input_file_ref idref="fl-d"/>
      </object_component>
      <object_component id="oc-bd">
         <name>.text:UARTwrite</name>
         <load_address>0x1550</load_address>
         <run_address>0x1550</run_address>
         <size>0xa8</size>
         <input_file_ref idref="fl-d"/>
      </object_component>
      <object_component id="oc-41">
         <name>.text</name>
         <load_address>0x15f8</load_address>
         <run_address>0x15f8</run_address>
         <size>0xa6</size>
         <input_file_ref idref="fl-15"/>
      </object_component>
      <object_component id="oc-7c">
         <name>.text</name>
         <load_address>0x169e</load_address>
         <run_address>0x169e</run_address>
         <size>0x9c</size>
         <input_file_ref idref="fl-14c"/>
      </object_component>
      <object_component id="oc-1fe">
         <name>.text:I2CMStateIdle</name>
         <load_address>0x173a</load_address>
         <run_address>0x173a</run_address>
         <size>0x98</size>
         <input_file_ref idref="fl-160"/>
      </object_component>
      <object_component id="oc-13c">
         <name>.text:vApplicationStackOverflowHook</name>
         <load_address>0x17d2</load_address>
         <run_address>0x17d2</run_address>
         <size>0x2</size>
         <input_file_ref idref="fl-5"/>
      </object_component>
      <object_component id="oc-67">
         <name>.text</name>
         <load_address>0x17d4</load_address>
         <run_address>0x17d4</run_address>
         <size>0x94</size>
         <input_file_ref idref="fl-154"/>
      </object_component>
      <object_component id="oc-508">
         <name>.text:prvProcessReceivedCommands</name>
         <load_address>0x1868</load_address>
         <run_address>0x1868</run_address>
         <size>0x90</size>
         <input_file_ref idref="fl-12"/>
      </object_component>
      <object_component id="oc-b1">
         <name>.text:UARTPrimeTransmit</name>
         <load_address>0x18f8</load_address>
         <run_address>0x18f8</run_address>
         <size>0x8c</size>
         <input_file_ref idref="fl-d"/>
      </object_component>
      <object_component id="oc-532">
         <name>.text:Cmd_help</name>
         <load_address>0x1984</load_address>
         <run_address>0x1984</run_address>
         <size>0x80</size>
         <input_file_ref idref="fl-3"/>
      </object_component>
      <object_component id="oc-49e">
         <name>.text</name>
         <load_address>0x1a04</load_address>
         <run_address>0x1a04</run_address>
         <size>0x7a</size>
         <input_file_ref idref="fl-14d"/>
      </object_component>
      <object_component id="oc-565">
         <name>.text:xQueueGenericReset</name>
         <load_address>0x1a7e</load_address>
         <run_address>0x1a7e</run_address>
         <size>0x70</size>
         <input_file_ref idref="fl-10"/>
      </object_component>
      <object_component id="oc-498">
         <name>.text:vPortFree</name>
         <load_address>0x1aee</load_address>
         <run_address>0x1aee</run_address>
         <size>0x2</size>
         <input_file_ref idref="fl-13"/>
      </object_component>
      <object_component id="oc-197">
         <name>.text:xTaskRemoveFromEventList</name>
         <load_address>0x1af0</load_address>
         <run_address>0x1af0</run_address>
         <size>0x70</size>
         <input_file_ref idref="fl-11"/>
      </object_component>
      <object_component id="oc-4d3">
         <name>.text:vTaskPriorityInherit</name>
         <load_address>0x1b60</load_address>
         <run_address>0x1b60</run_address>
         <size>0x6c</size>
         <input_file_ref idref="fl-11"/>
      </object_component>
      <object_component id="oc-191">
         <name>.text:prvCopyDataToQueue</name>
         <load_address>0x1bcc</load_address>
         <run_address>0x1bcc</run_address>
         <size>0x6a</size>
         <input_file_ref idref="fl-10"/>
      </object_component>
      <object_component id="oc-22e">
         <name>.text:CommandTaskInit</name>
         <load_address>0x1c38</load_address>
         <run_address>0x1c38</run_address>
         <size>0x68</size>
         <input_file_ref idref="fl-3"/>
      </object_component>
      <object_component id="oc-2f0">
         <name>.text:IntEnable</name>
         <load_address>0x1ca0</load_address>
         <run_address>0x1ca0</run_address>
         <size>0x68</size>
         <input_file_ref idref="fl-159"/>
      </object_component>
      <object_component id="oc-315">
         <name>.text:ConfigureUART</name>
         <load_address>0x1d08</load_address>
         <run_address>0x1d08</run_address>
         <size>0x64</size>
         <input_file_ref idref="fl-3"/>
      </object_component>
      <object_component id="oc-234">
         <name>.text:SensorCloudStatTimerConfig</name>
         <load_address>0x1d6c</load_address>
         <run_address>0x1d6c</run_address>
         <size>0x64</size>
         <input_file_ref idref="fl-5"/>
      </object_component>
      <object_component id="oc-3c4">
         <name>.text:prvUnlockQueue</name>
         <load_address>0x1dd0</load_address>
         <run_address>0x1dd0</run_address>
         <size>0x62</size>
         <input_file_ref idref="fl-10"/>
      </object_component>
      <object_component id="oc-422">
         <name>.text:CmdLineProcess</name>
         <load_address>0x1e34</load_address>
         <run_address>0x1e34</run_address>
         <size>0x60</size>
         <input_file_ref idref="fl-8"/>
      </object_component>
      <object_component id="oc-3fc">
         <name>.text:prvInitialiseTaskLists</name>
         <load_address>0x1e94</load_address>
         <run_address>0x1e94</run_address>
         <size>0x60</size>
         <input_file_ref idref="fl-11"/>
      </object_component>
      <object_component id="oc-59e">
         <name>.text:prvSwitchTimerLists</name>
         <load_address>0x1ef4</load_address>
         <run_address>0x1ef4</run_address>
         <size>0x60</size>
         <input_file_ref idref="fl-12"/>
      </object_component>
      <object_component id="oc-1ec">
         <name>.text:I2CMStateWritePause</name>
         <load_address>0x1f54</load_address>
         <run_address>0x1f54</run_address>
         <size>0x5e</size>
         <input_file_ref idref="fl-160"/>
      </object_component>
      <object_component id="oc-8f">
         <name>.text</name>
         <load_address>0x1fb2</load_address>
         <run_address>0x1fb2</run_address>
         <size>0x5e</size>
         <input_file_ref idref="fl-148"/>
      </object_component>
      <object_component id="oc-410">
         <name>.text:vTaskDelayUntil</name>
         <load_address>0x2010</load_address>
         <run_address>0x2010</run_address>
         <size>0x5c</size>
         <input_file_ref idref="fl-11"/>
      </object_component>
      <object_component id="oc-240">
         <name>.text:vTaskStartScheduler</name>
         <load_address>0x206c</load_address>
         <run_address>0x206c</run_address>
         <size>0x5c</size>
         <input_file_ref idref="fl-11"/>
      </object_component>
      <object_component id="oc-455">
         <name>.text:prvCheckTasksWaitingTermination</name>
         <load_address>0x20c8</load_address>
         <run_address>0x20c8</run_address>
         <size>0x58</size>
         <input_file_ref idref="fl-11"/>
      </object_component>
      <object_component id="oc-ed">
         <name>.text:xQueueGenericSendFromISR</name>
         <load_address>0x2120</load_address>
         <run_address>0x2120</run_address>
         <size>0x56</size>
         <input_file_ref idref="fl-10"/>
      </object_component>
      <object_component id="oc-41c">
         <name>.text:UARTgets</name>
         <load_address>0x2178</load_address>
         <run_address>0x2178</run_address>
         <size>0x54</size>
         <input_file_ref idref="fl-d"/>
      </object_component>
      <object_component id="oc-3be">
         <name>.text:xTaskCheckForTimeOut</name>
         <load_address>0x21cc</load_address>
         <run_address>0x21cc</run_address>
         <size>0x54</size>
         <input_file_ref idref="fl-11"/>
      </object_component>
      <object_component id="oc-1f2">
         <name>.text:I2CMStateWriteFinal</name>
         <load_address>0x2220</load_address>
         <run_address>0x2220</run_address>
         <size>0x50</size>
         <input_file_ref idref="fl-160"/>
      </object_component>
      <object_component id="oc-3f0">
         <name>.text:prvInitialiseTCBVariables</name>
         <load_address>0x2270</load_address>
         <run_address>0x2270</run_address>
         <size>0x50</size>
         <input_file_ref idref="fl-11"/>
      </object_component>
      <object_component id="oc-302">
         <name>.text:pvPortMalloc</name>
         <load_address>0x22c0</load_address>
         <run_address>0x22c0</run_address>
         <size>0x50</size>
         <input_file_ref idref="fl-13"/>
      </object_component>
      <object_component id="oc-216">
         <name>.text:ButtonsInit</name>
         <load_address>0x2310</load_address>
         <run_address>0x2310</run_address>
         <size>0x4c</size>
         <input_file_ref idref="fl-16"/>
      </object_component>
      <object_component id="oc-47f">
         <name>.text:prvAddCurrentTaskToDelayedList</name>
         <load_address>0x235c</load_address>
         <run_address>0x235c</run_address>
         <size>0x4c</size>
         <input_file_ref idref="fl-11"/>
      </object_component>
      <object_component id="oc-438">
         <name>.text:prvCheckForValidListAndQueue</name>
         <load_address>0x23a8</load_address>
         <run_address>0x23a8</run_address>
         <size>0x4c</size>
         <input_file_ref idref="fl-12"/>
      </object_component>
      <object_component id="oc-502">
         <name>.text:prvProcessTimerOrBlockTask</name>
         <load_address>0x23f4</load_address>
         <run_address>0x23f4</run_address>
         <size>0x4c</size>
         <input_file_ref idref="fl-12"/>
      </object_component>
      <object_component id="oc-228">
         <name>.text:xQueueCreateMutex</name>
         <load_address>0x2440</load_address>
         <run_address>0x2440</run_address>
         <size>0x4c</size>
         <input_file_ref idref="fl-10"/>
      </object_component>
      <object_component id="oc-4ef">
         <name>.text:xQueueGenericCreate</name>
         <load_address>0x248c</load_address>
         <run_address>0x248c</run_address>
         <size>0x4c</size>
         <input_file_ref idref="fl-10"/>
      </object_component>
      <object_component id="oc-1da">
         <name>.text:I2CMStateReadNext</name>
         <load_address>0x24d8</load_address>
         <run_address>0x24d8</run_address>
         <size>0x4a</size>
         <input_file_ref idref="fl-160"/>
      </object_component>
      <object_component id="oc-1f8">
         <name>.text:I2CMStateWriteNext</name>
         <load_address>0x2522</load_address>
         <run_address>0x2522</run_address>
         <size>0x48</size>
         <input_file_ref idref="fl-160"/>
      </object_component>
      <object_component id="oc-2ea">
         <name>.text:I2CMasterInitExpClk</name>
         <load_address>0x256c</load_address>
         <run_address>0x256c</run_address>
         <size>0x48</size>
         <input_file_ref idref="fl-173"/>
      </object_component>
      <object_component id="oc-2c4">
         <name>.text:_SysCtlFrequencyGet</name>
         <load_address>0x25b4</load_address>
         <run_address>0x25b4</run_address>
         <size>0x48</size>
         <input_file_ref idref="fl-15b"/>
      </object_component>
      <object_component id="oc-57d">
         <name>.text:prvProcessExpiredTimer</name>
         <load_address>0x25fc</load_address>
         <run_address>0x25fc</run_address>
         <size>0x48</size>
         <input_file_ref idref="fl-12"/>
      </object_component>
      <object_component id="oc-11">
         <name>.text</name>
         <load_address>0x2644</load_address>
         <run_address>0x2644</run_address>
         <size>0x48</size>
         <input_file_ref idref="fl-146"/>
      </object_component>
      <object_component id="oc-280">
         <name>.text:vTaskPriorityDisinherit</name>
         <load_address>0x268c</load_address>
         <run_address>0x268c</run_address>
         <size>0x48</size>
         <input_file_ref idref="fl-11"/>
      </object_component>
      <object_component id="oc-1c2">
         <name>.text:I2CMStateCallback</name>
         <load_address>0x26d4</load_address>
         <run_address>0x26d4</run_address>
         <size>0x44</size>
         <input_file_ref idref="fl-160"/>
      </object_component>
      <object_component id="oc-416">
         <name>.text:UARTPeek</name>
         <load_address>0x2718</load_address>
         <run_address>0x2718</run_address>
         <size>0x44</size>
         <input_file_ref idref="fl-d"/>
      </object_component>
      <object_component id="oc-584">
         <name>.text:prvInsertTimerInActiveList</name>
         <load_address>0x275c</load_address>
         <run_address>0x275c</run_address>
         <size>0x44</size>
         <input_file_ref idref="fl-12"/>
      </object_component>
      <object_component id="oc-10e">
         <name>.text</name>
         <load_address>0x27a0</load_address>
         <run_address>0x27a0</run_address>
         <size>0x44</size>
         <input_file_ref idref="fl-155"/>
      </object_component>
      <object_component id="oc-72">
         <name>.text</name>
         <load_address>0x27e4</load_address>
         <run_address>0x27e4</run_address>
         <size>0x44</size>
         <input_file_ref idref="fl-14a"/>
      </object_component>
      <object_component id="oc-3d0">
         <name>.text:vTaskPlaceOnEventList</name>
         <load_address>0x2828</load_address>
         <run_address>0x2828</run_address>
         <size>0x44</size>
         <input_file_ref idref="fl-11"/>
      </object_component>
      <object_component id="oc-341">
         <name>.text:xTimerCreateTimerTask</name>
         <load_address>0x286c</load_address>
         <run_address>0x286c</run_address>
         <size>0x44</size>
         <input_file_ref idref="fl-12"/>
      </object_component>
      <object_component id="oc-1d4">
         <name>.text:I2CMStateReadFinal</name>
         <load_address>0x28b0</load_address>
         <run_address>0x28b0</run_address>
         <size>0x40</size>
         <input_file_ref idref="fl-160"/>
      </object_component>
      <object_component id="oc-58">
         <name>.text:IntHandlerGPIOPortM</name>
         <load_address>0x28f0</load_address>
         <run_address>0x28f0</run_address>
         <size>0x40</size>
         <input_file_ref idref="fl-4"/>
      </object_component>
      <object_component id="oc-432">
         <name>.text</name>
         <load_address>0x2930</load_address>
         <run_address>0x2930</run_address>
         <size>0x40</size>
         <input_file_ref idref="fl-151"/>
      </object_component>
      <object_component id="oc-347">
         <name>.text:xPortStartScheduler</name>
         <load_address>0x2970</load_address>
         <run_address>0x2970</run_address>
         <size>0x40</size>
         <input_file_ref idref="fl-14"/>
      </object_component>
      <object_component id="oc-58a">
         <name>.text:xTimerGenericCommand</name>
         <load_address>0x29b0</load_address>
         <run_address>0x29b0</run_address>
         <size>0x40</size>
         <input_file_ref idref="fl-12"/>
      </object_component>
      <object_component id="oc-1ce">
         <name>.text:I2CMStateReadPause</name>
         <load_address>0x29f0</load_address>
         <run_address>0x29f0</run_address>
         <size>0x3e</size>
         <input_file_ref idref="fl-160"/>
      </object_component>
      <object_component id="oc-490">
         <name>.text:UARTFlushTx</name>
         <load_address>0x2a30</load_address>
         <run_address>0x2a30</run_address>
         <size>0x3c</size>
         <input_file_ref idref="fl-d"/>
      </object_component>
      <object_component id="oc-577">
         <name>.text:vQueueWaitForMessageRestricted</name>
         <load_address>0x2a6c</load_address>
         <run_address>0x2a6c</run_address>
         <size>0x3c</size>
         <input_file_ref idref="fl-10"/>
      </object_component>
      <object_component id="oc-479">
         <name>.text:vListInsert</name>
         <load_address>0x2aa8</load_address>
         <run_address>0x2aa8</run_address>
         <size>0x38</size>
         <input_file_ref idref="fl-f"/>
      </object_component>
      <object_component id="oc-3ea">
         <name>.text:prvAllocateTCBAndStack</name>
         <load_address>0x2ae0</load_address>
         <run_address>0x2ae0</run_address>
         <size>0x36</size>
         <input_file_ref idref="fl-11"/>
      </object_component>
      <object_component id="oc-544">
         <name>.text:Cmd_clear</name>
         <load_address>0x2b18</load_address>
         <run_address>0x2b18</run_address>
         <size>0x34</size>
         <input_file_ref idref="fl-3"/>
      </object_component>
      <object_component id="oc-21c">
         <name>.text:I2CMInit</name>
         <load_address>0x2b4c</load_address>
         <run_address>0x2b4c</run_address>
         <size>0x34</size>
         <input_file_ref idref="fl-160"/>
      </object_component>
      <object_component id="oc-48a">
         <name>.text:UARTFlushRx</name>
         <load_address>0x2b80</load_address>
         <run_address>0x2b80</run_address>
         <size>0x2c</size>
         <input_file_ref idref="fl-d"/>
      </object_component>
      <object_component id="oc-5a4">
         <name>.text:vTaskPlaceOnEventListRestricted</name>
         <load_address>0x2bac</load_address>
         <run_address>0x2bac</run_address>
         <size>0x2c</size>
         <input_file_ref idref="fl-11"/>
      </object_component>
      <object_component id="oc-379">
         <name>.text:GPIODirModeSet</name>
         <load_address>0x2bd8</load_address>
         <run_address>0x2bd8</run_address>
         <size>0x2a</size>
         <input_file_ref idref="fl-158"/>
      </object_component>
      <object_component id="oc-1e0">
         <name>.text:I2CMStateReadFirst</name>
         <load_address>0x2c02</load_address>
         <run_address>0x2c02</run_address>
         <size>0x2a</size>
         <input_file_ref idref="fl-160"/>
      </object_component>
      <object_component id="oc-52">
         <name>.text:Timer0IntHandler</name>
         <load_address>0x2c2c</load_address>
         <run_address>0x2c2c</run_address>
         <size>0x28</size>
         <input_file_ref idref="fl-5"/>
      </object_component>
      <object_component id="oc-575">
         <name>.text:prvSampleTimeNow</name>
         <load_address>0x2c54</load_address>
         <run_address>0x2c54</run_address>
         <size>0x28</size>
         <input_file_ref idref="fl-12"/>
      </object_component>
      <object_component id="oc-222">
         <name>.text:IntPrioritySet</name>
         <load_address>0x2c7c</load_address>
         <run_address>0x2c7c</run_address>
         <size>0x24</size>
         <input_file_ref idref="fl-159"/>
      </object_component>
      <object_component id="oc-4d9">
         <name>.text:prvCopyDataFromQueue</name>
         <load_address>0x2ca0</load_address>
         <run_address>0x2ca0</run_address>
         <size>0x24</size>
         <input_file_ref idref="fl-10"/>
      </object_component>
      <object_component id="oc-3f6">
         <name>.text:pxPortInitialiseStack</name>
         <load_address>0x2cc4</load_address>
         <run_address>0x2cc4</run_address>
         <size>0x22</size>
         <input_file_ref idref="fl-14"/>
      </object_component>
      <object_component id="oc-142">
         <name>.text</name>
         <load_address>0x2ce6</load_address>
         <run_address>0x2ce6</run_address>
         <size>0x22</size>
         <input_file_ref idref="fl-14b"/>
      </object_component>
      <object_component id="oc-14e">
         <name>.text:uxListRemove</name>
         <load_address>0x2d08</load_address>
         <run_address>0x2d08</run_address>
         <size>0x22</size>
         <input_file_ref idref="fl-f"/>
      </object_component>
      <object_component id="oc-1e6">
         <name>.text:I2CMStateReadOne</name>
         <load_address>0x2d2a</load_address>
         <run_address>0x2d2a</run_address>
         <size>0x20</size>
         <input_file_ref idref="fl-160"/>
      </object_component>
      <object_component id="oc-4fc">
         <name>.text:prvGetNextExpireTime</name>
         <load_address>0x2d4c</load_address>
         <run_address>0x2d4c</run_address>
         <size>0x20</size>
         <input_file_ref idref="fl-12"/>
      </object_component>
      <object_component id="oc-5b0">
         <name>.text:xTaskGetSchedulerState</name>
         <load_address>0x2d6c</load_address>
         <run_address>0x2d6c</run_address>
         <size>0x20</size>
         <input_file_ref idref="fl-11"/>
      </object_component>
      <object_component id="oc-2be">
         <name>.text:_SysCtlMemTimingGet</name>
         <load_address>0x2d8c</load_address>
         <run_address>0x2d8c</run_address>
         <size>0x1c</size>
         <input_file_ref idref="fl-15b"/>
      </object_component>
      <object_component id="oc-3ca">
         <name>.text:prvIsQueueFull</name>
         <load_address>0x2da8</load_address>
         <run_address>0x2da8</run_address>
         <size>0x1c</size>
         <input_file_ref idref="fl-10"/>
      </object_component>
      <object_component id="oc-46">
         <name>.text:xPortSysTickHandler</name>
         <load_address>0x2dc4</load_address>
         <run_address>0x2dc4</run_address>
         <size>0x1c</size>
         <input_file_ref idref="fl-14"/>
      </object_component>
      <object_component id="oc-1c8">
         <name>.text:I2CMStateReadWait</name>
         <load_address>0x2de0</load_address>
         <run_address>0x2de0</run_address>
         <size>0x1a</size>
         <input_file_ref idref="fl-160"/>
      </object_component>
      <object_component id="oc-23a">
         <name>.text:UARTprintf</name>
         <load_address>0x2dfa</load_address>
         <run_address>0x2dfa</run_address>
         <size>0x1a</size>
         <input_file_ref idref="fl-d"/>
      </object_component>
      <object_component id="oc-4cd">
         <name>.text:prvIsQueueEmpty</name>
         <load_address>0x2e14</load_address>
         <run_address>0x2e14</run_address>
         <size>0x1a</size>
         <input_file_ref idref="fl-10"/>
      </object_component>
      <object_component id="oc-c3">
         <name>.text:IsBufferFull</name>
         <load_address>0x2e2e</load_address>
         <run_address>0x2e2e</run_address>
         <size>0x18</size>
         <input_file_ref idref="fl-d"/>
      </object_component>
      <object_component id="oc-6c">
         <name>.text</name>
         <load_address>0x2e48</load_address>
         <run_address>0x2e48</run_address>
         <size>0x18</size>
         <input_file_ref idref="fl-153"/>
      </object_component>
      <object_component id="oc-4bf">
         <name>.text</name>
         <load_address>0x2e60</load_address>
         <run_address>0x2e60</run_address>
         <size>0x18</size>
         <input_file_ref idref="fl-14f"/>
      </object_component>
      <object_component id="oc-154">
         <name>.text:vListInsertEnd</name>
         <load_address>0x2e78</load_address>
         <run_address>0x2e78</run_address>
         <size>0x18</size>
         <input_file_ref idref="fl-f"/>
      </object_component>
      <object_component id="oc-3ac">
         <name>.text:vTaskSetTimeOutState</name>
         <load_address>0x2e90</load_address>
         <run_address>0x2e90</run_address>
         <size>0x18</size>
         <input_file_ref idref="fl-11"/>
      </object_component>
      <object_component id="oc-40a">
         <name>.text:xTaskGetTickCount</name>
         <load_address>0x2ea8</load_address>
         <run_address>0x2ea8</run_address>
         <size>0x18</size>
         <input_file_ref idref="fl-11"/>
      </object_component>
      <object_component id="oc-308">
         <name>.text:vListInitialise</name>
         <load_address>0x2ec0</load_address>
         <run_address>0x2ec0</run_address>
         <size>0x16</size>
         <input_file_ref idref="fl-f"/>
      </object_component>
      <object_component id="oc-4b7">
         <name>.text:GetBufferCount</name>
         <load_address>0x2ed6</load_address>
         <run_address>0x2ed6</run_address>
         <size>0x14</size>
         <input_file_ref idref="fl-d"/>
      </object_component>
      <object_component id="oc-44b">
         <name>.text:prvSetupTimerInterrupt</name>
         <load_address>0x2eec</load_address>
         <run_address>0x2eec</run_address>
         <size>0x14</size>
         <input_file_ref idref="fl-14"/>
      </object_component>
      <object_component id="oc-43e">
         <name>.text:prvTimerTask</name>
         <load_address>0x2f00</load_address>
         <run_address>0x2f00</run_address>
         <size>0x14</size>
         <input_file_ref idref="fl-12"/>
      </object_component>
      <object_component id="oc-250">
         <name>.text</name>
         <load_address>0x2f14</load_address>
         <run_address>0x2f14</run_address>
         <size>0x14</size>
         <input_file_ref idref="fl-152"/>
      </object_component>
      <object_component id="oc-3b8">
         <name>.text:vPortEnterCritical</name>
         <load_address>0x2f28</load_address>
         <run_address>0x2f28</run_address>
         <size>0x14</size>
         <input_file_ref idref="fl-14"/>
      </object_component>
      <object_component id="oc-3b2">
         <name>.text:vPortExitCritical</name>
         <load_address>0x2f3c</load_address>
         <run_address>0x2f3c</run_address>
         <size>0x14</size>
         <input_file_ref idref="fl-14"/>
      </object_component>
      <object_component id="oc-2db">
         <name>.text:GPIOPinTypeEthernetLED</name>
         <load_address>0x2f50</load_address>
         <run_address>0x2f50</run_address>
         <size>0x12</size>
         <input_file_ref idref="fl-158"/>
      </object_component>
      <object_component id="oc-1c">
         <name>.text:decompress:ZI</name>
         <load_address>0x2f62</load_address>
         <run_address>0x2f62</run_address>
         <size>0x12</size>
         <input_file_ref idref="fl-149"/>
      </object_component>
      <object_component id="oc-516">
         <name>.text:prvDeleteTCB</name>
         <load_address>0x2f74</load_address>
         <run_address>0x2f74</run_address>
         <size>0x12</size>
         <input_file_ref idref="fl-11"/>
      </object_component>
      <object_component id="oc-3d6">
         <name>.text:vPortYield</name>
         <load_address>0x2f88</load_address>
         <run_address>0x2f88</run_address>
         <size>0x10</size>
         <input_file_ref idref="fl-14"/>
      </object_component>
      <object_component id="oc-f3">
         <name>.text:vPortYieldFromISR</name>
         <load_address>0x2f98</load_address>
         <run_address>0x2f98</run_address>
         <size>0x10</size>
         <input_file_ref idref="fl-14"/>
      </object_component>
      <object_component id="oc-397">
         <name>.text:vTaskSuspendAll</name>
         <load_address>0x2fa8</load_address>
         <run_address>0x2fa8</run_address>
         <size>0x10</size>
         <input_file_ref idref="fl-11"/>
      </object_component>
      <object_component id="oc-e1">
         <name>.text:GPIOIntStatus</name>
         <load_address>0x2fb8</load_address>
         <run_address>0x2fb8</run_address>
         <size>0xe</size>
         <input_file_ref idref="fl-158"/>
      </object_component>
      <object_component id="oc-b7">
         <name>.text:IsBufferEmpty</name>
         <load_address>0x2fc6</load_address>
         <run_address>0x2fc6</run_address>
         <size>0xe</size>
         <input_file_ref idref="fl-d"/>
      </object_component>
      <object_component id="oc-32d">
         <name>.text:TimerEnable</name>
         <load_address>0x2fd4</load_address>
         <run_address>0x2fd4</run_address>
         <size>0xe</size>
         <input_file_ref idref="fl-15c"/>
      </object_component>
      <object_component id="oc-16">
         <name>.text:decompress:none</name>
         <load_address>0x2fe2</load_address>
         <run_address>0x2fe2</run_address>
         <size>0xe</size>
         <input_file_ref idref="fl-147"/>
      </object_component>
      <object_component id="oc-5e">
         <name>.text:SensHubI2CIntHandler</name>
         <load_address>0x2ff0</load_address>
         <run_address>0x2ff0</run_address>
         <size>0xc</size>
         <input_file_ref idref="fl-5"/>
      </object_component>
      <object_component id="oc-471">
         <name>.text:vTaskMissedYield</name>
         <load_address>0x2ffc</load_address>
         <run_address>0x2ffc</run_address>
         <size>0xc</size>
         <input_file_ref idref="fl-11"/>
      </object_component>
      <object_component id="oc-4df">
         <name>.text:xTaskGetCurrentTaskHandle</name>
         <load_address>0x3008</load_address>
         <run_address>0x3008</run_address>
         <size>0xc</size>
         <input_file_ref idref="fl-11"/>
      </object_component>
      <object_component id="oc-387">
         <name>.text:I2CMasterEnable</name>
         <load_address>0x3014</load_address>
         <run_address>0x3014</run_address>
         <size>0xa</size>
         <input_file_ref idref="fl-173"/>
      </object_component>
      <object_component id="oc-1b6">
         <name>.text:I2CMasterIntClear</name>
         <load_address>0x301e</load_address>
         <run_address>0x301e</run_address>
         <size>0x8</size>
         <input_file_ref idref="fl-173"/>
      </object_component>
      <object_component id="oc-2f6">
         <name>.text:I2CMasterIntEnableEx</name>
         <load_address>0x3026</load_address>
         <run_address>0x3026</run_address>
         <size>0x8</size>
         <input_file_ref idref="fl-173"/>
      </object_component>
      <object_component id="oc-2a3">
         <name>.text:I2CMasterSlaveAddrSet</name>
         <load_address>0x302e</load_address>
         <run_address>0x302e</run_address>
         <size>0x8</size>
         <input_file_ref idref="fl-173"/>
      </object_component>
      <object_component id="oc-34d">
         <name>.text:prvIdleTask</name>
         <load_address>0x3036</load_address>
         <run_address>0x3036</run_address>
         <size>0x8</size>
         <input_file_ref idref="fl-11"/>
      </object_component>
      <object_component id="oc-e7">
         <name>.text:GPIOIntClear</name>
         <load_address>0x303e</load_address>
         <run_address>0x303e</run_address>
         <size>0x6</size>
         <input_file_ref idref="fl-158"/>
      </object_component>
      <object_component id="oc-29">
         <name>.text:ResetISR</name>
         <load_address>0x3044</load_address>
         <run_address>0x3044</run_address>
         <size>0x6</size>
         <input_file_ref idref="fl-7"/>
      </object_component>
      <object_component id="oc-3dd">
         <name>.text:UARTClockSourceSet</name>
         <load_address>0x304a</load_address>
         <run_address>0x304a</run_address>
         <size>0x6</size>
         <input_file_ref idref="fl-15d"/>
      </object_component>
      <object_component id="oc-22">
         <name>.text:decompress:rle24</name>
         <load_address>0x3050</load_address>
         <run_address>0x3050</run_address>
         <size>0x6</size>
         <input_file_ref idref="fl-148"/>
      </object_component>
      <object_component id="oc-4a4">
         <name>.text:vListInitialiseItem</name>
         <load_address>0x3056</load_address>
         <run_address>0x3056</run_address>
         <size>0x6</size>
         <input_file_ref idref="fl-f"/>
      </object_component>
      <object_component id="oc-53e">
         <name>.text:Cmd_activate</name>
         <load_address>0x305c</load_address>
         <run_address>0x305c</run_address>
         <size>0x4</size>
         <input_file_ref idref="fl-3"/>
      </object_component>
      <object_component id="oc-550">
         <name>.text:Cmd_connect</name>
         <load_address>0x3060</load_address>
         <run_address>0x3060</run_address>
         <size>0x4</size>
         <input_file_ref idref="fl-3"/>
      </object_component>
      <object_component id="oc-538">
         <name>.text:Cmd_stats</name>
         <load_address>0x3064</load_address>
         <run_address>0x3064</run_address>
         <size>0x4</size>
         <input_file_ref idref="fl-3"/>
      </object_component>
      <object_component id="oc-556">
         <name>.text:Cmd_sync</name>
         <load_address>0x3068</load_address>
         <run_address>0x3068</run_address>
         <size>0x4</size>
         <input_file_ref idref="fl-3"/>
      </object_component>
      <object_component id="oc-1bc">
         <name>.text:I2CMasterControl</name>
         <load_address>0x306c</load_address>
         <run_address>0x306c</run_address>
         <size>0x4</size>
         <input_file_ref idref="fl-173"/>
      </object_component>
      <object_component id="oc-299">
         <name>.text:I2CMasterDataGet</name>
         <load_address>0x3070</load_address>
         <run_address>0x3070</run_address>
         <size>0x4</size>
         <input_file_ref idref="fl-173"/>
      </object_component>
      <object_component id="oc-2ab">
         <name>.text:I2CMasterDataPut</name>
         <load_address>0x3074</load_address>
         <run_address>0x3074</run_address>
         <size>0x4</size>
         <input_file_ref idref="fl-173"/>
      </object_component>
      <object_component id="oc-531">
         <name>.const:.string</name>
         <load_address>0x3078</load_address>
         <run_address>0x3078</run_address>
         <size>0x150</size>
         <input_file_ref idref="fl-3"/>
      </object_component>
      <object_component id="oc-2cd">
         <name>.const:g_pppui32XTALtoVCO</name>
         <load_address>0x31c8</load_address>
         <run_address>0x31c8</run_address>
         <size>0x120</size>
         <input_file_ref idref="fl-15b"/>
      </object_component>
      <object_component id="oc-2fd">
         <name>.const:g_pui32Regs</name>
         <load_address>0x32e8</load_address>
         <run_address>0x32e8</run_address>
         <size>0x9c</size>
         <input_file_ref idref="fl-159"/>
      </object_component>
      <object_component id="oc-38e">
         <name>.const</name>
         <load_address>0x3384</load_address>
         <run_address>0x3384</run_address>
         <size>0x70</size>
         <input_file_ref idref="fl-159"/>
      </object_component>
      <object_component id="oc-2ca">
         <name>.const:g_pui32Xtals</name>
         <load_address>0x33f4</load_address>
         <run_address>0x33f4</run_address>
         <size>0x6c</size>
         <input_file_ref idref="fl-15b"/>
      </object_component>
      <object_component id="oc-366">
         <name>.const:g_sXTALtoMEMTIM</name>
         <load_address>0x3460</load_address>
         <run_address>0x3460</run_address>
         <size>0x30</size>
         <input_file_ref idref="fl-15b"/>
      </object_component>
      <object_component id="oc-163">
         <name>.const</name>
         <load_address>0x3490</load_address>
         <run_address>0x3490</run_address>
         <size>0x28</size>
         <input_file_ref idref="fl-d"/>
      </object_component>
      <object_component id="oc-149">
         <name>.const:.string</name>
         <load_address>0x34b8</load_address>
         <run_address>0x34b8</run_address>
         <size>0x14</size>
         <input_file_ref idref="fl-11"/>
      </object_component>
      <object_component id="oc-277">
         <name>.const:.string</name>
         <load_address>0x34cc</load_address>
         <run_address>0x34cc</run_address>
         <size>0x12</size>
         <input_file_ref idref="fl-d"/>
      </object_component>
      <object_component id="oc-2d0">
         <name>.const</name>
         <load_address>0x34e0</load_address>
         <run_address>0x34e0</run_address>
         <size>0x8</size>
         <input_file_ref idref="fl-15b"/>
      </object_component>
      <object_component id="oc-5da">
         <name>.cinit..data.load</name>
         <load_address>0x34e8</load_address>
         <run_address>0x34e8</run_address>
         <size>0x8c</size>
      </object_component>
      <object_component id="oc-5d8">
         <name>__TI_handler_table</name>
         <load_address>0x3574</load_address>
         <run_address>0x3574</run_address>
         <size>0xc</size>
      </object_component>
      <object_component id="oc-5db">
         <name>.cinit..bss.load</name>
         <load_address>0x3580</load_address>
         <run_address>0x3580</run_address>
         <size>0x8</size>
      </object_component>
      <object_component id="oc-5d9">
         <name>__TI_cinit_table</name>
         <load_address>0x3588</load_address>
         <run_address>0x3588</run_address>
         <size>0x10</size>
      </object_component>
      <object_component id="oc-78">
         <name>.data</name>
         <load_address>0x200148b0</load_address>
         <run_address>0x200148b0</run_address>
         <size>0x4</size>
         <input_file_ref idref="fl-14e"/>
      </object_component>
      <object_component id="oc-a0">
         <name>.data</name>
         <load_address>0x2001483c</load_address>
         <run_address>0x2001483c</run_address>
         <size>0x38</size>
         <input_file_ref idref="fl-11"/>
      </object_component>
      <object_component id="oc-c9">
         <name>.data</name>
         <load_address>0x20014874</load_address>
         <run_address>0x20014874</run_address>
         <size>0x15</size>
         <input_file_ref idref="fl-d"/>
      </object_component>
      <object_component id="oc-11d">
         <name>.data</name>
         <load_address>0x20014894</load_address>
         <run_address>0x20014894</run_address>
         <size>0x8</size>
         <input_file_ref idref="fl-152"/>
      </object_component>
      <object_component id="oc-120">
         <name>.data</name>
         <load_address>0x2001489c</load_address>
         <run_address>0x2001489c</run_address>
         <size>0x8</size>
         <input_file_ref idref="fl-14a"/>
      </object_component>
      <object_component id="oc-2e3">
         <name>.data</name>
         <load_address>0x20014889</load_address>
         <run_address>0x20014889</run_address>
         <size>0x3</size>
         <input_file_ref idref="fl-16"/>
      </object_component>
      <object_component id="oc-3a3">
         <name>.data</name>
         <load_address>0x2001488c</load_address>
         <run_address>0x2001488c</run_address>
         <size>0x8</size>
         <input_file_ref idref="fl-13"/>
      </object_component>
      <object_component id="oc-444">
         <name>.data</name>
         <load_address>0x200148a4</load_address>
         <run_address>0x200148a4</run_address>
         <size>0x8</size>
         <input_file_ref idref="fl-12"/>
      </object_component>
      <object_component id="oc-451">
         <name>.data</name>
         <load_address>0x200148ac</load_address>
         <run_address>0x200148ac</run_address>
         <size>0x4</size>
         <input_file_ref idref="fl-14"/>
      </object_component>
      <object_component id="oc-4c8">
         <name>.data:g_psCmdTable</name>
         <load_address>0x200147c4</load_address>
         <run_address>0x200147c4</run_address>
         <size>0x78</size>
         <input_file_ref idref="fl-3"/>
      </object_component>
      <object_component id="oc-cf">
         <name>.bss:g_pcUARTRxBuffer</name>
         <uninitialized>true</uninitialized>
         <run_address>0x20010664</run_address>
         <size>0x80</size>
         <input_file_ref idref="fl-d"/>
      </object_component>
      <object_component id="oc-103">
         <name>.bss:g_sI2CInst</name>
         <uninitialized>true</uninitialized>
         <run_address>0x20010540</run_address>
         <size>0x124</size>
         <input_file_ref idref="fl-5"/>
      </object_component>
      <object_component id="oc-14a">
         <name>.bss:pxReadyTasksLists</name>
         <uninitialized>true</uninitialized>
         <run_address>0x20010400</run_address>
         <size>0x140</size>
         <input_file_ref idref="fl-11"/>
      </object_component>
      <object_component id="oc-166">
         <name>.bss:g_pcUARTTxBuffer</name>
         <uninitialized>true</uninitialized>
         <run_address>0x20010000</run_address>
         <size>0x400</size>
         <input_file_ref idref="fl-d"/>
      </object_component>
      <object_component id="oc-3a6">
         <name>.bss:ucHeap</name>
         <uninitialized>true</uninitialized>
         <run_address>0x20000000</run_address>
         <size>0x10000</size>
         <input_file_ref idref="fl-13"/>
      </object_component>
      <object_component id="oc-4c5">
         <name>.bss:g_ppcArgv</name>
         <uninitialized>true</uninitialized>
         <run_address>0x200106e4</run_address>
         <size>0x24</size>
         <input_file_ref idref="fl-8"/>
      </object_component>
      <object_component id="oc-325">
         <name>.common:g_xCommandHandle</name>
         <uninitialized>true</uninitialized>
         <run_address>0x200107a0</run_address>
         <size>0x4</size>
      </object_component>
      <object_component id="oc-598">
         <name>.common:g_xUARTSemaphore</name>
         <uninitialized>true</uninitialized>
         <run_address>0x200107ac</run_address>
         <size>0x4</size>
      </object_component>
      <object_component id="oc-f9">
         <name>.common:g_xCompDCMDataReadySemaphore</name>
         <uninitialized>true</uninitialized>
         <run_address>0x200107a4</run_address>
         <size>0x4</size>
      </object_component>
      <object_component id="oc-333">
         <name>.common:g_ui32SysClock</name>
         <uninitialized>true</uninitialized>
         <run_address>0x20010798</run_address>
         <size>0x4</size>
      </object_component>
      <object_component id="oc-246">
         <name>.common:g_xI2CSemaphore</name>
         <uninitialized>true</uninitialized>
         <run_address>0x200107a8</run_address>
         <size>0x4</size>
      </object_component>
      <object_component id="oc-353">
         <name>.common:g_vulRunTimeStatsCountValue</name>
         <uninitialized>true</uninitialized>
         <run_address>0x2001079c</run_address>
         <size>0x4</size>
      </object_component>
      <object_component id="oc-cc">
         <name>.common:g_bDisableEcho</name>
         <uninitialized>true</uninitialized>
         <run_address>0x200107c0</run_address>
         <size>0x1</size>
      </object_component>
      <object_component id="oc-496">
         <name>.common:g_ui32PortNum</name>
         <uninitialized>true</uninitialized>
         <run_address>0x20010794</run_address>
         <size>0x4</size>
      </object_component>
      <object_component id="oc-4ad">
         <name>.common:xDelayedTaskList1</name>
         <uninitialized>true</uninitialized>
         <run_address>0x20010730</run_address>
         <size>0x14</size>
      </object_component>
      <object_component id="oc-4ae">
         <name>.common:xDelayedTaskList2</name>
         <uninitialized>true</uninitialized>
         <run_address>0x20010744</run_address>
         <size>0x14</size>
      </object_component>
      <object_component id="oc-520">
         <name>.common:pxDelayedTaskList</name>
         <uninitialized>true</uninitialized>
         <run_address>0x200107b4</run_address>
         <size>0x4</size>
      </object_component>
      <object_component id="oc-521">
         <name>.common:pxOverflowDelayedTaskList</name>
         <uninitialized>true</uninitialized>
         <run_address>0x200107b8</run_address>
         <size>0x4</size>
      </object_component>
      <object_component id="oc-4af">
         <name>.common:xPendingReadyList</name>
         <uninitialized>true</uninitialized>
         <run_address>0x20010758</run_address>
         <size>0x14</size>
      </object_component>
      <object_component id="oc-51c">
         <name>.common:xTasksWaitingTermination</name>
         <uninitialized>true</uninitialized>
         <run_address>0x20010780</run_address>
         <size>0x14</size>
      </object_component>
      <object_component id="oc-4b1">
         <name>.common:xSuspendedTaskList</name>
         <uninitialized>true</uninitialized>
         <run_address>0x2001076c</run_address>
         <size>0x14</size>
      </object_component>
      <object_component id="oc-4f5">
         <name>.common:xActiveTimerList1</name>
         <uninitialized>true</uninitialized>
         <run_address>0x20010708</run_address>
         <size>0x14</size>
      </object_component>
      <object_component id="oc-4f8">
         <name>.common:xActiveTimerList2</name>
         <uninitialized>true</uninitialized>
         <run_address>0x2001071c</run_address>
         <size>0x14</size>
      </object_component>
      <object_component id="oc-5b7">
         <name>.common:pxCurrentTimerList</name>
         <uninitialized>true</uninitialized>
         <run_address>0x200107b0</run_address>
         <size>0x4</size>
      </object_component>
      <object_component id="oc-5b8">
         <name>.common:pxOverflowTimerList</name>
         <uninitialized>true</uninitialized>
         <run_address>0x200107bc</run_address>
         <size>0x4</size>
      </object_component>
      <object_component id="oc-28">
         <name>.stack</name>
         <uninitialized>true</uninitialized>
         <run_address>0x200107c4</run_address>
         <size>0x0</size>
         <input_file_ref idref="fl-146"/>
      </object_component>
      <object_component id="oc-5dc">
         <name>.stack</name>
         <uninitialized>true</uninitialized>
         <run_address>0x200107c4</run_address>
         <size>0x0</size>
      </object_component>
      <object_component id="oc-f">
         <name>.debug_info</name>
         <load_address>0x0</load_address>
         <run_address>0x0</run_address>
         <size>0xce</size>
         <input_file_ref idref="fl-7"/>
      </object_component>
      <object_component id="oc-13">
         <name>.debug_info</name>
         <load_address>0xce</load_address>
         <run_address>0xce</run_address>
         <size>0xf2</size>
         <input_file_ref idref="fl-146"/>
      </object_component>
      <object_component id="oc-17">
         <name>.debug_info</name>
         <load_address>0x1c0</load_address>
         <run_address>0x1c0</run_address>
         <size>0x180</size>
         <input_file_ref idref="fl-147"/>
      </object_component>
      <object_component id="oc-1d">
         <name>.debug_info</name>
         <load_address>0x340</load_address>
         <run_address>0x340</run_address>
         <size>0x16b</size>
         <input_file_ref idref="fl-149"/>
      </object_component>
      <object_component id="oc-23">
         <name>.debug_info</name>
         <load_address>0x4ab</load_address>
         <run_address>0x4ab</run_address>
         <size>0x167</size>
         <input_file_ref idref="fl-148"/>
      </object_component>
      <object_component id="oc-2a">
         <name>.debug_info</name>
         <load_address>0x612</load_address>
         <run_address>0x612</run_address>
         <size>0xfe</size>
         <input_file_ref idref="fl-7"/>
      </object_component>
      <object_component id="oc-30">
         <name>.debug_info</name>
         <load_address>0x710</load_address>
         <run_address>0x710</run_address>
         <size>0xec</size>
         <input_file_ref idref="fl-7"/>
      </object_component>
      <object_component id="oc-36">
         <name>.debug_info</name>
         <load_address>0x7fc</load_address>
         <run_address>0x7fc</run_address>
         <size>0xf5</size>
         <input_file_ref idref="fl-7"/>
      </object_component>
      <object_component id="oc-3c">
         <name>.debug_info</name>
         <load_address>0x8f1</load_address>
         <run_address>0x8f1</run_address>
         <size>0x107</size>
         <input_file_ref idref="fl-7"/>
      </object_component>
      <object_component id="oc-42">
         <name>.debug_info</name>
         <load_address>0x9f8</load_address>
         <run_address>0x9f8</run_address>
         <size>0x1a8</size>
         <input_file_ref idref="fl-15"/>
      </object_component>
      <object_component id="oc-47">
         <name>.debug_info</name>
         <load_address>0xba0</load_address>
         <run_address>0xba0</run_address>
         <size>0x22a</size>
         <input_file_ref idref="fl-14"/>
      </object_component>
      <object_component id="oc-4d">
         <name>.debug_info</name>
         <load_address>0xdca</load_address>
         <run_address>0xdca</run_address>
         <size>0x291</size>
         <input_file_ref idref="fl-d"/>
      </object_component>
      <object_component id="oc-53">
         <name>.debug_info</name>
         <load_address>0x105b</load_address>
         <run_address>0x105b</run_address>
         <size>0x103</size>
         <input_file_ref idref="fl-5"/>
      </object_component>
      <object_component id="oc-59">
         <name>.debug_info</name>
         <load_address>0x115e</load_address>
         <run_address>0x115e</run_address>
         <size>0x1cf</size>
         <input_file_ref idref="fl-4"/>
      </object_component>
      <object_component id="oc-5f">
         <name>.debug_info</name>
         <load_address>0x132d</load_address>
         <run_address>0x132d</run_address>
         <size>0x114</size>
         <input_file_ref idref="fl-5"/>
      </object_component>
      <object_component id="oc-66">
         <name>.debug_info</name>
         <load_address>0x1441</load_address>
         <run_address>0x1441</run_address>
         <size>0x21d</size>
         <input_file_ref idref="fl-7"/>
      </object_component>
      <object_component id="oc-68">
         <name>.debug_info</name>
         <load_address>0x165e</load_address>
         <run_address>0x165e</run_address>
         <size>0x13a</size>
         <input_file_ref idref="fl-154"/>
      </object_component>
      <object_component id="oc-6d">
         <name>.debug_info</name>
         <load_address>0x1798</load_address>
         <run_address>0x1798</run_address>
         <size>0x11d</size>
         <input_file_ref idref="fl-153"/>
      </object_component>
      <object_component id="oc-73">
         <name>.debug_info</name>
         <load_address>0x18b5</load_address>
         <run_address>0x18b5</run_address>
         <size>0x1ae</size>
         <input_file_ref idref="fl-14a"/>
      </object_component>
      <object_component id="oc-79">
         <name>.debug_info</name>
         <load_address>0x1a63</load_address>
         <run_address>0x1a63</run_address>
         <size>0xbf</size>
         <input_file_ref idref="fl-14e"/>
      </object_component>
      <object_component id="oc-7d">
         <name>.debug_info</name>
         <load_address>0x1b22</load_address>
         <run_address>0x1b22</run_address>
         <size>0xcb</size>
         <input_file_ref idref="fl-14c"/>
      </object_component>
      <object_component id="oc-82">
         <name>.debug_info</name>
         <load_address>0x1bed</load_address>
         <run_address>0x1bed</run_address>
         <size>0x46</size>
         <input_file_ref idref="fl-147"/>
      </object_component>
      <object_component id="oc-87">
         <name>.debug_info</name>
         <load_address>0x1c33</load_address>
         <run_address>0x1c33</run_address>
         <size>0xee</size>
         <input_file_ref idref="fl-147"/>
      </object_component>
      <object_component id="oc-89">
         <name>.debug_info</name>
         <load_address>0x1d21</load_address>
         <run_address>0x1d21</run_address>
         <size>0x46</size>
         <input_file_ref idref="fl-149"/>
      </object_component>
      <object_component id="oc-8e">
         <name>.debug_info</name>
         <load_address>0x1d67</load_address>
         <run_address>0x1d67</run_address>
         <size>0xae</size>
         <input_file_ref idref="fl-149"/>
      </object_component>
      <object_component id="oc-90">
         <name>.debug_info</name>
         <load_address>0x1e15</load_address>
         <run_address>0x1e15</run_address>
         <size>0x1f0</size>
         <input_file_ref idref="fl-148"/>
      </object_component>
      <object_component id="oc-96">
         <name>.debug_info</name>
         <load_address>0x2005</load_address>
         <run_address>0x2005</run_address>
         <size>0xb8</size>
         <input_file_ref idref="fl-148"/>
      </object_component>
      <object_component id="oc-97">
         <name>.debug_info</name>
         <load_address>0x20bd</load_address>
         <run_address>0x20bd</run_address>
         <size>0x39</size>
         <input_file_ref idref="fl-148"/>
      </object_component>
      <object_component id="oc-a1">
         <name>.debug_info</name>
         <load_address>0x20f6</load_address>
         <run_address>0x20f6</run_address>
         <size>0x36a</size>
         <input_file_ref idref="fl-11"/>
      </object_component>
      <object_component id="oc-a4">
         <name>.debug_info</name>
         <load_address>0x2460</load_address>
         <run_address>0x2460</run_address>
         <size>0x24a</size>
         <input_file_ref idref="fl-11"/>
      </object_component>
      <object_component id="oc-ab">
         <name>.debug_info</name>
         <load_address>0x26aa</load_address>
         <run_address>0x26aa</run_address>
         <size>0x27e</size>
         <input_file_ref idref="fl-11"/>
      </object_component>
      <object_component id="oc-b2">
         <name>.debug_info</name>
         <load_address>0x2928</load_address>
         <run_address>0x2928</run_address>
         <size>0x1bd</size>
         <input_file_ref idref="fl-d"/>
      </object_component>
      <object_component id="oc-b8">
         <name>.debug_info</name>
         <load_address>0x2ae5</load_address>
         <run_address>0x2ae5</run_address>
         <size>0x1fd</size>
         <input_file_ref idref="fl-d"/>
      </object_component>
      <object_component id="oc-be">
         <name>.debug_info</name>
         <load_address>0x2ce2</load_address>
         <run_address>0x2ce2</run_address>
         <size>0x200</size>
         <input_file_ref idref="fl-d"/>
      </object_component>
      <object_component id="oc-c4">
         <name>.debug_info</name>
         <load_address>0x2ee2</load_address>
         <run_address>0x2ee2</run_address>
         <size>0x22d</size>
         <input_file_ref idref="fl-d"/>
      </object_component>
      <object_component id="oc-ca">
         <name>.debug_info</name>
         <load_address>0x310f</load_address>
         <run_address>0x310f</run_address>
         <size>0x1cf</size>
         <input_file_ref idref="fl-d"/>
      </object_component>
      <object_component id="oc-cd">
         <name>.debug_info</name>
         <load_address>0x32de</load_address>
         <run_address>0x32de</run_address>
         <size>0x18a</size>
         <input_file_ref idref="fl-d"/>
      </object_component>
      <object_component id="oc-d0">
         <name>.debug_info</name>
         <load_address>0x3468</load_address>
         <run_address>0x3468</run_address>
         <size>0xef</size>
         <input_file_ref idref="fl-d"/>
      </object_component>
      <object_component id="oc-d3">
         <name>.debug_info</name>
         <load_address>0x3557</load_address>
         <run_address>0x3557</run_address>
         <size>0x8b</size>
         <input_file_ref idref="fl-2"/>
      </object_component>
      <object_component id="oc-d8">
         <name>.debug_info</name>
         <load_address>0x35e2</load_address>
         <run_address>0x35e2</run_address>
         <size>0x18b</size>
         <input_file_ref idref="fl-2"/>
      </object_component>
      <object_component id="oc-de">
         <name>.debug_info</name>
         <load_address>0x376d</load_address>
         <run_address>0x376d</run_address>
         <size>0x509</size>
         <input_file_ref idref="fl-5"/>
      </object_component>
      <object_component id="oc-e2">
         <name>.debug_info</name>
         <load_address>0x3c76</load_address>
         <run_address>0x3c76</run_address>
         <size>0x27f</size>
         <input_file_ref idref="fl-158"/>
      </object_component>
      <object_component id="oc-e8">
         <name>.debug_info</name>
         <load_address>0x3ef5</load_address>
         <run_address>0x3ef5</run_address>
         <size>0x28d</size>
         <input_file_ref idref="fl-158"/>
      </object_component>
      <object_component id="oc-ee">
         <name>.debug_info</name>
         <load_address>0x4182</load_address>
         <run_address>0x4182</run_address>
         <size>0x33d</size>
         <input_file_ref idref="fl-10"/>
      </object_component>
      <object_component id="oc-f4">
         <name>.debug_info</name>
         <load_address>0x44bf</load_address>
         <run_address>0x44bf</run_address>
         <size>0x1d3</size>
         <input_file_ref idref="fl-14"/>
      </object_component>
      <object_component id="oc-fa">
         <name>.debug_info</name>
         <load_address>0x4692</load_address>
         <run_address>0x4692</run_address>
         <size>0xbfa</size>
         <input_file_ref idref="fl-4"/>
      </object_component>
      <object_component id="oc-fe">
         <name>.debug_info</name>
         <load_address>0x528c</load_address>
         <run_address>0x528c</run_address>
         <size>0x3f3</size>
         <input_file_ref idref="fl-160"/>
      </object_component>
      <object_component id="oc-104">
         <name>.debug_info</name>
         <load_address>0x567f</load_address>
         <run_address>0x567f</run_address>
         <size>0xc4</size>
         <input_file_ref idref="fl-5"/>
      </object_component>
[...]
         <name>vApplicationStackOverflowHook</name>
         <value>0x17d3</value>
         <object_component_ref idref="oc-13c"/>
      </symbol>
      <symbol id="sm-185">
         <name>g_sI2CInst</name>
         <value>0x20010540</value>
         <object_component_ref idref="oc-103"/>
      </symbol>
      <symbol id="sm-186">
         <name>SensHubI2CIntHandler</name>
         <value>0x2ff1</value>
         <object_component_ref idref="oc-5e"/>
      </symbol>
      <symbol id="sm-187">
         <name>main</name>
         <value>0x805</value>
         <object_component_ref idref="oc-115"/>
      </symbol>
      <symbol id="sm-188">
         <name>Timer0IntHandler</name>
         <value>0x2c2d</value>
         <object_component_ref idref="oc-52"/>
      </symbol>
      <symbol id="sm-1bf">
         <name>ResetISR</name>
         <value>0x3045</value>
         <object_component_ref idref="oc-29"/>
      </symbol>
      <symbol id="sm-1c0">
         <name>g_pfnVectors</name>
         <value>0x0</value>
         <object_component_ref idref="oc-e"/>
      </symbol>
      <symbol id="sm-1df">
         <name>CmdLineProcess</name>
         <value>0x1e35</value>
         <object_component_ref idref="oc-422"/>
      </symbol>
      <symbol id="sm-2f2">
         <name>UARTFlushRx</name>
         <value>0x2b81</value>
         <object_component_ref idref="oc-48a"/>
      </symbol>
      <symbol id="sm-2f3">
         <name>UARTgets</name>
         <value>0x2179</value>
         <object_component_ref idref="oc-41c"/>
      </symbol>
      <symbol id="sm-2f4">
         <name>UARTFlushTx</name>
         <value>0x2a31</value>
         <object_component_ref idref="oc-490"/>
      </symbol>
      <symbol id="sm-2f5">
         <name>UARTStdioConfig</name>
         <value>0x14a1</value>
         <object_component_ref idref="oc-3e3"/>
      </symbol>
      <symbol id="sm-2f6">
         <name>UARTStdioIntHandler</name>
         <value>0xad5</value>
         <object_component_ref idref="oc-4c"/>
      </symbol>
      <symbol id="sm-2f7">
         <name>UARTwrite</name>
         <value>0x1551</value>
         <object_component_ref idref="oc-bd"/>
      </symbol>
      <symbol id="sm-2f8">
         <name>UARTPeek</name>
         <value>0x2719</value>
         <object_component_ref idref="oc-416"/>
      </symbol>
      <symbol id="sm-2f9">
         <name>UARTprintf</name>
         <value>0x2dfb</value>
         <object_component_ref idref="oc-23a"/>
      </symbol>
      <symbol id="sm-2fa">
         <name>UARTvprintf</name>
         <value>0x619</value>
         <object_component_ref idref="oc-335"/>
      </symbol>
      <symbol id="sm-330">
         <name>uxListRemove</name>
         <value>0x2d09</value>
         <object_component_ref idref="oc-14e"/>
      </symbol>
      <symbol id="sm-331">
         <name>vListInsert</name>
         <value>0x2aa9</value>
         <object_component_ref idref="oc-479"/>
      </symbol>
      <symbol id="sm-332">
         <name>vListInitialiseItem</name>
         <value>0x3057</value>
         <object_component_ref idref="oc-4a4"/>
      </symbol>
      <symbol id="sm-333">
         <name>vListInsertEnd</name>
         <value>0x2e79</value>
         <object_component_ref idref="oc-154"/>
      </symbol>
      <symbol id="sm-334">
         <name>vListInitialise</name>
         <value>0x2ec1</value>
         <object_component_ref idref="oc-308"/>
      </symbol>
      <symbol id="sm-3d0">
         <name>xQueueGenericSendFromISR</name>
         <value>0x2121</value>
         <object_component_ref idref="oc-ed"/>
      </symbol>
      <symbol id="sm-3d1">
         <name>xQueueGenericCreate</name>
         <value>0x248d</value>
         <object_component_ref idref="oc-4ef"/>
      </symbol>
      <symbol id="sm-3d2">
         <name>xQueueCreateMutex</name>
         <value>0x2441</value>
         <object_component_ref idref="oc-228"/>
      </symbol>
      <symbol id="sm-3d3">
         <name>xQueueGenericSend</name>
         <value>0x13d9</value>
         <object_component_ref idref="oc-30e"/>
      </symbol>
      <symbol id="sm-3d4">
         <name>xQueueGenericReset</name>
         <value>0x1a7f</value>
         <object_component_ref idref="oc-565"/>
      </symbol>
      <symbol id="sm-3d5">
         <name>xQueueGenericReceive</name>
         <value>0xe79</value>
         <object_component_ref idref="oc-428"/>
      </symbol>
      <symbol id="sm-3d6">
         <name>vQueueWaitForMessageRestricted</name>
         <value>0x2a6d</value>
         <object_component_ref idref="oc-577"/>
      </symbol>
      <symbol id="sm-589">
         <name>vTaskSuspendAll</name>
         <value>0x2fa9</value>
         <object_component_ref idref="oc-397"/>
      </symbol>
      <symbol id="sm-58a">
         <name>vTaskPriorityInherit</name>
         <value>0x1b61</value>
         <object_component_ref idref="oc-4d3"/>
      </symbol>
      <symbol id="sm-58b">
         <name>vTaskPlaceOnEventList</name>
         <value>0x2829</value>
         <object_component_ref idref="oc-3d0"/>
      </symbol>
      <symbol id="sm-58c">
         <name>xTaskCheckForTimeOut</name>
         <value>0x21cd</value>
         <object_component_ref idref="oc-3be"/>
      </symbol>
      <symbol id="sm-58d">
         <name>vTaskStartScheduler</name>
         <value>0x206d</value>
         <object_component_ref idref="oc-240"/>
      </symbol>
      <symbol id="sm-58e">
         <name>vTaskPriorityDisinherit</name>
         <value>0x268d</value>
         <object_component_ref idref="oc-280"/>
      </symbol>
      <symbol id="sm-58f">
         <name>vTaskDelayUntil</name>
         <value>0x2011</value>
         <object_component_ref idref="oc-410"/>
      </symbol>
      <symbol id="sm-590">
         <name>vTaskMissedYield</name>
         <value>0x2ffd</value>
         <object_component_ref idref="oc-471"/>
      </symbol>
      <symbol id="sm-591">
         <name>xTaskResumeAll</name>
         <value>0x1241</value>
         <object_component_ref idref="oc-39d"/>
      </symbol>
      <symbol id="sm-592">
         <name>xTaskGetTickCount</name>
         <value>0x2ea9</value>
         <object_component_ref idref="oc-40a"/>
      </symbol>
      <symbol id="sm-593">
         <name>xTaskGenericCreate</name>
         <value>0x1165</value>
         <object_component_ref idref="oc-31b"/>
      </symbol>
      <symbol id="sm-594">
         <name>pxCurrentTCB</name>
         <value>0x2001483c</value>
         <object_component_ref idref="oc-a0"/>
      </symbol>
      <symbol id="sm-595">
         <name>vTaskPlaceOnEventListRestricted</name>
         <value>0x2bad</value>
         <object_component_ref idref="oc-5a4"/>
      </symbol>
      <symbol id="sm-596">
         <name>vTaskSetTimeOutState</name>
         <value>0x2e91</value>
         <object_component_ref idref="oc-3ac"/>
      </symbol>
      <symbol id="sm-597">
         <name>xTaskIncrementTick</name>
         <value>0xd65</value>
         <object_component_ref idref="oc-aa"/>
      </symbol>
      <symbol id="sm-598">
         <name>vTaskSwitchContext</name>
         <value>0x1311</value>
         <object_component_ref idref="oc-a3"/>
      </symbol>
      <symbol id="sm-599">
         <name>xTaskGetSchedulerState</name>
         <value>0x2d6d</value>
         <object_component_ref idref="oc-5b0"/>
      </symbol>
      <symbol id="sm-59a">
         <name>xTaskGetCurrentTaskHandle</name>
         <value>0x3009</value>
         <object_component_ref idref="oc-4df"/>
      </symbol>
      <symbol id="sm-59b">
         <name>xTaskRemoveFromEventList</name>
         <value>0x1af1</value>
         <object_component_ref idref="oc-197"/>
      </symbol>
      <symbol id="sm-64b">
         <name>xTimerCreateTimerTask</name>
         <value>0x286d</value>
         <object_component_ref idref="oc-341"/>
      </symbol>
      <symbol id="sm-64c">
         <name>xTimerGenericCommand</name>
         <value>0x29b1</value>
         <object_component_ref idref="oc-58a"/>
      </symbol>
      <symbol id="sm-676">
         <name>pvPortMalloc</name>
         <value>0x22c1</value>
         <object_component_ref idref="oc-302"/>
      </symbol>
      <symbol id="sm-677">
         <name>vPortFree</name>
         <value>0x1aef</value>
         <object_component_ref idref="oc-498"/>
      </symbol>
      <symbol id="sm-6d7">
         <name>vPortYield</name>
         <value>0x2f89</value>
         <object_component_ref idref="oc-3d6"/>
      </symbol>
      <symbol id="sm-6d8">
         <name>xPortSysTickHandler</name>
         <value>0x2dc5</value>
         <object_component_ref idref="oc-46"/>
      </symbol>
      <symbol id="sm-6d9">
         <name>vPortYieldFromISR</name>
         <value>0x2f99</value>
         <object_component_ref idref="oc-f3"/>
      </symbol>
      <symbol id="sm-6da">
         <name>pxPortInitialiseStack</name>
         <value>0x2cc5</value>
         <object_component_ref idref="oc-3f6"/>
      </symbol>
      <symbol id="sm-6db">
         <name>vPortExitCritical</name>
         <value>0x2f3d</value>
         <object_component_ref idref="oc-3b2"/>
      </symbol>
      <symbol id="sm-6dc">
         <name>xPortStartScheduler</name>
         <value>0x2971</value>
         <object_component_ref idref="oc-347"/>
      </symbol>
      <symbol id="sm-6dd">
         <name>vPortEnterCritical</name>
         <value>0x2f29</value>
         <object_component_ref idref="oc-3b8"/>
      </symbol>
      <symbol id="sm-6e8">
         <name>vPortStartFirstTask</name>
         <value>0x1679</value>
         <object_component_ref idref="oc-41"/>
      </symbol>
      <symbol id="sm-6e9">
         <name>vPortEnableVFP</name>
         <value>0x168d</value>
         <object_component_ref idref="oc-41"/>
      </symbol>
      <symbol id="sm-6ea">
         <name>xPortPendSVHandler</name>
         <value>0x15fd</value>
         <object_component_ref idref="oc-41"/>
      </symbol>
      <symbol id="sm-6eb">
         <name>vPortClearInterruptMask</name>
         <value>0x1655</value>
         <object_component_ref idref="oc-41"/>
      </symbol>
      <symbol id="sm-6ec">
         <name>vPortSetInterruptMask</name>
         <value>0x164b</value>
         <object_component_ref idref="oc-41"/>
      </symbol>
      <symbol id="sm-6ed">
         <name>vPortSVCHandler</name>
         <value>0x165f</value>
         <object_component_ref idref="oc-41"/>
      </symbol>
      <symbol id="sm-70e">
         <name>ButtonsInit</name>
         <value>0x2311</value>
         <object_component_ref idref="oc-216"/>
      </symbol>
      <symbol id="sm-72c">
         <name>PinoutSet</name>
         <value>0x201</value>
         <object_component_ref idref="oc-210"/>
      </symbol>
      <symbol id="sm-73c">
         <name>_c_int00</name>
         <value>0x2645</value>
         <object_component_ref idref="oc-11"/>
      </symbol>
      <symbol id="sm-73d">
         <name>__stack</name>
         <value>0x200107c4</value>
         <object_component_ref idref="oc-28"/>
      </symbol>
      <symbol id="sm-754">
         <name>__TI_decompress_none</name>
         <value>0x2fe3</value>
         <object_component_ref idref="oc-16"/>
      </symbol>
      <symbol id="sm-778">
         <name>__TI_decompress_rle24</name>
         <value>0x3051</value>
         <object_component_ref idref="oc-22"/>
      </symbol>
      <symbol id="sm-78c">
         <name>__TI_zero_init</name>
         <value>0x2f63</value>
         <object_component_ref idref="oc-1c"/>
      </symbol>
      <symbol id="sm-7ab">
         <name>C$$EXIT</name>
         <value>0x27e5</value>
         <object_component_ref idref="oc-72"/>
      </symbol>
      <symbol id="sm-7ac">
         <name>abort</name>
         <value>0x27e9</value>
         <object_component_ref idref="oc-72"/>
      </symbol>
      <symbol id="sm-7ad">
         <name>exit</name>
         <value>0x27f1</value>
         <object_component_ref idref="oc-72"/>
      </symbol>
      <symbol id="sm-7ae">
         <name>__TI_dtors_ptr</name>
         <value>0x200148a0</value>
         <object_component_ref idref="oc-120"/>
      </symbol>
      <symbol id="sm-7af">
         <name>__TI_cleanup_ptr</name>
         <value>0x2001489c</value>
         <object_component_ref idref="oc-120"/>
      </symbol>
      <symbol id="sm-7bf">
         <name>memcmp</name>
         <value>0x2ce7</value>
         <object_component_ref idref="oc-142"/>
      </symbol>
      <symbol id="sm-7da">
         <name>memcpy</name>
         <value>0x169f</value>
         <object_component_ref idref="oc-7c"/>
      </symbol>
      <symbol id="sm-7db">
         <name>__aeabi_memcpy</name>
         <value>0x169f</value>
         <object_component_ref idref="oc-7c"/>
      </symbol>
      <symbol id="sm-7dc">
         <name>__aeabi_memcpy8</name>
         <value>0x169f</value>
         <object_component_ref idref="oc-7c"/>
      </symbol>
      <symbol id="sm-7dd">
         <name>__aeabi_memcpy4</name>
         <value>0x169f</value>
         <object_component_ref idref="oc-7c"/>
      </symbol>
      <symbol id="sm-7ec">
         <name>__aeabi_memset</name>
         <value>0x1a07</value>
         <object_component_ref idref="oc-49e"/>
      </symbol>
      <symbol id="sm-7ed">
         <name>memset</name>
         <value>0x1a0d</value>
         <object_component_ref idref="oc-49e"/>
      </symbol>
      <symbol id="sm-7ee">
         <name>__aeabi_memset8</name>
         <value>0x1a07</value>
         <object_component_ref idref="oc-49e"/>
      </symbol>
      <symbol id="sm-7ef">
         <name>__aeabi_memset4</name>
         <value>0x1a07</value>
         <object_component_ref idref="oc-49e"/>
      </symbol>
      <symbol id="sm-7f0">
         <name>__aeabi_memclr8</name>
         <value>0x1a05</value>
         <object_component_ref idref="oc-49e"/>
      </symbol>
      <symbol id="sm-7f1">
         <name>__aeabi_memclr4</name>
         <value>0x1a05</value>
         <object_component_ref idref="oc-49e"/>
      </symbol>
      <symbol id="sm-7f2">
         <name>__aeabi_memclr</name>
         <value>0x1a05</value>
         <object_component_ref idref="oc-49e"/>
      </symbol>
      <symbol id="sm-7fa">
         <name>main_func_sp</name>
         <value>0x200148b0</value>
         <object_component_ref idref="oc-78"/>
      </symbol>
      <symbol id="sm-809">
         <name>strcmp</name>
         <value>0x2e61</value>
         <object_component_ref idref="oc-4bf"/>
      </symbol>
      <symbol id="sm-819">
         <name>__aeabi_uidivmod</name>
         <value>0x2931</value>
         <object_component_ref idref="oc-432"/>
      </symbol>
      <symbol id="sm-81a">
         <name>__aeabi_uidiv</name>
         <value>0x2931</value>
         <object_component_ref idref="oc-432"/>
      </symbol>
      <symbol id="sm-833">
         <name>_nop</name>
         <value>0x2f23</value>
         <object_component_ref idref="oc-250"/>
      </symbol>
      <symbol id="sm-834">
         <name>_lock</name>
         <value>0x20014894</value>
         <object_component_ref idref="oc-11d"/>
      </symbol>
      <symbol id="sm-835">
         <name>_unlock</name>
         <value>0x20014898</value>
         <object_component_ref idref="oc-11d"/>
      </symbol>
      <symbol id="sm-836">
         <name>_register_lock</name>
         <value>0x2f1b</value>
         <object_component_ref idref="oc-250"/>
      </symbol>
      <symbol id="sm-837">
         <name>_register_unlock</name>
         <value>0x2f15</value>
         <object_component_ref idref="oc-250"/>
      </symbol>
      <symbol id="sm-84b">
         <name>_args_main</name>
         <value>0x2e49</value>
         <object_component_ref idref="oc-6c"/>
      </symbol>
      <symbol id="sm-868">
         <name>__TI_auto_init</name>
         <value>0x17d5</value>
         <object_component_ref idref="oc-67"/>
      </symbol>
      <symbol id="sm-881">
         <name>copy_in</name>
         <value>0x27a1</value>
         <object_component_ref idref="oc-10e"/>
      </symbol>
      <symbol id="sm-88b">
         <name>__aeabi_idiv0</name>
         <value>0x149f</value>
         <object_component_ref idref="oc-4e8"/>
      </symbol>
      <symbol id="sm-8bb">
         <name>GPIOIntClear</name>
         <value>0x303f</value>
         <object_component_ref idref="oc-e7"/>
      </symbol>
      <symbol id="sm-8bc">
         <name>GPIOIntStatus</name>
         <value>0x2fb9</value>
         <object_component_ref idref="oc-e1"/>
      </symbol>
      <symbol id="sm-8bd">
         <name>GPIODirModeSet</name>
         <value>0x2bd9</value>
         <object_component_ref idref="oc-379"/>
      </symbol>
      <symbol id="sm-8be">
         <name>GPIOPadConfigSet</name>
         <value>0xc35</value>
         <object_component_ref idref="oc-2d5"/>
      </symbol>
      <symbol id="sm-8bf">
         <name>GPIOPinTypeEthernetLED</name>
         <value>0x2f51</value>
         <object_component_ref idref="oc-2db"/>
      </symbol>
      <symbol id="sm-8f7">
         <name>IntPrioritySet</name>
         <value>0x2c7d</value>
         <object_component_ref idref="oc-222"/>
      </symbol>
      <symbol id="sm-8f8">
         <name>IntEnable</name>
         <value>0x1ca1</value>
         <object_component_ref idref="oc-2f0"/>
      </symbol>
      <symbol id="sm-95d">
         <name>SysCtlClockFreqSet</name>
         <value>0x415</value>
         <object_component_ref idref="oc-20a"/>
      </symbol>
      <symbol id="sm-96a">
         <name>TimerEnable</name>
         <value>0x2fd5</value>
         <object_component_ref idref="oc-32d"/>
      </symbol>
      <symbol id="sm-977">
         <name>UARTClockSourceSet</name>
         <value>0x304b</value>
         <object_component_ref idref="oc-3dd"/>
      </symbol>
      <symbol id="sm-a1f">
         <name>I2CMInit</name>
         <value>0x2b4d</value>
         <object_component_ref idref="oc-21c"/>
      </symbol>
      <symbol id="sm-a20">
         <name>I2CMIntHandler</name>
         <value>0x1071</value>
         <object_component_ref idref="oc-fd"/>
      </symbol>
      <symbol id="sm-a7c">
         <name>I2CMasterDataPut</name>
         <value>0x3075</value>
         <object_component_ref idref="oc-2ab"/>
      </symbol>
      <symbol id="sm-a7d">
         <name>I2CMasterInitExpClk</name>
         <value>0x256d</value>
         <object_component_ref idref="oc-2ea"/>
      </symbol>
      <symbol id="sm-a7e">
         <name>I2CMasterSlaveAddrSet</name>
         <value>0x302f</value>
         <object_component_ref idref="oc-2a3"/>
      </symbol>
      <symbol id="sm-a7f">
         <name>I2CMasterDataGet</name>
         <value>0x3071</value>
         <object_component_ref idref="oc-299"/>
      </symbol>
      <symbol id="sm-a80">
         <name>I2CMasterIntEnableEx</name>
         <value>0x3027</value>
         <object_component_ref idref="oc-2f6"/>
      </symbol>
      <symbol id="sm-a81">
         <name>I2CMasterControl</name>
         <value>0x306d</value>
         <object_component_ref idref="oc-1bc"/>
      </symbol>
      <symbol id="sm-a82">
         <name>I2CMasterEnable</name>
         <value>0x3015</value>
         <object_component_ref idref="oc-387"/>
      </symbol>
      <symbol id="sm-a83">
         <name>I2CMasterIntClear</name>
         <value>0x301f</value>
         <object_component_ref idref="oc-1b6"/>
      </symbol>
      <symbol id="sm-a84">
         <name>__TI_static_base__</name>
         <value>0x0</value>
      </symbol>
      <symbol id="sm-a85">
         <name>__TI_args_main</name>
         <value>0x1</value>
      </symbol>
      <symbol id="sm-a86">
         <name>SHT$$INIT_ARRAY$$Limit</name>
         <value>0x0</value>
      </symbol>
      <symbol id="sm-a87">
         <name>SHT$$INIT_ARRAY$$Base</name>
         <value>0x0</value>
      </symbol>
   </symbol_table>
   <title>Link successful</title>
</link_info>
