******************************************************************************
                  TI ARM Linker Unix v5.1.12                   
******************************************************************************
>> Linked Sun Aug  9 09:53:50 2015

OUTPUT FILE NAME:   <ravvn.out>
ENTRY POINT SYMBOL: "_c_int00"  address: 00003ea1


MEMORY CONFIGURATION

         name            origin    length      used     unused   attr    fill
----------------------  --------  ---------  --------  --------  ----  --------
  FLASH                 00000000   00100000  00005344  000facbc  R  X
  SRAM                  20000000   00040000  00014f96  0002b06a  RW X


SEGMENT ALLOCATION MAP

run origin  load origin   length   init length attrs members
----------  ----------- ---------- ----------- ----- -------
00000000    00000000    00005348   00005348    r-x
  00000000    00000000    00000200   00000200    r-- .intvecs
  00000200    00000200    00004b40   00004b40    r-x .text
  00004d40    00004d40    00000524   00000524    r-- .const
  00005268    00005268    000000e0   000000e0    r-- .cinit
20000000    20000000    00014f9c   00000000    rw-
  20000000    20000000    00010d6a   00000000    rw- .bss
  20010d6c    20010d6c    00004000   00000000    rw- .stack
  20014d70    20014d70    0000022c   00000000    rw- .data


SECTION ALLOCATION MAP

 output                                  attributes/
section   page    origin      length       input sections
--------  ----  ----------  ----------   ----------------
.init_array 
*          0    00000000    00000000     UNINITIALIZED

.intvecs   0    00000000    00000200     
                  00000000    00000200     startup_ccs.obj (.intvecs)

.text      0    00000200    00004b40     
                  00000200    0000029c     compdcm_task.obj (.text:CompDCMTask)
                  0000049c    00000290     sensorlib.lib : comp_dcm.obj (.text:CompDCMUpdate)
                  0000072c    00000238     ravvn.obj (.text:main)
                  00000964    00000214     pinout.obj (.text:PinoutSet)
                  00000b78    00000204     driverlib.lib : sysctl.obj (.text:SysCtlClockFreqSet)
                  00000d7c    000001ea     uartstdio.obj (.text:UARTvprintf)
                  00000f66    000001c8     sensorlib.lib : comp_dcm.obj (.text:CompDCMComputeQuaternion)
                  0000112e    000001b6     rtsv7M4_T_le_v4SPD16_eabi.lib : fd_add_t2.obj (.text)
                  000012e4    0000018c     sensorlib.lib : mpu9150.obj (.text:MPU9150Callback)
                  00001470    00000160     uartstdio.obj (.text:UARTStdioIntHandler)
                  000015d0    00000160     gpsuart.obj (.text:gpsUARTxIntHandler)
                  00001730    00000130     driverlib.lib : gpio.obj (.text:GPIOPadConfigSet)
                  00001860    00000114     tasks.obj (.text:xTaskIncrementTick)
                  00001974    00000100     queue.obj (.text:xQueueGenericReceive)
                  00001a74    000000fc     rtsv7M4_T_le_v4SPD16_eabi.lib : fd_mul_t2.obj (.text)
                  00001b70    000000f2     sensorlib.lib : i2cm_drv.obj (.text:I2CMIntHandler)
                  00001c62    00000002     startup_ccs.obj (.text:FaultISR)
                  00001c64    000000f0     command_task.obj (.text:CommandTask)
                  00001d54    000000e8     compdcm_task.obj (.text:CompDCMTaskInit)
                  00001e3c    000000dc     tasks.obj (.text:xTaskGenericCreate)
                  00001f18    000000d8     rtsv7M4_T_le_v4SPD16_eabi.lib : atan2f.obj (.text)
                  00001ff0    000000d0     tasks.obj (.text:xTaskResumeAll)
                  000020c0    000000c8     tasks.obj (.text:vTaskSwitchContext)
                  00002188    000000c6     queue.obj (.text:xQueueGenericSend)
                  0000224e    000000b8     sensorlib.lib : comp_dcm.obj (.text:CompDCMStart)
                  00002306    00000002     startup_ccs.obj (.text:IntDefaultHandler)
                  00002308    000000b0     compdcm_task.obj (.text:CompDCMAppErrorHandler)
                  000023b8    000000b0     uartstdio.obj (.text:UARTStdioConfig)
                  00002468    000000b0     rtsv7M4_T_le_v4SPD16_eabi.lib : asinf.obj (.text)
                  00002518    000000a8     uartstdio.obj (.text:UARTwrite)
                  000025c0    000000a8     gpsuart.obj (.text:gpsUARTwrite)
                  00002668    000000a8     rtsv7M4_T_le_v4SPD16_eabi.lib : xfatan.obj (.text)
                  00002710    000000a6     portasm.obj (.text)
                  000027b6    00000002     startup_ccs.obj (.text:NmiSR)
                  000027b8    000000a0     sensorlib.lib : mpu9150.obj (.text:MPU9150DataMagnetoGetFloat)
                  00002858    000000a0                   : mpu9150.obj (.text:MPU9150Write)
                  000028f8    0000009c     rtsv7M4_T_le_v4SPD16_eabi.lib : memcpy_t2.obj (.text)
                  00002994    00000098     sensorlib.lib : i2cm_drv.obj (.text:I2CMStateIdle)
                  00002a2c    00000094     rtsv7M4_T_le_v4SPD16_eabi.lib : auto_init.obj (.text)
                  00002ac0    00000090     timers.obj (.text:prvProcessReceivedCommands)
                  00002b50    0000008c     uartstdio.obj (.text:UARTPrimeTransmit)
                  00002bdc    0000008c     gpsuart.obj (.text:gpsUARTPrimeTransmit)
                  00002c68    00000088     sensorlib.lib : i2cm_drv.obj (.text:I2CMCommand)
                  00002cf0    00000080     command_task.obj (.text:Cmd_help)
                  00002d70    0000007a     rtsv7M4_T_le_v4SPD16_eabi.lib : memset_t2.obj (.text)
                  00002dea    00000002                                   : i_div0.obj (.text)
                  00002dec    00000078     sensorlib.lib : mpu9150.obj (.text:MPU9150DataAccelGetFloat)
                  00002e64    00000078                   : mpu9150.obj (.text:MPU9150DataGyroGetFloat)
                  00002edc    00000070     queue.obj (.text:xQueueGenericReset)
                  00002f4c    00000070     tasks.obj (.text:xTaskRemoveFromEventList)
                  00002fbc    0000006c     sensorlib.lib : mpu9150.obj (.text:MPU9150Init)
                  00003028    0000006c     tasks.obj (.text:vTaskPriorityInherit)
                  00003094    0000006a     queue.obj (.text:prvCopyDataToQueue)
                  000030fe    00000002     ravvn.obj (.text:vApplicationStackOverflowHook)
                  00003100    00000068     command_task.obj (.text:CommandTaskInit)
                  00003168    00000068     driverlib.lib : interrupt.obj (.text:IntDisable)
                  000031d0    00000068                   : interrupt.obj (.text:IntEnable)
                  00003238    00000068     tasks.obj (.text:vTaskSuspend)
                  000032a0    00000064     GPS_task.obj (.text:ConfigureGPSUART)
                  00003304    00000064     command_task.obj (.text:ConfigureUART)
                  00003368    00000064     driverlib.lib : interrupt.obj (.text:IntIsEnabled)
                  000033cc    00000064     ravvn.obj (.text:SensorCloudStatTimerConfig)
                  00003430    00000062     queue.obj (.text:prvUnlockQueue)
                  00003492    00000002     heap_1.obj (.text:vPortFree)
                  00003494    00000060     cmdline.obj (.text:CmdLineProcess)
                  000034f4    00000060     sensorlib.lib : mpu9150.obj (.text:MPU9150DataRead)
                  00003554    00000060     tasks.obj (.text:prvInitialiseTaskLists)
                  000035b4    00000060     timers.obj (.text:prvSwitchTimerLists)
                  00003614    0000005e     sensorlib.lib : i2cm_drv.obj (.text:I2CMStateWritePause)
                  00003672    0000005e     rtsv7M4_T_le_v4SPD16_eabi.lib : copy_decompress_rle.obj (.text)
                  000036d0    0000005c     GPS_task.obj (.text:GPSTaskInit)
                  0000372c    0000005c     tasks.obj (.text:vTaskDelayUntil)
                  00003788    0000005c     tasks.obj (.text:vTaskStartScheduler)
                  000037e4    00000058     tasks.obj (.text:prvCheckTasksWaitingTermination)
                  0000383c    00000056     sensorlib.lib : vector.obj (.text:VectorCrossProduct)
                  00003892    00000056     queue.obj (.text:xQueueGenericSendFromISR)
                  000038e8    00000054     sensorlib.lib : i2cm_drv.obj (.text:I2CMWrite8)
                  0000393c    00000054     uartstdio.obj (.text:UARTgets)
                  00003990    00000054     tasks.obj (.text:xTaskCheckForTimeOut)
                  000039e4    00000050     sensorlib.lib : i2cm_drv.obj (.text:I2CMStateWriteFinal)
                  00003a34    00000050     driverlib.lib : sysctl.obj (.text:SysCtlPeripheralReset)
                  00003a84    00000050     tasks.obj (.text:prvInitialiseTCBVariables)
                  00003ad4    00000050     heap_1.obj (.text:pvPortMalloc)
                  00003b24    0000004c     buttons.obj (.text:ButtonsInit)
                  00003b70    0000004c     tasks.obj (.text:prvAddCurrentTaskToDelayedList)
                  00003bbc    0000004c     timers.obj (.text:prvCheckForValidListAndQueue)
                  00003c08    0000004c     timers.obj (.text:prvProcessTimerOrBlockTask)
                  00003c54    0000004c     queue.obj (.text:xQueueCreateMutex)
                  00003ca0    0000004c     queue.obj (.text:xQueueGenericCreate)
                  00003cec    0000004a     sensorlib.lib : i2cm_drv.obj (.text:I2CMStateReadNext)
                  00003d36    0000004a     rtsv7M4_T_le_v4SPD16_eabi.lib : fd_tos_t2.obj (.text)
                  00003d80    00000048     sensorlib.lib : i2cm_drv.obj (.text:I2CMStateWriteNext)
                  00003dc8    00000048     driverlib.lib : i2c.obj (.text:I2CMasterInitExpClk)
                  00003e10    00000048                   : sysctl.obj (.text:_SysCtlFrequencyGet)
                  00003e58    00000048     timers.obj (.text:prvProcessExpiredTimer)
                  00003ea0    00000048     rtsv7M4_T_le_v4SPD16_eabi.lib : boot.obj (.text)
                  00003ee8    00000048     tasks.obj (.text:vTaskPriorityDisinherit)
                  00003f30    00000044     sensorlib.lib : comp_dcm.obj (.text:CompDCMInit)
                  00003f74    00000044                   : i2cm_drv.obj (.text:I2CMStateCallback)
                  00003fb8    00000044     uartstdio.obj (.text:UARTPeek)
                  00003ffc    00000044     timers.obj (.text:prvInsertTimerInActiveList)
                  00004040    00000044     rtsv7M4_T_le_v4SPD16_eabi.lib : cpy_tbl.obj (.text)
                  00004084    00000044                                   : exit.obj (.text)
                  000040c8    00000044     tasks.obj (.text:vTaskPlaceOnEventList)
                  0000410c    00000044     timers.obj (.text:xTimerCreateTimerTask)
                  00004150    00000042     sensorlib.lib : comp_dcm.obj (.text:CompDCMComputeEulers)
                  00004192    00000042     driverlib.lib : uart.obj (.text:UARTConfigSetExpClk)
                  000041d4    00000040     sensorlib.lib : i2cm_drv.obj (.text:I2CMStateReadFinal)
                  00004214    00000040     compdcm_task.obj (.text:IntHandlerGPIOPortM)
                  00004254    00000040     rtsv7M4_T_le_v4SPD16_eabi.lib : signal.obj (.text)
                  00004294    00000040                                   : u_divt2.obj (.text)
                  000042d4    00000040     port.obj (.text:xPortStartScheduler)
                  00004314    00000040     timers.obj (.text:xTimerGenericCommand)
                  00004354    0000003e     sensorlib.lib : i2cm_drv.obj (.text:I2CMStateReadPause)
                  00004392    00000002     --HOLE-- [fill = 0]
                  00004394    0000003c     uartstdio.obj (.text:UARTFlushTx)
                  000043d0    0000003c     queue.obj (.text:vQueueWaitForMessageRestricted)
                  0000440c    0000003a     sensorlib.lib : i2cm_drv.obj (.text:I2CMWrite8Callback)
                  00004446    00000002     --HOLE-- [fill = 0]
                  00004448    00000038     driverlib.lib : sysctl.obj (.text:SysCtlPeripheralReady)
                  00004480    00000038     rtsv7M4_T_le_v4SPD16_eabi.lib : fs_tod_t2.obj (.text)
                  000044b8    00000038     list.obj (.text:vListInsert)
                  000044f0    00000036     tasks.obj (.text:prvAllocateTCBAndStack)
                  00004526    00000002     --HOLE-- [fill = 0]
                  00004528    00000034     command_task.obj (.text:Cmd_clear)
                  0000455c    00000034     GPS_task.obj (.text:GPSTask)
                  00004590    00000034     sensorlib.lib : i2cm_drv.obj (.text:I2CMInit)
                  000045c4    00000034     rtsv7M4_T_le_v4SPD16_eabi.lib : feraiseexcept.obj (.text)
                  000045f8    00000034                                   : xfdtest.obj (.text)
                  0000462c    00000032     sensorlib.lib : vector.obj (.text:VectorAdd)
                  0000465e    00000030                   : i2cm_drv.obj (.text:I2CMTransferResume)
                  0000468e    00000002     --HOLE-- [fill = 0]
                  00004690    00000030     rtsv7M4_T_le_v4SPD16_eabi.lib : xferaise.obj (.text)
                  000046c0    0000002e                                   : raise.obj (.text)
                  000046ee    00000002     --HOLE-- [fill = 0]
                  000046f0    0000002c     compdcm_task.obj (.text:CompDCMAppCallback)
                  0000471c    0000002c     uartstdio.obj (.text:UARTFlushRx)
                  00004748    0000002c     tasks.obj (.text:vTaskPlaceOnEventListRestricted)
                  00004774    0000002a     driverlib.lib : gpio.obj (.text:GPIODirModeSet)
                  0000479e    0000002a     sensorlib.lib : i2cm_drv.obj (.text:I2CMStateReadFirst)
                  000047c8    00000028     ravvn.obj (.text:Timer0IntHandler)
                  000047f0    00000028     timers.obj (.text:prvSampleTimeNow)
                  00004818    00000026     sensorlib.lib : vector.obj (.text:VectorDotProduct)
                  0000483e    00000026                   : vector.obj (.text:VectorScale)
                  00004864    00000024     driverlib.lib : interrupt.obj (.text:IntPrioritySet)
                  00004888    00000024     queue.obj (.text:prvCopyDataFromQueue)
                  000048ac    00000024     rtsv7M4_T_le_v4SPD16_eabi.lib : sqrtf.obj (.text)
                  000048d0    00000022     port.obj (.text:pxPortInitialiseStack)
                  000048f2    00000022     rtsv7M4_T_le_v4SPD16_eabi.lib : memcmp.obj (.text)
                  00004914    00000022     list.obj (.text:uxListRemove)
                  00004936    00000020     sensorlib.lib : i2cm_drv.obj (.text:I2CMStateReadOne)
                  00004956    00000002     --HOLE-- [fill = 0]
                  00004958    00000020     timers.obj (.text:prvGetNextExpireTime)
                  00004978    00000020     tasks.obj (.text:xTaskGetSchedulerState)
                  00004998    0000001c     driverlib.lib : uart.obj (.text:UARTDisable)
                  000049b4    0000001c                   : sysctl.obj (.text:_SysCtlMemTimingGet)
                  000049d0    0000001c     queue.obj (.text:prvIsQueueFull)
                  000049ec    0000001c     port.obj (.text:xPortSysTickHandler)
                  00004a08    0000001a     sensorlib.lib : i2cm_drv.obj (.text:I2CMStateReadWait)
                  00004a22    0000001a     uartstdio.obj (.text:UARTprintf)
                  00004a3c    0000001a     queue.obj (.text:prvIsQueueEmpty)
                  00004a56    00000018     uartstdio.obj (.text:IsBufferFull)
                  00004a6e    00000018     gpsuart.obj (.text:gpsIsBufferFull)
                  00004a86    00000002     --HOLE-- [fill = 0]
                  00004a88    00000018     rtsv7M4_T_le_v4SPD16_eabi.lib : args_main.obj (.text)
                  00004aa0    00000018                                   : strcmp.obj (.text)
                  00004ab8    00000018     list.obj (.text:vListInsertEnd)
                  00004ad0    00000018     tasks.obj (.text:vTaskSetTimeOutState)
                  00004ae8    00000018     tasks.obj (.text:xTaskGetTickCount)
                  00004b00    00000016     list.obj (.text:vListInitialise)
                  00004b16    00000014     uartstdio.obj (.text:GetBufferCount)
                  00004b2a    00000014     driverlib.lib : uart.obj (.text:UARTEnable)
                  00004b3e    00000002     --HOLE-- [fill = 0]
                  00004b40    00000014     port.obj (.text:prvSetupTimerInterrupt)
                  00004b54    00000014     timers.obj (.text:prvTimerTask)
                  00004b68    00000014     rtsv7M4_T_le_v4SPD16_eabi.lib : _lock.obj (.text)
                  00004b7c    00000014     port.obj (.text:vPortEnterCritical)
                  00004b90    00000014     port.obj (.text:vPortExitCritical)
                  00004ba4    00000012     driverlib.lib : gpio.obj (.text:GPIOPinTypeEthernetLED)
                  00004bb6    00000012                   : gpio.obj (.text:GPIOPinTypeI2CSCL)
                  00004bc8    00000012     rtsv7M4_T_le_v4SPD16_eabi.lib : copy_zero_init.obj (.text:decompress:ZI)
                  00004bda    00000012     tasks.obj (.text:prvDeleteTCB)
                  00004bec    00000010     port.obj (.text:vPortYield)
                  00004bfc    00000010     port.obj (.text:vPortYieldFromISR)
                  00004c0c    00000010     tasks.obj (.text:vTaskSuspendAll)
                  00004c1c    0000000e     sensorlib.lib : comp_dcm.obj (.text:CompDCMAccelUpdate)
                  00004c2a    0000000e                   : comp_dcm.obj (.text:CompDCMGyroUpdate)
                  00004c38    0000000e                   : comp_dcm.obj (.text:CompDCMMagnetoUpdate)
                  00004c46    0000000e     driverlib.lib : gpio.obj (.text:GPIOIntStatus)
                  00004c54    0000000e     uartstdio.obj (.text:IsBufferEmpty)
                  00004c62    0000000e     driverlib.lib : timer.obj (.text:TimerEnable)
                  00004c70    0000000e     rtsv7M4_T_le_v4SPD16_eabi.lib : copy_decompress_none.obj (.text:decompress:none)
                  00004c7e    0000000e     gpsuart.obj (.text:gpsIsBufferEmpty)
                  00004c8c    0000000e     rtsv7M4_T_le_v4SPD16_eabi.lib : xfdclass.obj (.text)
                  00004c9a    0000000c     driverlib.lib : gpio.obj (.text:GPIOIntEnable)
                  00004ca6    00000002     --HOLE-- [fill = 0]
                  00004ca8    0000000c                   : interrupt.obj (.text:IntTrigger)
                  00004cb4    0000000c     ravvn.obj (.text:SensHubI2CIntHandler)
                  00004cc0    0000000c     tasks.obj (.text:vTaskMissedYield)
                  00004ccc    0000000c     tasks.obj (.text:xTaskGetCurrentTaskHandle)
                  00004cd8    0000000a     driverlib.lib : i2c.obj (.text:I2CMasterEnable)
                  00004ce2    00000008                   : i2c.obj (.text:I2CMasterIntClear)
                  00004cea    00000008                   : i2c.obj (.text:I2CMasterIntEnableEx)
                  00004cf2    00000008                   : i2c.obj (.text:I2CMasterSlaveAddrSet)
                  00004cfa    00000008     tasks.obj (.text:prvIdleTask)
                  00004d02    00000006     driverlib.lib : gpio.obj (.text:GPIOIntClear)
                  00004d08    00000006     startup_ccs.obj (.text:ResetISR)
                  00004d0e    00000006     driverlib.lib : uart.obj (.text:UARTClockSourceSet)
                  00004d14    00000006     rtsv7M4_T_le_v4SPD16_eabi.lib : copy_decompress_rle.obj (.text:decompress:rle24)
                  00004d1a    00000006     list.obj (.text:vListInitialiseItem)
                  00004d20    00000004     command_task.obj (.text:Cmd_activate)
                  00004d24    00000004     command_task.obj (.text:Cmd_connect)
                  00004d28    00000004     command_task.obj (.text:Cmd_proxy)
                  00004d2c    00000004     command_task.obj (.text:Cmd_stats)
                  00004d30    00000004     command_task.obj (.text:Cmd_sync)
                  00004d34    00000004     driverlib.lib : i2c.obj (.text:I2CMasterControl)
                  00004d38    00000004                   : i2c.obj (.text:I2CMasterDataGet)
                  00004d3c    00000004                   : i2c.obj (.text:I2CMasterDataPut)

.const     0    00004d40    00000524     
                  00004d40    00000150     command_task.obj (.const:.string)
                  00004e90    00000120     driverlib.lib : sysctl.obj (.const:g_pppui32XTALtoVCO)
                  00004fb0    0000009c                   : interrupt.obj (.const:g_pui32Regs)
                  0000504c    00000070                   : interrupt.obj (.const)
                  000050bc    0000006c                   : sysctl.obj (.const:g_pui32Xtals)
                  00005128    0000004c     gpsuart.obj (.const)
                  00005174    00000034     rtsv7M4_T_le_v4SPD16_eabi.lib : xfatan.obj (.const)
                  000051a8    00000030     driverlib.lib : sysctl.obj (.const:g_sXTALtoMEMTIM)
                  000051d8    00000028     uartstdio.obj (.const)
                  00005200    00000020     sensorlib.lib : mpu9150.obj (.const)
                  00005220    00000014     tasks.obj (.const:.string)
                  00005234    00000012     gpsuart.obj (.const:.string)
                  00005246    00000002     --HOLE-- [fill = 0]
                  00005248    00000012     uartstdio.obj (.const:.string)
                  0000525a    00000002     --HOLE-- [fill = 0]
                  0000525c    00000008     driverlib.lib : sysctl.obj (.const)

.cinit     0    00005268    000000e0     
                  00005268    000000b9     (.cinit..data.load) [load image, compression = rle]
                  00005321    00000003     --HOLE-- [fill = 0]
                  00005324    0000000c     (__TI_handler_table)
                  00005330    00000008     (.cinit..bss.load) [load image, compression = zero_init]
                  00005338    00000010     (__TI_cinit_table)

.bss       0    20000000    00010d6a     UNINITIALIZED
                  20000000    00010000     heap_1.obj (.bss:ucHeap)
                  20010000    00000400     uartstdio.obj (.bss:g_pcUARTTxBuffer)
                  20010400    00000400     gpsuart.obj (.bss:gps_gpcUARTTxBuffer)
                  20010800    00000140     tasks.obj (.bss:pxReadyTasksLists)
                  20010940    00000124     ravvn.obj (.bss:g_sI2CInst)
                  20010a64    00000080     uartstdio.obj (.bss:g_pcUARTRxBuffer)
                  20010ae4    00000080     gpsuart.obj (.bss:gps_gpcUARTRxBuffer)
                  20010b64    0000006c     compdcm_task.obj (.bss:g_sMPU9150Inst)
                  20010bd0    00000058     compdcm_task.obj (.bss:g_sCompDCMInst)
                  20010c28    00000048     compdcm_task.obj (.bss:g_sCompDCMData)
                  20010c70    00000024     cmdline.obj (.bss:g_ppcArgv)
                  20010c94    00000014     (.common:xActiveTimerList1)
                  20010ca8    00000014     (.common:xActiveTimerList2)
                  20010cbc    00000014     (.common:xDelayedTaskList1)
                  20010cd0    00000014     (.common:xDelayedTaskList2)
                  20010ce4    00000014     (.common:xPendingReadyList)
                  20010cf8    00000014     (.common:xSuspendedTaskList)
                  20010d0c    00000014     (.common:xTasksWaitingTermination)
                  20010d20    00000004     (.common:g_gpsUARTSemaphore)
                  20010d24    00000004     (.common:g_ui32PortNum)
                  20010d28    00000004     (.common:g_ui32SysClock)
                  20010d2c    00000004     (.common:g_vui8CompDCMI2CErrorStatus)
                  20010d30    00000004     (.common:g_vulRunTimeStatsCountValue)
                  20010d34    00000004     (.common:g_xCloudDataSemaphore)
                  20010d38    00000004     (.common:g_xCommandHandle)
                  20010d3c    00000004     (.common:g_xCompDCMDataReadySemaphore)
                  20010d40    00000004     (.common:g_xCompDCMHandle)
                  20010d44    00000004     (.common:g_xCompDCMTransactionCompleteSemaphore)
                  20010d48    00000004     (.common:g_xGPSHandle)
                  20010d4c    00000004     (.common:g_xI2CSemaphore)
                  20010d50    00000004     (.common:g_xUARTSemaphore)
                  20010d54    00000004     (.common:gps_gui32PortNum)
                  20010d58    00000004     (.common:pxCurrentTimerList)
                  20010d5c    00000004     (.common:pxDelayedTaskList)
                  20010d60    00000004     (.common:pxOverflowDelayedTaskList)
                  20010d64    00000004     (.common:pxOverflowTimerList)
                  20010d68    00000001     (.common:g_bDisableEcho)
                  20010d69    00000001     (.common:gps_gbDisableEcho)

.stack     0    20010d6c    00004000     UNINITIALIZED
                  20010d6c    00004000     --HOLE--

.data      0    20014d70    0000022c     UNINITIALIZED
                  20014d70    000000b0     rtsv7M4_T_le_v4SPD16_eabi.lib : signal.obj (.data:sigtable)
                  20014e20    00000078     command_task.obj (.data:g_psCmdTable)
                  20014e98    00000068     rtsv7M4_T_le_v4SPD16_eabi.lib : xfvalues.obj (.data)
                  20014f00    00000038     tasks.obj (.data)
                  20014f38    00000015     gpsuart.obj (.data)
                  20014f4d    00000003     buttons.obj (.data)
                  20014f50    00000015     uartstdio.obj (.data)
                  20014f65    00000003     --HOLE--
                  20014f68    00000008     heap_1.obj (.data)
                  20014f70    00000008     rtsv7M4_T_le_v4SPD16_eabi.lib : _lock.obj (.data)
                  20014f78    00000008                                   : exit.obj (.data)
                  20014f80    00000008                                   : feraiseexcept.obj (.data)
                  20014f88    00000008     timers.obj (.data)
                  20014f90    00000004     port.obj (.data)
                  20014f94    00000004     rtsv7M4_T_le_v4SPD16_eabi.lib : errno.obj (.data)
                  20014f98    00000004                                   : stkdepth_vars.obj (.data)


LINKER GENERATED COPY TABLES

__TI_cinit_table @ 00005338 records: 2, size/record: 8, table size: 16
	.data: load addr=00005268, load size=000000b9 bytes, run addr=20014d70, run size=0000022c bytes, compression=rle
	.bss: load addr=00005330, load size=00000008 bytes, run addr=20000000, run size=00010d6a bytes, compression=zero_init


LINKER GENERATED HANDLER TABLE

__TI_handler_table @ 00005324 records: 3, size/record: 4, table size: 12
	index: 0, handler: __TI_decompress_rle24
	index: 1, handler: __TI_decompress_none
	index: 2, handler: __TI_zero_init


GLOBAL SYMBOLS: SORTED ALPHABETICALLY BY Name 

address    name
--------   ----
00003b25   ButtonsInit
00004085   C$$EXIT
00003495   CmdLineProcess
00004d21   Cmd_activate
00004529   Cmd_clear
00004d25   Cmd_connect
00002cf1   Cmd_help
00004d29   Cmd_proxy
00004d2d   Cmd_stats
00004d31   Cmd_sync
00003101   CommandTaskInit
00004c1d   CompDCMAccelUpdate
000046f1   CompDCMAppCallback
00002309   CompDCMAppErrorHandler
00004151   CompDCMComputeEulers
00000f67   CompDCMComputeQuaternion
00004c2b   CompDCMGyroUpdate
00003f31   CompDCMInit
00004c39   CompDCMMagnetoUpdate
0000224f   CompDCMStart
00001d55   CompDCMTaskInit
0000049d   CompDCMUpdate
000032a1   ConfigureGPSUART
00003305   ConfigureUART
00004775   GPIODirModeSet
00004d03   GPIOIntClear
00004c9b   GPIOIntEnable
00004c47   GPIOIntStatus
00001731   GPIOPadConfigSet
00004ba5   GPIOPinTypeEthernetLED
00004bb7   GPIOPinTypeI2CSCL
000036d1   GPSTaskInit
00002c69   I2CMCommand
00004591   I2CMInit
00001b71   I2CMIntHandler
0000465f   I2CMTransferResume
000038e9   I2CMWrite8
00004d35   I2CMasterControl
00004d39   I2CMasterDataGet
00004d3d   I2CMasterDataPut
00004cd9   I2CMasterEnable
00003dc9   I2CMasterInitExpClk
00004ce3   I2CMasterIntClear
00004ceb   I2CMasterIntEnableEx
00004cf3   I2CMasterSlaveAddrSet
00003169   IntDisable
000031d1   IntEnable
00004215   IntHandlerGPIOPortM
00003369   IntIsEnabled
00004865   IntPrioritySet
00004ca9   IntTrigger
00002ded   MPU9150DataAccelGetFloat
00002e65   MPU9150DataGyroGetFloat
000027b9   MPU9150DataMagnetoGetFloat
000034f5   MPU9150DataRead
00002fbd   MPU9150Init
00002859   MPU9150Write
00000965   PinoutSet
00004d09   ResetISR
UNDEFED    SHT$$INIT_ARRAY$$Base
UNDEFED    SHT$$INIT_ARRAY$$Limit
00004cb5   SensHubI2CIntHandler
000033cd   SensorCloudStatTimerConfig
00000b79   SysCtlClockFreqSet
00004449   SysCtlPeripheralReady
00003a35   SysCtlPeripheralReset
000047c9   Timer0IntHandler
00004c63   TimerEnable
00004d0f   UARTClockSourceSet
00004193   UARTConfigSetExpClk
00004999   UARTDisable
00004b2b   UARTEnable
0000471d   UARTFlushRx
00004395   UARTFlushTx
00003fb9   UARTPeek
000023b9   UARTStdioConfig
00001471   UARTStdioIntHandler
0000393d   UARTgets
00004a23   UARTprintf
00000d7d   UARTvprintf
00002519   UARTwrite
0000462d   VectorAdd
0000383d   VectorCrossProduct
00004819   VectorDotProduct
0000483f   VectorScale
20014f94   _Errno
00002669   _FAtan
00004c8d   _FDclass
20014e98   _FDenorm
000045f9   _FDtest
20014ea8   _FEps
20014eb8   _FInf
20014ec8   _FNan
20014ee8   _FRteps
20014ed8   _FSnan
20014ef8   _FXbig
20014efc   _FZero
20014f80   _Fenv
00004691   _Feraise
20014f84   _Tls_setup__Fenv
20014d6c   __STACK_END
00004000   __STACK_SIZE
20014d6c   __STACK_TOP
00005338   __TI_CINIT_Base
00005348   __TI_CINIT_Limit
00005324   __TI_Handler_Table_Base
00005330   __TI_Handler_Table_Limit
00000001   __TI_args_main
00002a2d   __TI_auto_init
20014f78   __TI_cleanup_ptr
00004c71   __TI_decompress_none
00004d15   __TI_decompress_rle24
20014f7c   __TI_dtors_ptr
00000000   __TI_static_base__
00004bc9   __TI_zero_init
00003d37   __aeabi_d2f
00001139   __aeabi_dadd
00001a75   __aeabi_dmul
0000112f   __aeabi_dsub
00004481   __aeabi_f2d
00002deb   __aeabi_idiv0
00002d71   __aeabi_memclr
00002d71   __aeabi_memclr4
00002d71   __aeabi_memclr8
000028f9   __aeabi_memcpy
000028f9   __aeabi_memcpy4
000028f9   __aeabi_memcpy8
00002d73   __aeabi_memset
00002d73   __aeabi_memset4
00002d73   __aeabi_memset8
00004295   __aeabi_uidiv
00004295   __aeabi_uidivmod
ffffffff   __binit__
ffffffff   __c_args__
20010d6c   __stack
00004a89   _args_main
00003ea1   _c_int00
20014f70   _lock
00004b77   _nop
00004b6f   _register_lock
00004b69   _register_unlock
20014f74   _unlock
00004089   abort
00002469   asinf
00001f19   atan2f
ffffffff   binit
00004041   copy_in
00004091   exit
000045c5   feraiseexcept
20010d20   g_gpsUARTSemaphore
00000000   g_pfnVectors
20014e20   g_psCmdTable
20010c28   g_sCompDCMData
20010bd0   g_sCompDCMInst
20010940   g_sI2CInst
20010b64   g_sMPU9150Inst
20010d28   g_ui32SysClock
20010d2c   g_vui8CompDCMI2CErrorStatus
20010d30   g_vulRunTimeStatsCountValue
20010d34   g_xCloudDataSemaphore
20010d38   g_xCommandHandle
20010d3c   g_xCompDCMDataReadySemaphore
20010d40   g_xCompDCMHandle
20010d44   g_xCompDCMTransactionCompleteSemaphore
20010d48   g_xGPSHandle
20010d4c   g_xI2CSemaphore
20010d50   g_xUARTSemaphore
000025c1   gpsUARTwrite
000015d1   gpsUARTxIntHandler
0000072d   main
20014f98   main_func_sp
000048f3   memcmp
000028f9   memcpy
00002d79   memset
00003ad5   pvPortMalloc
20014f00   pxCurrentTCB
000048d1   pxPortInitialiseStack
000046c1   raise
00004255   signal
000048ad   sqrtf
00004aa1   strcmp
00004915   uxListRemove
000030ff   vApplicationStackOverflowHook
00004b01   vListInitialise
00004d1b   vListInitialiseItem
000044b9   vListInsert
00004ab9   vListInsertEnd
0000276d   vPortClearInterruptMask
000027a5   vPortEnableVFP
00004b7d   vPortEnterCritical
00004b91   vPortExitCritical
00003493   vPortFree
00002777   vPortSVCHandler
00002763   vPortSetInterruptMask
00002791   vPortStartFirstTask
00004bed   vPortYield
00004bfd   vPortYieldFromISR
000043d1   vQueueWaitForMessageRestricted
0000372d   vTaskDelayUntil
00004cc1   vTaskMissedYield
000040c9   vTaskPlaceOnEventList
00004749   vTaskPlaceOnEventListRestricted
00003ee9   vTaskPriorityDisinherit
00003029   vTaskPriorityInherit
00004ad1   vTaskSetTimeOutState
00003789   vTaskStartScheduler
00003239   vTaskSuspend
00004c0d   vTaskSuspendAll
000020c1   vTaskSwitchContext
00002715   xPortPendSVHandler
000042d5   xPortStartScheduler
000049ed   xPortSysTickHandler
00003c55   xQueueCreateMutex
00003ca1   xQueueGenericCreate
00001975   xQueueGenericReceive
00002edd   xQueueGenericReset
00002189   xQueueGenericSend
00003893   xQueueGenericSendFromISR
00003991   xTaskCheckForTimeOut
00001e3d   xTaskGenericCreate
00004ccd   xTaskGetCurrentTaskHandle
00004979   xTaskGetSchedulerState
00004ae9   xTaskGetTickCount
00001861   xTaskIncrementTick
00002f4d   xTaskRemoveFromEventList
00001ff1   xTaskResumeAll
0000410d   xTimerCreateTimerTask
00004315   xTimerGenericCommand


GLOBAL SYMBOLS: SORTED BY Symbol Address 

address    name
--------   ----
00000000   __TI_static_base__
00000000   g_pfnVectors
00000001   __TI_args_main
0000049d   CompDCMUpdate
0000072d   main
00000965   PinoutSet
00000b79   SysCtlClockFreqSet
00000d7d   UARTvprintf
00000f67   CompDCMComputeQuaternion
0000112f   __aeabi_dsub
00001139   __aeabi_dadd
00001471   UARTStdioIntHandler
000015d1   gpsUARTxIntHandler
00001731   GPIOPadConfigSet
00001861   xTaskIncrementTick
00001975   xQueueGenericReceive
00001a75   __aeabi_dmul
00001b71   I2CMIntHandler
00001d55   CompDCMTaskInit
00001e3d   xTaskGenericCreate
00001f19   atan2f
00001ff1   xTaskResumeAll
000020c1   vTaskSwitchContext
00002189   xQueueGenericSend
0000224f   CompDCMStart
00002309   CompDCMAppErrorHandler
000023b9   UARTStdioConfig
00002469   asinf
00002519   UARTwrite
000025c1   gpsUARTwrite
00002669   _FAtan
00002715   xPortPendSVHandler
00002763   vPortSetInterruptMask
0000276d   vPortClearInterruptMask
00002777   vPortSVCHandler
00002791   vPortStartFirstTask
000027a5   vPortEnableVFP
000027b9   MPU9150DataMagnetoGetFloat
00002859   MPU9150Write
000028f9   __aeabi_memcpy
000028f9   __aeabi_memcpy4
000028f9   __aeabi_memcpy8
000028f9   memcpy
00002a2d   __TI_auto_init
00002c69   I2CMCommand
00002cf1   Cmd_help
00002d71   __aeabi_memclr
00002d71   __aeabi_memclr4
00002d71   __aeabi_memclr8
00002d73   __aeabi_memset
00002d73   __aeabi_memset4
00002d73   __aeabi_memset8
00002d79   memset
00002deb   __aeabi_idiv0
00002ded   MPU9150DataAccelGetFloat
00002e65   MPU9150DataGyroGetFloat
00002edd   xQueueGenericReset
00002f4d   xTaskRemoveFromEventList
00002fbd   MPU9150Init
00003029   vTaskPriorityInherit
000030ff   vApplicationStackOverflowHook
00003101   CommandTaskInit
00003169   IntDisable
000031d1   IntEnable
00003239   vTaskSuspend
000032a1   ConfigureGPSUART
00003305   ConfigureUART
00003369   IntIsEnabled
000033cd   SensorCloudStatTimerConfig
00003493   vPortFree
00003495   CmdLineProcess
000034f5   MPU9150DataRead
000036d1   GPSTaskInit
0000372d   vTaskDelayUntil
00003789   vTaskStartScheduler
0000383d   VectorCrossProduct
00003893   xQueueGenericSendFromISR
000038e9   I2CMWrite8
0000393d   UARTgets
00003991   xTaskCheckForTimeOut
00003a35   SysCtlPeripheralReset
00003ad5   pvPortMalloc
00003b25   ButtonsInit
00003c55   xQueueCreateMutex
00003ca1   xQueueGenericCreate
00003d37   __aeabi_d2f
00003dc9   I2CMasterInitExpClk
00003ea1   _c_int00
00003ee9   vTaskPriorityDisinherit
00003f31   CompDCMInit
00003fb9   UARTPeek
00004000   __STACK_SIZE
00004041   copy_in
00004085   C$$EXIT
00004089   abort
00004091   exit
000040c9   vTaskPlaceOnEventList
0000410d   xTimerCreateTimerTask
00004151   CompDCMComputeEulers
00004193   UARTConfigSetExpClk
00004215   IntHandlerGPIOPortM
00004255   signal
00004295   __aeabi_uidiv
00004295   __aeabi_uidivmod
000042d5   xPortStartScheduler
00004315   xTimerGenericCommand
00004395   UARTFlushTx
000043d1   vQueueWaitForMessageRestricted
00004449   SysCtlPeripheralReady
00004481   __aeabi_f2d
000044b9   vListInsert
00004529   Cmd_clear
00004591   I2CMInit
000045c5   feraiseexcept
000045f9   _FDtest
0000462d   VectorAdd
0000465f   I2CMTransferResume
00004691   _Feraise
000046c1   raise
000046f1   CompDCMAppCallback
0000471d   UARTFlushRx
00004749   vTaskPlaceOnEventListRestricted
00004775   GPIODirModeSet
000047c9   Timer0IntHandler
00004819   VectorDotProduct
0000483f   VectorScale
00004865   IntPrioritySet
000048ad   sqrtf
000048d1   pxPortInitialiseStack
000048f3   memcmp
00004915   uxListRemove
00004979   xTaskGetSchedulerState
00004999   UARTDisable
000049ed   xPortSysTickHandler
00004a23   UARTprintf
00004a89   _args_main
00004aa1   strcmp
00004ab9   vListInsertEnd
00004ad1   vTaskSetTimeOutState
00004ae9   xTaskGetTickCount
00004b01   vListInitialise
00004b2b   UARTEnable
00004b69   _register_unlock
00004b6f   _register_lock
00004b77   _nop
00004b7d   vPortEnterCritical
00004b91   vPortExitCritical
00004ba5   GPIOPinTypeEthernetLED
00004bb7   GPIOPinTypeI2CSCL
00004bc9   __TI_zero_init
00004bed   vPortYield
00004bfd   vPortYieldFromISR
00004c0d   vTaskSuspendAll
00004c1d   CompDCMAccelUpdate
00004c2b   CompDCMGyroUpdate
00004c39   CompDCMMagnetoUpdate
00004c47   GPIOIntStatus
00004c63   TimerEnable
00004c71   __TI_decompress_none
00004c8d   _FDclass
00004c9b   GPIOIntEnable
00004ca9   IntTrigger
00004cb5   SensHubI2CIntHandler
00004cc1   vTaskMissedYield
00004ccd   xTaskGetCurrentTaskHandle
00004cd9   I2CMasterEnable
00004ce3   I2CMasterIntClear
00004ceb   I2CMasterIntEnableEx
00004cf3   I2CMasterSlaveAddrSet
00004d03   GPIOIntClear
00004d09   ResetISR
00004d0f   UARTClockSourceSet
00004d15   __TI_decompress_rle24
00004d1b   vListInitialiseItem
00004d21   Cmd_activate
00004d25   Cmd_connect
00004d29   Cmd_proxy
00004d2d   Cmd_stats
00004d31   Cmd_sync
00004d35   I2CMasterControl
00004d39   I2CMasterDataGet
00004d3d   I2CMasterDataPut
00005324   __TI_Handler_Table_Base
00005330   __TI_Handler_Table_Limit
00005338   __TI_CINIT_Base
00005348   __TI_CINIT_Limit
20010940   g_sI2CInst
20010b64   g_sMPU9150Inst
20010bd0   g_sCompDCMInst
20010c28   g_sCompDCMData
20010d20   g_gpsUARTSemaphore
20010d28   g_ui32SysClock
20010d2c   g_vui8CompDCMI2CErrorStatus
20010d30   g_vulRunTimeStatsCountValue
20010d34   g_xCloudDataSemaphore
20010d38   g_xCommandHandle
20010d3c   g_xCompDCMDataReadySemaphore
20010d40   g_xCompDCMHandle
20010d44   g_xCompDCMTransactionCompleteSemaphore
20010d48   g_xGPSHandle
20010d4c   g_xI2CSemaphore
20010d50   g_xUARTSemaphore
20010d6c   __stack
20014d6c   __STACK_END
20014d6c   __STACK_TOP
20014e20   g_psCmdTable
20014e98   _FDenorm
20014ea8   _FEps
20014eb8   _FInf
20014ec8   _FNan
20014ed8   _FSnan
20014ee8   _FRteps
20014ef8   _FXbig
20014efc   _FZero
20014f00   pxCurrentTCB
20014f70   _lock
20014f74   _unlock
20014f78   __TI_cleanup_ptr
20014f7c   __TI_dtors_ptr
20014f80   _Fenv
20014f84   _Tls_setup__Fenv
20014f94   _Errno
20014f98   main_func_sp
ffffffff   __binit__
ffffffff   __c_args__
ffffffff   binit
UNDEFED    SHT$$INIT_ARRAY$$Base
UNDEFED    SHT$$INIT_ARRAY$$Limit

[228 symbols]
