******************************************************************************
                  TI ARM Linker Unix v5.1.12                   
******************************************************************************
>> Linked Thu Jul  9 20:45:57 2015

OUTPUT FILE NAME:   <ravvn.out>
ENTRY POINT SYMBOL: "_c_int00"  address: 00003d41


MEMORY CONFIGURATION

         name            origin    length      used     unused   attr    fill
----------------------  --------  ---------  --------  --------  ----  --------
  FLASH                 00000000   00100000  00005148  000faeb8  R  X
  SRAM                  20000000   00040000  00014af5  0002b50b  RW X


SEGMENT ALLOCATION MAP

run origin  load origin   length   init length attrs members
----------  ----------- ---------- ----------- ----- -------
00000000    00000000    00005148   00005148    r-x
  00000000    00000000    00000200   00000200    r-- .intvecs
  00000200    00000200    000049a4   000049a4    r-x .text
  00004ba4    00004ba4    000004c4   000004c4    r-- .const
  00005068    00005068    000000e0   000000e0    r-- .cinit
20000000    20000000    00014afc   00000000    rw-
  20000000    20000000    000108e1   00000000    rw- .bss
  200108e4    200108e4    00004000   00000000    rw- .stack
  200148e8    200148e8    00000214   00000000    rw- .data


SECTION ALLOCATION MAP

 output                                  attributes/
section   page    origin      length       input sections
--------  ----  ----------  ----------   ----------------
.init_array 
*          0    00000000    00000000     UNINITIALIZED

.intvecs   0    00000000    00000200     
                  00000000    00000200     startup_ccs.obj (.intvecs)

.text      0    00000200    000049a4     
                  00000200    0000029c     compdcm_task.obj (.text:CompDCMTask)
                  0000049c    00000290     sensorlib.lib : comp_dcm.obj (.text:CompDCMUpdate)
                  0000072c    00000214     pinout.obj (.text:PinoutSet)
                  00000940    0000020c     senshub_iot.obj (.text:main)
                  00000b4c    00000204     driverlib.lib : sysctl.obj (.text:SysCtlClockFreqSet)
                  00000d50    000001ea     uartstdio.obj (.text:UARTvprintf)
                  00000f3a    000001c8     sensorlib.lib : comp_dcm.obj (.text:CompDCMComputeQuaternion)
                  00001102    000001b6     rtsv7M4_T_le_v4SPD16_eabi.lib : fd_add_t2.obj (.text)
                  000012b8    0000018c     sensorlib.lib : mpu9150.obj (.text:MPU9150Callback)
                  00001444    00000166     command_task.obj (.text:Cmd_proxy)
                  000015aa    00000002     startup_ccs.obj (.text:FaultISR)
                  000015ac    00000160     uartstdio.obj (.text:UARTStdioIntHandler)
                  0000170c    00000130     driverlib.lib : gpio.obj (.text:GPIOPadConfigSet)
                  0000183c    00000114     tasks.obj (.text:xTaskIncrementTick)
                  00001950    00000100     queue.obj (.text:xQueueGenericReceive)
                  00001a50    000000fc     rtsv7M4_T_le_v4SPD16_eabi.lib : fd_mul_t2.obj (.text)
                  00001b4c    000000f2     sensorlib.lib : i2cm_drv.obj (.text:I2CMIntHandler)
                  00001c3e    00000002     startup_ccs.obj (.text:IntDefaultHandler)
                  00001c40    000000f0     command_task.obj (.text:CommandTask)
                  00001d30    000000e8     compdcm_task.obj (.text:CompDCMTaskInit)
                  00001e18    000000dc     tasks.obj (.text:xTaskGenericCreate)
                  00001ef4    000000d8     rtsv7M4_T_le_v4SPD16_eabi.lib : atan2f.obj (.text)
                  00001fcc    000000d0     tasks.obj (.text:xTaskResumeAll)
                  0000209c    000000c8     tasks.obj (.text:vTaskSwitchContext)
                  00002164    000000c6     queue.obj (.text:xQueueGenericSend)
                  0000222a    000000b8     sensorlib.lib : comp_dcm.obj (.text:CompDCMStart)
                  000022e2    00000002     startup_ccs.obj (.text:NmiSR)
                  000022e4    000000b0     compdcm_task.obj (.text:CompDCMAppErrorHandler)
                  00002394    000000b0     uartstdio.obj (.text:UARTStdioConfig)
                  00002444    000000b0     rtsv7M4_T_le_v4SPD16_eabi.lib : asinf.obj (.text)
                  000024f4    000000a8     uartstdio.obj (.text:UARTwrite)
                  0000259c    000000a8     rtsv7M4_T_le_v4SPD16_eabi.lib : xfatan.obj (.text)
                  00002644    000000a6     portasm.obj (.text)
                  000026ea    00000002     rtsv7M4_T_le_v4SPD16_eabi.lib : i_div0.obj (.text)
                  000026ec    000000a0     sensorlib.lib : mpu9150.obj (.text:MPU9150DataMagnetoGetFloat)
                  0000278c    000000a0                   : mpu9150.obj (.text:MPU9150Write)
                  0000282c    0000009c     rtsv7M4_T_le_v4SPD16_eabi.lib : memcpy_t2.obj (.text)
                  000028c8    00000098     sensorlib.lib : i2cm_drv.obj (.text:I2CMStateIdle)
                  00002960    00000094     rtsv7M4_T_le_v4SPD16_eabi.lib : auto_init.obj (.text)
                  000029f4    00000090     timers.obj (.text:prvProcessReceivedCommands)
                  00002a84    0000008c     uartstdio.obj (.text:UARTPrimeTransmit)
                  00002b10    00000088     sensorlib.lib : i2cm_drv.obj (.text:I2CMCommand)
                  00002b98    00000080     command_task.obj (.text:Cmd_help)
                  00002c18    0000007a     rtsv7M4_T_le_v4SPD16_eabi.lib : memset_t2.obj (.text)
                  00002c92    00000002     senshub_iot.obj (.text:vApplicationStackOverflowHook)
                  00002c94    00000078     sensorlib.lib : mpu9150.obj (.text:MPU9150DataAccelGetFloat)
                  00002d0c    00000078                   : mpu9150.obj (.text:MPU9150DataGyroGetFloat)
                  00002d84    00000070     queue.obj (.text:xQueueGenericReset)
                  00002df4    00000070     tasks.obj (.text:xTaskRemoveFromEventList)
                  00002e64    0000006c     sensorlib.lib : mpu9150.obj (.text:MPU9150Init)
                  00002ed0    0000006c     tasks.obj (.text:vTaskPriorityInherit)
                  00002f3c    0000006a     queue.obj (.text:prvCopyDataToQueue)
                  00002fa6    00000002     heap_1.obj (.text:vPortFree)
                  00002fa8    00000068     command_task.obj (.text:CommandTaskInit)
                  00003010    00000068     driverlib.lib : interrupt.obj (.text:IntDisable)
                  00003078    00000068                   : interrupt.obj (.text:IntEnable)
                  000030e0    00000068     tasks.obj (.text:vTaskSuspend)
                  00003148    00000064     GPS_task.obj (.text:ConfigureGPSUART)
                  000031ac    00000064     command_task.obj (.text:ConfigureUART)
                  00003210    00000064     driverlib.lib : interrupt.obj (.text:IntIsEnabled)
                  00003274    00000064     senshub_iot.obj (.text:SensorCloudStatTimerConfig)
                  000032d8    00000062     queue.obj (.text:prvUnlockQueue)
                  0000333a    00000002     --HOLE-- [fill = 0]
                  0000333c    00000060     cmdline.obj (.text:CmdLineProcess)
                  0000339c    00000060     sensorlib.lib : mpu9150.obj (.text:MPU9150DataRead)
                  000033fc    00000060     tasks.obj (.text:prvInitialiseTaskLists)
                  0000345c    00000060     timers.obj (.text:prvSwitchTimerLists)
                  000034bc    0000005e     sensorlib.lib : i2cm_drv.obj (.text:I2CMStateWritePause)
                  0000351a    0000005e     rtsv7M4_T_le_v4SPD16_eabi.lib : copy_decompress_rle.obj (.text)
                  00003578    0000005c     tasks.obj (.text:vTaskDelayUntil)
                  000035d4    0000005c     tasks.obj (.text:vTaskStartScheduler)
                  00003630    00000058     tasks.obj (.text:prvCheckTasksWaitingTermination)
                  00003688    00000056     sensorlib.lib : vector.obj (.text:VectorCrossProduct)
                  000036de    00000056     queue.obj (.text:xQueueGenericSendFromISR)
                  00003734    00000054     GPS_task.obj (.text:GPSTaskInit)
                  00003788    00000054     sensorlib.lib : i2cm_drv.obj (.text:I2CMWrite8)
                  000037dc    00000054     uartstdio.obj (.text:UARTgets)
                  00003830    00000054     tasks.obj (.text:xTaskCheckForTimeOut)
                  00003884    00000050     sensorlib.lib : i2cm_drv.obj (.text:I2CMStateWriteFinal)
                  000038d4    00000050     driverlib.lib : sysctl.obj (.text:SysCtlPeripheralReset)
                  00003924    00000050     tasks.obj (.text:prvInitialiseTCBVariables)
                  00003974    00000050     heap_1.obj (.text:pvPortMalloc)
                  000039c4    0000004c     buttons.obj (.text:ButtonsInit)
                  00003a10    0000004c     tasks.obj (.text:prvAddCurrentTaskToDelayedList)
                  00003a5c    0000004c     timers.obj (.text:prvCheckForValidListAndQueue)
                  00003aa8    0000004c     timers.obj (.text:prvProcessTimerOrBlockTask)
                  00003af4    0000004c     queue.obj (.text:xQueueCreateMutex)
                  00003b40    0000004c     queue.obj (.text:xQueueGenericCreate)
                  00003b8c    0000004a     sensorlib.lib : i2cm_drv.obj (.text:I2CMStateReadNext)
                  00003bd6    0000004a     rtsv7M4_T_le_v4SPD16_eabi.lib : fd_tos_t2.obj (.text)
                  00003c20    00000048     sensorlib.lib : i2cm_drv.obj (.text:I2CMStateWriteNext)
                  00003c68    00000048     driverlib.lib : i2c.obj (.text:I2CMasterInitExpClk)
                  00003cb0    00000048                   : sysctl.obj (.text:_SysCtlFrequencyGet)
                  00003cf8    00000048     timers.obj (.text:prvProcessExpiredTimer)
                  00003d40    00000048     rtsv7M4_T_le_v4SPD16_eabi.lib : boot.obj (.text)
                  00003d88    00000048     tasks.obj (.text:vTaskPriorityDisinherit)
                  00003dd0    00000044     sensorlib.lib : comp_dcm.obj (.text:CompDCMInit)
                  00003e14    00000044                   : i2cm_drv.obj (.text:I2CMStateCallback)
                  00003e58    00000044     uartstdio.obj (.text:UARTPeek)
                  00003e9c    00000044     timers.obj (.text:prvInsertTimerInActiveList)
                  00003ee0    00000044     rtsv7M4_T_le_v4SPD16_eabi.lib : cpy_tbl.obj (.text)
                  00003f24    00000044                                   : exit.obj (.text)
                  00003f68    00000044     tasks.obj (.text:vTaskPlaceOnEventList)
                  00003fac    00000044     timers.obj (.text:xTimerCreateTimerTask)
                  00003ff0    00000042     sensorlib.lib : comp_dcm.obj (.text:CompDCMComputeEulers)
                  00004032    00000042     driverlib.lib : uart.obj (.text:UARTConfigSetExpClk)
                  00004074    00000040     sensorlib.lib : i2cm_drv.obj (.text:I2CMStateReadFinal)
                  000040b4    00000040     compdcm_task.obj (.text:IntHandlerGPIOPortM)
                  000040f4    00000040     rtsv7M4_T_le_v4SPD16_eabi.lib : signal.obj (.text)
                  00004134    00000040                                   : u_divt2.obj (.text)
                  00004174    00000040     port.obj (.text:xPortStartScheduler)
                  000041b4    00000040     timers.obj (.text:xTimerGenericCommand)
                  000041f4    0000003e     sensorlib.lib : i2cm_drv.obj (.text:I2CMStateReadPause)
                  00004232    00000002     --HOLE-- [fill = 0]
                  00004234    0000003c     uartstdio.obj (.text:UARTFlushTx)
                  00004270    0000003c     queue.obj (.text:vQueueWaitForMessageRestricted)
                  000042ac    0000003a     sensorlib.lib : i2cm_drv.obj (.text:I2CMWrite8Callback)
                  000042e6    00000002     --HOLE-- [fill = 0]
                  000042e8    00000038     driverlib.lib : sysctl.obj (.text:SysCtlPeripheralReady)
                  00004320    00000038     rtsv7M4_T_le_v4SPD16_eabi.lib : fs_tod_t2.obj (.text)
                  00004358    00000038     list.obj (.text:vListInsert)
                  00004390    00000036     tasks.obj (.text:prvAllocateTCBAndStack)
                  000043c6    00000002     --HOLE-- [fill = 0]
                  000043c8    00000034     command_task.obj (.text:Cmd_clear)
                  000043fc    00000034     GPS_task.obj (.text:GPSTask)
                  00004430    00000034     sensorlib.lib : i2cm_drv.obj (.text:I2CMInit)
                  00004464    00000034     rtsv7M4_T_le_v4SPD16_eabi.lib : feraiseexcept.obj (.text)
                  00004498    00000034                                   : xfdtest.obj (.text)
                  000044cc    00000032     sensorlib.lib : vector.obj (.text:VectorAdd)
                  000044fe    00000030                   : i2cm_drv.obj (.text:I2CMTransferResume)
                  0000452e    00000002     --HOLE-- [fill = 0]
                  00004530    00000030     rtsv7M4_T_le_v4SPD16_eabi.lib : xferaise.obj (.text)
                  00004560    0000002e                                   : raise.obj (.text)
                  0000458e    00000002     --HOLE-- [fill = 0]
                  00004590    0000002c     compdcm_task.obj (.text:CompDCMAppCallback)
                  000045bc    0000002c     uartstdio.obj (.text:UARTFlushRx)
                  000045e8    0000002c     tasks.obj (.text:vTaskPlaceOnEventListRestricted)
                  00004614    0000002a     driverlib.lib : gpio.obj (.text:GPIODirModeSet)
                  0000463e    0000002a     sensorlib.lib : i2cm_drv.obj (.text:I2CMStateReadFirst)
                  00004668    00000028     senshub_iot.obj (.text:Timer0IntHandler)
                  00004690    00000028     timers.obj (.text:prvSampleTimeNow)
                  000046b8    00000026     sensorlib.lib : vector.obj (.text:VectorDotProduct)
                  000046de    00000026                   : vector.obj (.text:VectorScale)
                  00004704    00000024     driverlib.lib : interrupt.obj (.text:IntPrioritySet)
                  00004728    00000024     queue.obj (.text:prvCopyDataFromQueue)
                  0000474c    00000024     rtsv7M4_T_le_v4SPD16_eabi.lib : sqrtf.obj (.text)
                  00004770    00000022     port.obj (.text:pxPortInitialiseStack)
                  00004792    00000022     rtsv7M4_T_le_v4SPD16_eabi.lib : memcmp.obj (.text)
                  000047b4    00000022     list.obj (.text:uxListRemove)
                  000047d6    00000020     sensorlib.lib : i2cm_drv.obj (.text:I2CMStateReadOne)
                  000047f6    00000002     --HOLE-- [fill = 0]
                  000047f8    00000020     timers.obj (.text:prvGetNextExpireTime)
                  00004818    00000020     tasks.obj (.text:xTaskGetSchedulerState)
                  00004838    0000001c     driverlib.lib : uart.obj (.text:UARTDisable)
                  00004854    0000001c                   : sysctl.obj (.text:_SysCtlMemTimingGet)
                  00004870    0000001c     queue.obj (.text:prvIsQueueFull)
                  0000488c    0000001c     port.obj (.text:xPortSysTickHandler)
                  000048a8    0000001a     sensorlib.lib : i2cm_drv.obj (.text:I2CMStateReadWait)
                  000048c2    0000001a     uartstdio.obj (.text:UARTprintf)
                  000048dc    0000001a     queue.obj (.text:prvIsQueueEmpty)
                  000048f6    00000018     uartstdio.obj (.text:IsBufferFull)
                  0000490e    00000002     --HOLE-- [fill = 0]
                  00004910    00000018     rtsv7M4_T_le_v4SPD16_eabi.lib : args_main.obj (.text)
                  00004928    00000018                                   : strcmp.obj (.text)
                  00004940    00000018     list.obj (.text:vListInsertEnd)
                  00004958    00000018     tasks.obj (.text:vTaskSetTimeOutState)
                  00004970    00000018     tasks.obj (.text:xTaskGetTickCount)
                  00004988    00000016     list.obj (.text:vListInitialise)
                  0000499e    00000014     uartstdio.obj (.text:GetBufferCount)
                  000049b2    00000014     driverlib.lib : uart.obj (.text:UARTEnable)
                  000049c6    00000002     --HOLE-- [fill = 0]
                  000049c8    00000014     port.obj (.text:prvSetupTimerInterrupt)
                  000049dc    00000014     timers.obj (.text:prvTimerTask)
                  000049f0    00000014     rtsv7M4_T_le_v4SPD16_eabi.lib : _lock.obj (.text)
                  00004a04    00000014     port.obj (.text:vPortEnterCritical)
                  00004a18    00000014     port.obj (.text:vPortExitCritical)
                  00004a2c    00000012     driverlib.lib : gpio.obj (.text:GPIOPinTypeEthernetLED)
                  00004a3e    00000012     rtsv7M4_T_le_v4SPD16_eabi.lib : copy_zero_init.obj (.text:decompress:ZI)
                  00004a50    00000012     tasks.obj (.text:prvDeleteTCB)
                  00004a62    00000002     --HOLE-- [fill = 0]
                  00004a64    00000010     port.obj (.text:vPortYield)
                  00004a74    00000010     port.obj (.text:vPortYieldFromISR)
                  00004a84    00000010     tasks.obj (.text:vTaskSuspendAll)
                  00004a94    0000000e     sensorlib.lib : comp_dcm.obj (.text:CompDCMAccelUpdate)
                  00004aa2    0000000e                   : comp_dcm.obj (.text:CompDCMGyroUpdate)
                  00004ab0    0000000e                   : comp_dcm.obj (.text:CompDCMMagnetoUpdate)
                  00004abe    0000000e     driverlib.lib : gpio.obj (.text:GPIOIntStatus)
                  00004acc    0000000e     uartstdio.obj (.text:IsBufferEmpty)
                  00004ada    0000000e     driverlib.lib : timer.obj (.text:TimerEnable)
                  00004ae8    0000000e     rtsv7M4_T_le_v4SPD16_eabi.lib : copy_decompress_none.obj (.text:decompress:none)
                  00004af6    0000000e                                   : xfdclass.obj (.text)
                  00004b04    0000000c     driverlib.lib : gpio.obj (.text:GPIOIntEnable)
                  00004b10    0000000c                   : interrupt.obj (.text:IntTrigger)
                  00004b1c    0000000c     senshub_iot.obj (.text:SensHubI2CIntHandler)
                  00004b28    0000000c     tasks.obj (.text:vTaskMissedYield)
                  00004b34    0000000c     tasks.obj (.text:xTaskGetCurrentTaskHandle)
                  00004b40    0000000a     driverlib.lib : i2c.obj (.text:I2CMasterEnable)
                  00004b4a    00000008                   : i2c.obj (.text:I2CMasterIntClear)
                  00004b52    00000008                   : i2c.obj (.text:I2CMasterIntEnableEx)
                  00004b5a    00000008                   : i2c.obj (.text:I2CMasterSlaveAddrSet)
                  00004b62    00000008     tasks.obj (.text:prvIdleTask)
                  00004b6a    00000006     driverlib.lib : gpio.obj (.text:GPIOIntClear)
                  00004b70    00000006     startup_ccs.obj (.text:ResetISR)
                  00004b76    00000006     driverlib.lib : uart.obj (.text:UARTClockSourceSet)
                  00004b7c    00000006     rtsv7M4_T_le_v4SPD16_eabi.lib : copy_decompress_rle.obj (.text:decompress:rle24)
                  00004b82    00000006     list.obj (.text:vListInitialiseItem)
                  00004b88    00000004     command_task.obj (.text:Cmd_activate)
                  00004b8c    00000004     command_task.obj (.text:Cmd_connect)
                  00004b90    00000004     command_task.obj (.text:Cmd_stats)
                  00004b94    00000004     command_task.obj (.text:Cmd_sync)
                  00004b98    00000004     driverlib.lib : i2c.obj (.text:I2CMasterControl)
                  00004b9c    00000004                   : i2c.obj (.text:I2CMasterDataGet)
                  00004ba0    00000004                   : i2c.obj (.text:I2CMasterDataPut)

.const     0    00004ba4    000004c4     
                  00004ba4    00000150     command_task.obj (.const:.string)
                  00004cf4    00000120     driverlib.lib : sysctl.obj (.const:g_pppui32XTALtoVCO)
                  00004e14    0000009c                   : interrupt.obj (.const:g_pui32Regs)
                  00004eb0    00000070                   : interrupt.obj (.const)
                  00004f20    0000006c                   : sysctl.obj (.const:g_pui32Xtals)
                  00004f8c    00000034     rtsv7M4_T_le_v4SPD16_eabi.lib : xfatan.obj (.const)
                  00004fc0    00000030     driverlib.lib : sysctl.obj (.const:g_sXTALtoMEMTIM)
                  00004ff0    00000028     uartstdio.obj (.const)
                  00005018    00000020     sensorlib.lib : mpu9150.obj (.const)
                  00005038    00000014     tasks.obj (.const:.string)
                  0000504c    00000012     uartstdio.obj (.const:.string)
                  0000505e    00000002     --HOLE-- [fill = 0]
                  00005060    00000008     driverlib.lib : sysctl.obj (.const)

.cinit     0    00005068    000000e0     
                  00005068    000000b5     (.cinit..data.load) [load image, compression = rle]
                  0000511d    00000003     --HOLE-- [fill = 0]
                  00005120    0000000c     (__TI_handler_table)
                  0000512c    00000004     --HOLE-- [fill = 0]
                  00005130    00000008     (.cinit..bss.load) [load image, compression = zero_init]
                  00005138    00000010     (__TI_cinit_table)

.bss       0    20000000    000108e1     UNINITIALIZED
                  20000000    00010000     heap_1.obj (.bss:ucHeap)
                  20010000    00000400     uartstdio.obj (.bss:g_pcUARTTxBuffer)
                  20010400    00000140     tasks.obj (.bss:pxReadyTasksLists)
                  20010540    00000124     senshub_iot.obj (.bss:g_sI2CInst)
                  20010664    00000080     uartstdio.obj (.bss:g_pcUARTRxBuffer)
                  200106e4    0000006c     compdcm_task.obj (.bss:g_sMPU9150Inst)
                  20010750    00000058     compdcm_task.obj (.bss:g_sCompDCMInst)
                  200107a8    00000048     compdcm_task.obj (.bss:g_sCompDCMData)
                  200107f0    00000024     cmdline.obj (.bss:g_ppcArgv)
                  20010814    00000014     (.common:xActiveTimerList1)
                  20010828    00000014     (.common:xActiveTimerList2)
                  2001083c    00000014     (.common:xDelayedTaskList1)
                  20010850    00000014     (.common:xDelayedTaskList2)
                  20010864    00000014     (.common:xPendingReadyList)
                  20010878    00000014     (.common:xSuspendedTaskList)
                  2001088c    00000014     (.common:xTasksWaitingTermination)
                  200108a0    00000004     (.common:g_gpsUARTSemaphore)
                  200108a4    00000004     (.common:g_ui32PortNum)
                  200108a8    00000004     (.common:g_ui32SysClock)
                  200108ac    00000004     (.common:g_vui8CompDCMI2CErrorStatus)
                  200108b0    00000004     (.common:g_vulRunTimeStatsCountValue)
                  200108b4    00000004     (.common:g_xCommandHandle)
                  200108b8    00000004     (.common:g_xCompDCMDataReadySemaphore)
                  200108bc    00000004     (.common:g_xCompDCMHandle)
                  200108c0    00000004     (.common:g_xCompDCMTransactionCompleteSemaphore)
                  200108c4    00000004     (.common:g_xGPSHandle)
                  200108c8    00000004     (.common:g_xI2CSemaphore)
                  200108cc    00000004     (.common:g_xUARTSemaphore)
                  200108d0    00000004     (.common:pxCurrentTimerList)
                  200108d4    00000004     (.common:pxDelayedTaskList)
                  200108d8    00000004     (.common:pxOverflowDelayedTaskList)
                  200108dc    00000004     (.common:pxOverflowTimerList)
                  200108e0    00000001     (.common:g_bDisableEcho)

.stack     0    200108e4    00004000     UNINITIALIZED
                  200108e4    00004000     --HOLE--

.data      0    200148e8    00000214     UNINITIALIZED
                  200148e8    000000b0     rtsv7M4_T_le_v4SPD16_eabi.lib : signal.obj (.data:sigtable)
                  20014998    00000078     command_task.obj (.data:g_psCmdTable)
                  20014a10    00000068     rtsv7M4_T_le_v4SPD16_eabi.lib : xfvalues.obj (.data)
                  20014a78    00000038     tasks.obj (.data)
                  20014ab0    00000015     uartstdio.obj (.data)
                  20014ac5    00000003     buttons.obj (.data)
                  20014ac8    00000008     heap_1.obj (.data)
                  20014ad0    00000008     rtsv7M4_T_le_v4SPD16_eabi.lib : _lock.obj (.data)
                  20014ad8    00000008                                   : exit.obj (.data)
                  20014ae0    00000008                                   : feraiseexcept.obj (.data)
                  20014ae8    00000008     timers.obj (.data)
                  20014af0    00000004     port.obj (.data)
                  20014af4    00000004     rtsv7M4_T_le_v4SPD16_eabi.lib : errno.obj (.data)
                  20014af8    00000004                                   : stkdepth_vars.obj (.data)


LINKER GENERATED COPY TABLES

__TI_cinit_table @ 00005138 records: 2, size/record: 8, table size: 16
	.data: load addr=00005068, load size=000000b5 bytes, run addr=200148e8, run size=00000214 bytes, compression=rle
	.bss: load addr=00005130, load size=00000008 bytes, run addr=20000000, run size=000108e1 bytes, compression=zero_init


LINKER GENERATED HANDLER TABLE

__TI_handler_table @ 00005120 records: 3, size/record: 4, table size: 12
	index: 0, handler: __TI_decompress_rle24
	index: 1, handler: __TI_decompress_none
	index: 2, handler: __TI_zero_init


GLOBAL SYMBOLS: SORTED ALPHABETICALLY BY Name 

address    name
--------   ----
000039c5   ButtonsInit
00003f25   C$$EXIT
0000333d   CmdLineProcess
00004b89   Cmd_activate
000043c9   Cmd_clear
00004b8d   Cmd_connect
00002b99   Cmd_help
00001445   Cmd_proxy
00004b91   Cmd_stats
00004b95   Cmd_sync
00002fa9   CommandTaskInit
00004a95   CompDCMAccelUpdate
00004591   CompDCMAppCallback
000022e5   CompDCMAppErrorHandler
00003ff1   CompDCMComputeEulers
00000f3b   CompDCMComputeQuaternion
00004aa3   CompDCMGyroUpdate
00003dd1   CompDCMInit
00004ab1   CompDCMMagnetoUpdate
0000222b   CompDCMStart
00001d31   CompDCMTaskInit
0000049d   CompDCMUpdate
00003149   ConfigureGPSUART
000031ad   ConfigureUART
00004615   GPIODirModeSet
00004b6b   GPIOIntClear
00004b05   GPIOIntEnable
00004abf   GPIOIntStatus
0000170d   GPIOPadConfigSet
00004a2d   GPIOPinTypeEthernetLED
00003735   GPSTaskInit
00002b11   I2CMCommand
00004431   I2CMInit
00001b4d   I2CMIntHandler
000044ff   I2CMTransferResume
00003789   I2CMWrite8
00004b99   I2CMasterControl
00004b9d   I2CMasterDataGet
00004ba1   I2CMasterDataPut
00004b41   I2CMasterEnable
00003c69   I2CMasterInitExpClk
00004b4b   I2CMasterIntClear
00004b53   I2CMasterIntEnableEx
00004b5b   I2CMasterSlaveAddrSet
00003011   IntDisable
00003079   IntEnable
000040b5   IntHandlerGPIOPortM
00003211   IntIsEnabled
00004705   IntPrioritySet
00004b11   IntTrigger
00002c95   MPU9150DataAccelGetFloat
00002d0d   MPU9150DataGyroGetFloat
000026ed   MPU9150DataMagnetoGetFloat
0000339d   MPU9150DataRead
00002e65   MPU9150Init
0000278d   MPU9150Write
0000072d   PinoutSet
00004b71   ResetISR
UNDEFED    SHT$$INIT_ARRAY$$Base
UNDEFED    SHT$$INIT_ARRAY$$Limit
00004b1d   SensHubI2CIntHandler
00003275   SensorCloudStatTimerConfig
00000b4d   SysCtlClockFreqSet
000042e9   SysCtlPeripheralReady
000038d5   SysCtlPeripheralReset
00004669   Timer0IntHandler
00004adb   TimerEnable
00004b77   UARTClockSourceSet
00004033   UARTConfigSetExpClk
00004839   UARTDisable
000049b3   UARTEnable
000045bd   UARTFlushRx
00004235   UARTFlushTx
00003e59   UARTPeek
00002395   UARTStdioConfig
000015ad   UARTStdioIntHandler
000037dd   UARTgets
000048c3   UARTprintf
00000d51   UARTvprintf
000024f5   UARTwrite
000044cd   VectorAdd
00003689   VectorCrossProduct
000046b9   VectorDotProduct
000046df   VectorScale
20014af4   _Errno
0000259d   _FAtan
00004af7   _FDclass
20014a10   _FDenorm
00004499   _FDtest
20014a20   _FEps
20014a30   _FInf
20014a40   _FNan
20014a60   _FRteps
20014a50   _FSnan
20014a70   _FXbig
20014a74   _FZero
20014ae0   _Fenv
00004531   _Feraise
20014ae4   _Tls_setup__Fenv
200148e4   __STACK_END
00004000   __STACK_SIZE
200148e4   __STACK_TOP
00005138   __TI_CINIT_Base
00005148   __TI_CINIT_Limit
00005120   __TI_Handler_Table_Base
0000512c   __TI_Handler_Table_Limit
00000001   __TI_args_main
00002961   __TI_auto_init
20014ad8   __TI_cleanup_ptr
00004ae9   __TI_decompress_none
00004b7d   __TI_decompress_rle24
20014adc   __TI_dtors_ptr
00000000   __TI_static_base__
00004a3f   __TI_zero_init
00003bd7   __aeabi_d2f
0000110d   __aeabi_dadd
00001a51   __aeabi_dmul
00001103   __aeabi_dsub
00004321   __aeabi_f2d
000026eb   __aeabi_idiv0
00002c19   __aeabi_memclr
00002c19   __aeabi_memclr4
00002c19   __aeabi_memclr8
0000282d   __aeabi_memcpy
0000282d   __aeabi_memcpy4
0000282d   __aeabi_memcpy8
00002c1b   __aeabi_memset
00002c1b   __aeabi_memset4
00002c1b   __aeabi_memset8
00004135   __aeabi_uidiv
00004135   __aeabi_uidivmod
ffffffff   __binit__
ffffffff   __c_args__
200108e4   __stack
00004911   _args_main
00003d41   _c_int00
20014ad0   _lock
000049ff   _nop
000049f7   _register_lock
000049f1   _register_unlock
20014ad4   _unlock
00003f29   abort
00002445   asinf
00001ef5   atan2f
ffffffff   binit
00003ee1   copy_in
00003f31   exit
00004465   feraiseexcept
200108a0   g_gpsUARTSemaphore
00000000   g_pfnVectors
20014998   g_psCmdTable
200107a8   g_sCompDCMData
20010750   g_sCompDCMInst
20010540   g_sI2CInst
200106e4   g_sMPU9150Inst
200108a8   g_ui32SysClock
200108ac   g_vui8CompDCMI2CErrorStatus
200108b0   g_vulRunTimeStatsCountValue
200108b4   g_xCommandHandle
200108b8   g_xCompDCMDataReadySemaphore
200108bc   g_xCompDCMHandle
200108c0   g_xCompDCMTransactionCompleteSemaphore
200108c4   g_xGPSHandle
200108c8   g_xI2CSemaphore
200108cc   g_xUARTSemaphore
00000941   main
20014af8   main_func_sp
00004793   memcmp
0000282d   memcpy
00002c21   memset
00003975   pvPortMalloc
20014a78   pxCurrentTCB
00004771   pxPortInitialiseStack
00004561   raise
000040f5   signal
0000474d   sqrtf
00004929   strcmp
000047b5   uxListRemove
00002c93   vApplicationStackOverflowHook
00004989   vListInitialise
00004b83   vListInitialiseItem
00004359   vListInsert
00004941   vListInsertEnd
000026a1   vPortClearInterruptMask
000026d9   vPortEnableVFP
00004a05   vPortEnterCritical
00004a19   vPortExitCritical
00002fa7   vPortFree
000026ab   vPortSVCHandler
00002697   vPortSetInterruptMask
000026c5   vPortStartFirstTask
00004a65   vPortYield
00004a75   vPortYieldFromISR
00004271   vQueueWaitForMessageRestricted
00003579   vTaskDelayUntil
00004b29   vTaskMissedYield
00003f69   vTaskPlaceOnEventList
000045e9   vTaskPlaceOnEventListRestricted
00003d89   vTaskPriorityDisinherit
00002ed1   vTaskPriorityInherit
00004959   vTaskSetTimeOutState
000035d5   vTaskStartScheduler
000030e1   vTaskSuspend
00004a85   vTaskSuspendAll
0000209d   vTaskSwitchContext
00002649   xPortPendSVHandler
00004175   xPortStartScheduler
0000488d   xPortSysTickHandler
00003af5   xQueueCreateMutex
00003b41   xQueueGenericCreate
00001951   xQueueGenericReceive
00002d85   xQueueGenericReset
00002165   xQueueGenericSend
000036df   xQueueGenericSendFromISR
00003831   xTaskCheckForTimeOut
00001e19   xTaskGenericCreate
00004b35   xTaskGetCurrentTaskHandle
00004819   xTaskGetSchedulerState
00004971   xTaskGetTickCount
0000183d   xTaskIncrementTick
00002df5   xTaskRemoveFromEventList
00001fcd   xTaskResumeAll
00003fad   xTimerCreateTimerTask
000041b5   xTimerGenericCommand


GLOBAL SYMBOLS: SORTED BY Symbol Address 

address    name
--------   ----
00000000   __TI_static_base__
00000000   g_pfnVectors
00000001   __TI_args_main
0000049d   CompDCMUpdate
0000072d   PinoutSet
00000941   main
00000b4d   SysCtlClockFreqSet
00000d51   UARTvprintf
00000f3b   CompDCMComputeQuaternion
00001103   __aeabi_dsub
0000110d   __aeabi_dadd
00001445   Cmd_proxy
000015ad   UARTStdioIntHandler
0000170d   GPIOPadConfigSet
0000183d   xTaskIncrementTick
00001951   xQueueGenericReceive
00001a51   __aeabi_dmul
00001b4d   I2CMIntHandler
00001d31   CompDCMTaskInit
00001e19   xTaskGenericCreate
00001ef5   atan2f
00001fcd   xTaskResumeAll
0000209d   vTaskSwitchContext
00002165   xQueueGenericSend
0000222b   CompDCMStart
000022e5   CompDCMAppErrorHandler
00002395   UARTStdioConfig
00002445   asinf
000024f5   UARTwrite
0000259d   _FAtan
00002649   xPortPendSVHandler
00002697   vPortSetInterruptMask
000026a1   vPortClearInterruptMask
000026ab   vPortSVCHandler
000026c5   vPortStartFirstTask
000026d9   vPortEnableVFP
000026eb   __aeabi_idiv0
000026ed   MPU9150DataMagnetoGetFloat
0000278d   MPU9150Write
0000282d   __aeabi_memcpy
0000282d   __aeabi_memcpy4
0000282d   __aeabi_memcpy8
0000282d   memcpy
00002961   __TI_auto_init
00002b11   I2CMCommand
00002b99   Cmd_help
00002c19   __aeabi_memclr
00002c19   __aeabi_memclr4
00002c19   __aeabi_memclr8
00002c1b   __aeabi_memset
00002c1b   __aeabi_memset4
00002c1b   __aeabi_memset8
00002c21   memset
00002c93   vApplicationStackOverflowHook
00002c95   MPU9150DataAccelGetFloat
00002d0d   MPU9150DataGyroGetFloat
00002d85   xQueueGenericReset
00002df5   xTaskRemoveFromEventList
00002e65   MPU9150Init
00002ed1   vTaskPriorityInherit
00002fa7   vPortFree
00002fa9   CommandTaskInit
00003011   IntDisable
00003079   IntEnable
000030e1   vTaskSuspend
00003149   ConfigureGPSUART
000031ad   ConfigureUART
00003211   IntIsEnabled
00003275   SensorCloudStatTimerConfig
0000333d   CmdLineProcess
0000339d   MPU9150DataRead
00003579   vTaskDelayUntil
000035d5   vTaskStartScheduler
00003689   VectorCrossProduct
000036df   xQueueGenericSendFromISR
00003735   GPSTaskInit
00003789   I2CMWrite8
000037dd   UARTgets
00003831   xTaskCheckForTimeOut
000038d5   SysCtlPeripheralReset
00003975   pvPortMalloc
000039c5   ButtonsInit
00003af5   xQueueCreateMutex
00003b41   xQueueGenericCreate
00003bd7   __aeabi_d2f
00003c69   I2CMasterInitExpClk
00003d41   _c_int00
00003d89   vTaskPriorityDisinherit
00003dd1   CompDCMInit
00003e59   UARTPeek
00003ee1   copy_in
00003f25   C$$EXIT
00003f29   abort
00003f31   exit
00003f69   vTaskPlaceOnEventList
00003fad   xTimerCreateTimerTask
00003ff1   CompDCMComputeEulers
00004000   __STACK_SIZE
00004033   UARTConfigSetExpClk
000040b5   IntHandlerGPIOPortM
000040f5   signal
00004135   __aeabi_uidiv
00004135   __aeabi_uidivmod
00004175   xPortStartScheduler
000041b5   xTimerGenericCommand
00004235   UARTFlushTx
00004271   vQueueWaitForMessageRestricted
000042e9   SysCtlPeripheralReady
00004321   __aeabi_f2d
00004359   vListInsert
000043c9   Cmd_clear
00004431   I2CMInit
00004465   feraiseexcept
00004499   _FDtest
000044cd   VectorAdd
000044ff   I2CMTransferResume
00004531   _Feraise
00004561   raise
00004591   CompDCMAppCallback
000045bd   UARTFlushRx
000045e9   vTaskPlaceOnEventListRestricted
00004615   GPIODirModeSet
00004669   Timer0IntHandler
000046b9   VectorDotProduct
000046df   VectorScale
00004705   IntPrioritySet
0000474d   sqrtf
00004771   pxPortInitialiseStack
00004793   memcmp
000047b5   uxListRemove
00004819   xTaskGetSchedulerState
00004839   UARTDisable
0000488d   xPortSysTickHandler
000048c3   UARTprintf
00004911   _args_main
00004929   strcmp
00004941   vListInsertEnd
00004959   vTaskSetTimeOutState
00004971   xTaskGetTickCount
00004989   vListInitialise
000049b3   UARTEnable
000049f1   _register_unlock
000049f7   _register_lock
000049ff   _nop
00004a05   vPortEnterCritical
00004a19   vPortExitCritical
00004a2d   GPIOPinTypeEthernetLED
00004a3f   __TI_zero_init
00004a65   vPortYield
00004a75   vPortYieldFromISR
00004a85   vTaskSuspendAll
00004a95   CompDCMAccelUpdate
00004aa3   CompDCMGyroUpdate
00004ab1   CompDCMMagnetoUpdate
00004abf   GPIOIntStatus
00004adb   TimerEnable
00004ae9   __TI_decompress_none
00004af7   _FDclass
00004b05   GPIOIntEnable
00004b11   IntTrigger
00004b1d   SensHubI2CIntHandler
00004b29   vTaskMissedYield
00004b35   xTaskGetCurrentTaskHandle
00004b41   I2CMasterEnable
00004b4b   I2CMasterIntClear
00004b53   I2CMasterIntEnableEx
00004b5b   I2CMasterSlaveAddrSet
00004b6b   GPIOIntClear
00004b71   ResetISR
00004b77   UARTClockSourceSet
00004b7d   __TI_decompress_rle24
00004b83   vListInitialiseItem
00004b89   Cmd_activate
00004b8d   Cmd_connect
00004b91   Cmd_stats
00004b95   Cmd_sync
00004b99   I2CMasterControl
00004b9d   I2CMasterDataGet
00004ba1   I2CMasterDataPut
00005120   __TI_Handler_Table_Base
0000512c   __TI_Handler_Table_Limit
00005138   __TI_CINIT_Base
00005148   __TI_CINIT_Limit
20010540   g_sI2CInst
200106e4   g_sMPU9150Inst
20010750   g_sCompDCMInst
200107a8   g_sCompDCMData
200108a0   g_gpsUARTSemaphore
200108a8   g_ui32SysClock
200108ac   g_vui8CompDCMI2CErrorStatus
200108b0   g_vulRunTimeStatsCountValue
200108b4   g_xCommandHandle
200108b8   g_xCompDCMDataReadySemaphore
200108bc   g_xCompDCMHandle
200108c0   g_xCompDCMTransactionCompleteSemaphore
200108c4   g_xGPSHandle
200108c8   g_xI2CSemaphore
200108cc   g_xUARTSemaphore
200108e4   __stack
200148e4   __STACK_END
200148e4   __STACK_TOP
20014998   g_psCmdTable
20014a10   _FDenorm
20014a20   _FEps
20014a30   _FInf
20014a40   _FNan
20014a50   _FSnan
20014a60   _FRteps
20014a70   _FXbig
20014a74   _FZero
20014a78   pxCurrentTCB
20014ad0   _lock
20014ad4   _unlock
20014ad8   __TI_cleanup_ptr
20014adc   __TI_dtors_ptr
20014ae0   _Fenv
20014ae4   _Tls_setup__Fenv
20014af4   _Errno
20014af8   main_func_sp
ffffffff   __binit__
ffffffff   __c_args__
ffffffff   binit
UNDEFED    SHT$$INIT_ARRAY$$Base
UNDEFED    SHT$$INIT_ARRAY$$Limit

[224 symbols]
