******************************************************************************
                  TI ARM Linker Unix v5.1.12                   
******************************************************************************
>> Linked Thu Jul 30 10:27:49 2015

OUTPUT FILE NAME:   <ravvn.out>
ENTRY POINT SYMBOL: "_c_int00"  address: 00002645


MEMORY CONFIGURATION

         name            origin    length      used     unused   attr    fill
----------------------  --------  ---------  --------  --------  ----  --------
  FLASH                 00000000   00100000  00003598  000fca68  R  X
  SRAM                  20000000   00040000  000148b1  0002b74f  RW X


SEGMENT ALLOCATION MAP

run origin  load origin   length   init length attrs members
----------  ----------- ---------- ----------- ----- -------
00000000    00000000    00003598   00003598    r-x
  00000000    00000000    00000200   00000200    r-- .intvecs
  00000200    00000200    00002e78   00002e78    r-x .text
  00003078    00003078    00000470   00000470    r-- .const
  000034e8    000034e8    000000b0   000000b0    r-- .cinit
20000000    20000000    000148b4   00000000    rw-
  20000000    20000000    000107c1   00000000    rw- .bss
  200107c4    200107c4    00004000   00000000    rw- .stack
  200147c4    200147c4    000000f0   00000000    rw- .data


SECTION ALLOCATION MAP

 output                                  attributes/
section   page    origin      length       input sections
--------  ----  ----------  ----------   ----------------
.init_array 
*          0    00000000    00000000     UNINITIALIZED

.intvecs   0    00000000    00000200     
                  00000000    00000200     startup_ccs.obj (.intvecs)

.text      0    00000200    00002e78     
                  00000200    00000214     pinout.obj (.text:PinoutSet)
                  00000414    00000204     driverlib.lib : sysctl.obj (.text:SysCtlClockFreqSet)
                  00000618    000001ea     uartstdio.obj (.text:UARTvprintf)
                  00000802    00000002     startup_ccs.obj (.text:FaultISR)
                  00000804    00000168     ravvn.obj (.text:main)
                  0000096c    00000166     command_task.obj (.text:Cmd_proxy)
                  00000ad2    00000002     startup_ccs.obj (.text:IntDefaultHandler)
                  00000ad4    00000160     uartstdio.obj (.text:UARTStdioIntHandler)
                  00000c34    00000130     driverlib.lib : gpio.obj (.text:GPIOPadConfigSet)
                  00000d64    00000114     tasks.obj (.text:xTaskIncrementTick)
                  00000e78    00000100     queue.obj (.text:xQueueGenericReceive)
                  00000f78    000000f8     command_task.obj (.text:CommandTask)
                  00001070    000000f2     sensorlib.lib : i2cm_drv.obj (.text:I2CMIntHandler)
                  00001162    00000002     startup_ccs.obj (.text:NmiSR)
                  00001164    000000dc     tasks.obj (.text:xTaskGenericCreate)
                  00001240    000000d0     tasks.obj (.text:xTaskResumeAll)
                  00001310    000000c8     tasks.obj (.text:vTaskSwitchContext)
                  000013d8    000000c6     queue.obj (.text:xQueueGenericSend)
                  0000149e    00000002     rtsv7M4_T_le_v4SPD16_eabi.lib : i_div0.obj (.text)
                  000014a0    000000b0     uartstdio.obj (.text:UARTStdioConfig)
                  00001550    000000a8     uartstdio.obj (.text:UARTwrite)
                  000015f8    000000a6     portasm.obj (.text)
                  0000169e    0000009c     rtsv7M4_T_le_v4SPD16_eabi.lib : memcpy_t2.obj (.text)
                  0000173a    00000098     sensorlib.lib : i2cm_drv.obj (.text:I2CMStateIdle)
                  000017d2    00000002     ravvn.obj (.text:vApplicationStackOverflowHook)
                  000017d4    00000094     rtsv7M4_T_le_v4SPD16_eabi.lib : auto_init.obj (.text)
                  00001868    00000090     timers.obj (.text:prvProcessReceivedCommands)
                  000018f8    0000008c     uartstdio.obj (.text:UARTPrimeTransmit)
                  00001984    00000080     command_task.obj (.text:Cmd_help)
                  00001a04    0000007a     rtsv7M4_T_le_v4SPD16_eabi.lib : memset_t2.obj (.text)
                  00001a7e    00000070     queue.obj (.text:xQueueGenericReset)
                  00001aee    00000002     heap_1.obj (.text:vPortFree)
                  00001af0    00000070     tasks.obj (.text:xTaskRemoveFromEventList)
                  00001b60    0000006c     tasks.obj (.text:vTaskPriorityInherit)
                  00001bcc    0000006a     queue.obj (.text:prvCopyDataToQueue)
                  00001c36    00000002     --HOLE-- [fill = 0]
                  00001c38    00000068     command_task.obj (.text:CommandTaskInit)
                  00001ca0    00000068     driverlib.lib : interrupt.obj (.text:IntEnable)
                  00001d08    00000064     command_task.obj (.text:ConfigureUART)
                  00001d6c    00000064     ravvn.obj (.text:SensorCloudStatTimerConfig)
                  00001dd0    00000062     queue.obj (.text:prvUnlockQueue)
                  00001e32    00000002     --HOLE-- [fill = 0]
                  00001e34    00000060     cmdline.obj (.text:CmdLineProcess)
                  00001e94    00000060     tasks.obj (.text:prvInitialiseTaskLists)
                  00001ef4    00000060     timers.obj (.text:prvSwitchTimerLists)
                  00001f54    0000005e     sensorlib.lib : i2cm_drv.obj (.text:I2CMStateWritePause)
                  00001fb2    0000005e     rtsv7M4_T_le_v4SPD16_eabi.lib : copy_decompress_rle.obj (.text)
                  00002010    0000005c     tasks.obj (.text:vTaskDelayUntil)
                  0000206c    0000005c     tasks.obj (.text:vTaskStartScheduler)
                  000020c8    00000058     tasks.obj (.text:prvCheckTasksWaitingTermination)
                  00002120    00000056     queue.obj (.text:xQueueGenericSendFromISR)
                  00002176    00000002     --HOLE-- [fill = 0]
                  00002178    00000054     uartstdio.obj (.text:UARTgets)
                  000021cc    00000054     tasks.obj (.text:xTaskCheckForTimeOut)
                  00002220    00000050     sensorlib.lib : i2cm_drv.obj (.text:I2CMStateWriteFinal)
                  00002270    00000050     tasks.obj (.text:prvInitialiseTCBVariables)
                  000022c0    00000050     heap_1.obj (.text:pvPortMalloc)
                  00002310    0000004c     buttons.obj (.text:ButtonsInit)
                  0000235c    0000004c     tasks.obj (.text:prvAddCurrentTaskToDelayedList)
                  000023a8    0000004c     timers.obj (.text:prvCheckForValidListAndQueue)
                  000023f4    0000004c     timers.obj (.text:prvProcessTimerOrBlockTask)
                  00002440    0000004c     queue.obj (.text:xQueueCreateMutex)
                  0000248c    0000004c     queue.obj (.text:xQueueGenericCreate)
                  000024d8    0000004a     sensorlib.lib : i2cm_drv.obj (.text:I2CMStateReadNext)
                  00002522    00000048                   : i2cm_drv.obj (.text:I2CMStateWriteNext)
                  0000256a    00000002     --HOLE-- [fill = 0]
                  0000256c    00000048     driverlib.lib : i2c.obj (.text:I2CMasterInitExpClk)
                  000025b4    00000048                   : sysctl.obj (.text:_SysCtlFrequencyGet)
                  000025fc    00000048     timers.obj (.text:prvProcessExpiredTimer)
                  00002644    00000048     rtsv7M4_T_le_v4SPD16_eabi.lib : boot.obj (.text)
                  0000268c    00000048     tasks.obj (.text:vTaskPriorityDisinherit)
                  000026d4    00000044     sensorlib.lib : i2cm_drv.obj (.text:I2CMStateCallback)
                  00002718    00000044     uartstdio.obj (.text:UARTPeek)
                  0000275c    00000044     timers.obj (.text:prvInsertTimerInActiveList)
                  000027a0    00000044     rtsv7M4_T_le_v4SPD16_eabi.lib : cpy_tbl.obj (.text)
                  000027e4    00000044                                   : exit.obj (.text)
                  00002828    00000044     tasks.obj (.text:vTaskPlaceOnEventList)
                  0000286c    00000044     timers.obj (.text:xTimerCreateTimerTask)
                  000028b0    00000040     sensorlib.lib : i2cm_drv.obj (.text:I2CMStateReadFinal)
                  000028f0    00000040     compdcm_task.obj (.text:IntHandlerGPIOPortM)
                  00002930    00000040     rtsv7M4_T_le_v4SPD16_eabi.lib : u_divt2.obj (.text)
                  00002970    00000040     port.obj (.text:xPortStartScheduler)
                  000029b0    00000040     timers.obj (.text:xTimerGenericCommand)
                  000029f0    0000003e     sensorlib.lib : i2cm_drv.obj (.text:I2CMStateReadPause)
                  00002a2e    00000002     --HOLE-- [fill = 0]
                  00002a30    0000003c     uartstdio.obj (.text:UARTFlushTx)
                  00002a6c    0000003c     queue.obj (.text:vQueueWaitForMessageRestricted)
                  00002aa8    00000038     list.obj (.text:vListInsert)
                  00002ae0    00000036     tasks.obj (.text:prvAllocateTCBAndStack)
                  00002b16    00000002     --HOLE-- [fill = 0]
                  00002b18    00000034     command_task.obj (.text:Cmd_clear)
                  00002b4c    00000034     sensorlib.lib : i2cm_drv.obj (.text:I2CMInit)
                  00002b80    0000002c     uartstdio.obj (.text:UARTFlushRx)
                  00002bac    0000002c     tasks.obj (.text:vTaskPlaceOnEventListRestricted)
                  00002bd8    0000002a     driverlib.lib : gpio.obj (.text:GPIODirModeSet)
                  00002c02    0000002a     sensorlib.lib : i2cm_drv.obj (.text:I2CMStateReadFirst)
                  00002c2c    00000028     ravvn.obj (.text:Timer0IntHandler)
                  00002c54    00000028     timers.obj (.text:prvSampleTimeNow)
                  00002c7c    00000024     driverlib.lib : interrupt.obj (.text:IntPrioritySet)
                  00002ca0    00000024     queue.obj (.text:prvCopyDataFromQueue)
                  00002cc4    00000022     port.obj (.text:pxPortInitialiseStack)
                  00002ce6    00000022     rtsv7M4_T_le_v4SPD16_eabi.lib : memcmp.obj (.text)
                  00002d08    00000022     list.obj (.text:uxListRemove)
                  00002d2a    00000020     sensorlib.lib : i2cm_drv.obj (.text:I2CMStateReadOne)
                  00002d4a    00000002     --HOLE-- [fill = 0]
                  00002d4c    00000020     timers.obj (.text:prvGetNextExpireTime)
                  00002d6c    00000020     tasks.obj (.text:xTaskGetSchedulerState)
                  00002d8c    0000001c     driverlib.lib : sysctl.obj (.text:_SysCtlMemTimingGet)
                  00002da8    0000001c     queue.obj (.text:prvIsQueueFull)
                  00002dc4    0000001c     port.obj (.text:xPortSysTickHandler)
                  00002de0    0000001a     sensorlib.lib : i2cm_drv.obj (.text:I2CMStateReadWait)
                  00002dfa    0000001a     uartstdio.obj (.text:UARTprintf)
                  00002e14    0000001a     queue.obj (.text:prvIsQueueEmpty)
                  00002e2e    00000018     uartstdio.obj (.text:IsBufferFull)
                  00002e46    00000002     --HOLE-- [fill = 0]
                  00002e48    00000018     rtsv7M4_T_le_v4SPD16_eabi.lib : args_main.obj (.text)
                  00002e60    00000018                                   : strcmp.obj (.text)
                  00002e78    00000018     list.obj (.text:vListInsertEnd)
                  00002e90    00000018     tasks.obj (.text:vTaskSetTimeOutState)
                  00002ea8    00000018     tasks.obj (.text:xTaskGetTickCount)
                  00002ec0    00000016     list.obj (.text:vListInitialise)
                  00002ed6    00000014     uartstdio.obj (.text:GetBufferCount)
                  00002eea    00000002     --HOLE-- [fill = 0]
                  00002eec    00000014     port.obj (.text:prvSetupTimerInterrupt)
                  00002f00    00000014     timers.obj (.text:prvTimerTask)
                  00002f14    00000014     rtsv7M4_T_le_v4SPD16_eabi.lib : _lock.obj (.text)
                  00002f28    00000014     port.obj (.text:vPortEnterCritical)
                  00002f3c    00000014     port.obj (.text:vPortExitCritical)
                  00002f50    00000012     driverlib.lib : gpio.obj (.text:GPIOPinTypeEthernetLED)
                  00002f62    00000012     rtsv7M4_T_le_v4SPD16_eabi.lib : copy_zero_init.obj (.text:decompress:ZI)
                  00002f74    00000012     tasks.obj (.text:prvDeleteTCB)
                  00002f86    00000002     --HOLE-- [fill = 0]
                  00002f88    00000010     port.obj (.text:vPortYield)
                  00002f98    00000010     port.obj (.text:vPortYieldFromISR)
                  00002fa8    00000010     tasks.obj (.text:vTaskSuspendAll)
                  00002fb8    0000000e     driverlib.lib : gpio.obj (.text:GPIOIntStatus)
                  00002fc6    0000000e     uartstdio.obj (.text:IsBufferEmpty)
                  00002fd4    0000000e     driverlib.lib : timer.obj (.text:TimerEnable)
                  00002fe2    0000000e     rtsv7M4_T_le_v4SPD16_eabi.lib : copy_decompress_none.obj (.text:decompress:none)
                  00002ff0    0000000c     ravvn.obj (.text:SensHubI2CIntHandler)
                  00002ffc    0000000c     tasks.obj (.text:vTaskMissedYield)
                  00003008    0000000c     tasks.obj (.text:xTaskGetCurrentTaskHandle)
                  00003014    0000000a     driverlib.lib : i2c.obj (.text:I2CMasterEnable)
                  0000301e    00000008                   : i2c.obj (.text:I2CMasterIntClear)
                  00003026    00000008                   : i2c.obj (.text:I2CMasterIntEnableEx)
                  0000302e    00000008                   : i2c.obj (.text:I2CMasterSlaveAddrSet)
                  00003036    00000008     tasks.obj (.text:prvIdleTask)
                  0000303e    00000006     driverlib.lib : gpio.obj (.text:GPIOIntClear)
                  00003044    00000006     startup_ccs.obj (.text:ResetISR)
                  0000304a    00000006     driverlib.lib : uart.obj (.text:UARTClockSourceSet)
                  00003050    00000006     rtsv7M4_T_le_v4SPD16_eabi.lib : copy_decompress_rle.obj (.text:decompress:rle24)
                  00003056    00000006     list.obj (.text:vListInitialiseItem)
                  0000305c    00000004     command_task.obj (.text:Cmd_activate)
                  00003060    00000004     command_task.obj (.text:Cmd_connect)
                  00003064    00000004     command_task.obj (.text:Cmd_stats)
                  00003068    00000004     command_task.obj (.text:Cmd_sync)
                  0000306c    00000004     driverlib.lib : i2c.obj (.text:I2CMasterControl)
                  00003070    00000004                   : i2c.obj (.text:I2CMasterDataGet)
                  00003074    00000004                   : i2c.obj (.text:I2CMasterDataPut)

.const     0    00003078    00000470     
                  00003078    00000150     command_task.obj (.const:.string)
                  000031c8    00000120     driverlib.lib : sysctl.obj (.const:g_pppui32XTALtoVCO)
                  000032e8    0000009c                   : interrupt.obj (.const:g_pui32Regs)
                  00003384    00000070                   : interrupt.obj (.const)
                  000033f4    0000006c                   : sysctl.obj (.const:g_pui32Xtals)
                  00003460    00000030                   : sysctl.obj (.const:g_sXTALtoMEMTIM)
                  00003490    00000028     uartstdio.obj (.const)
                  000034b8    00000014     tasks.obj (.const:.string)
                  000034cc    00000012     uartstdio.obj (.const:.string)
                  000034de    00000002     --HOLE-- [fill = 0]
                  000034e0    00000008     driverlib.lib : sysctl.obj (.const)

.cinit     0    000034e8    000000b0     
                  000034e8    0000008c     (.cinit..data.load) [load image, compression = rle]
                  00003574    0000000c     (__TI_handler_table)
                  00003580    00000008     (.cinit..bss.load) [load image, compression = zero_init]
                  00003588    00000010     (__TI_cinit_table)

.bss       0    20000000    000107c1     UNINITIALIZED
                  20000000    00010000     heap_1.obj (.bss:ucHeap)
                  20010000    00000400     uartstdio.obj (.bss:g_pcUARTTxBuffer)
                  20010400    00000140     tasks.obj (.bss:pxReadyTasksLists)
                  20010540    00000124     ravvn.obj (.bss:g_sI2CInst)
                  20010664    00000080     uartstdio.obj (.bss:g_pcUARTRxBuffer)
                  200106e4    00000024     cmdline.obj (.bss:g_ppcArgv)
                  20010708    00000014     (.common:xActiveTimerList1)
                  2001071c    00000014     (.common:xActiveTimerList2)
                  20010730    00000014     (.common:xDelayedTaskList1)
                  20010744    00000014     (.common:xDelayedTaskList2)
                  20010758    00000014     (.common:xPendingReadyList)
                  2001076c    00000014     (.common:xSuspendedTaskList)
                  20010780    00000014     (.common:xTasksWaitingTermination)
                  20010794    00000004     (.common:g_ui32PortNum)
                  20010798    00000004     (.common:g_ui32SysClock)
                  2001079c    00000004     (.common:g_vulRunTimeStatsCountValue)
                  200107a0    00000004     (.common:g_xCommandHandle)
                  200107a4    00000004     (.common:g_xCompDCMDataReadySemaphore)
                  200107a8    00000004     (.common:g_xI2CSemaphore)
                  200107ac    00000004     (.common:g_xUARTSemaphore)
                  200107b0    00000004     (.common:pxCurrentTimerList)
                  200107b4    00000004     (.common:pxDelayedTaskList)
                  200107b8    00000004     (.common:pxOverflowDelayedTaskList)
                  200107bc    00000004     (.common:pxOverflowTimerList)
                  200107c0    00000001     (.common:g_bDisableEcho)

.stack     0    200107c4    00004000     UNINITIALIZED
                  200107c4    00004000     --HOLE--

.data      0    200147c4    000000f0     UNINITIALIZED
                  200147c4    00000078     command_task.obj (.data:g_psCmdTable)
                  2001483c    00000038     tasks.obj (.data)
                  20014874    00000015     uartstdio.obj (.data)
                  20014889    00000003     buttons.obj (.data)
                  2001488c    00000008     heap_1.obj (.data)
                  20014894    00000008     rtsv7M4_T_le_v4SPD16_eabi.lib : _lock.obj (.data)
                  2001489c    00000008                                   : exit.obj (.data)
                  200148a4    00000008     timers.obj (.data)
                  200148ac    00000004     port.obj (.data)
                  200148b0    00000004     rtsv7M4_T_le_v4SPD16_eabi.lib : stkdepth_vars.obj (.data)


LINKER GENERATED COPY TABLES

__TI_cinit_table @ 00003588 records: 2, size/record: 8, table size: 16
	.data: load addr=000034e8, load size=0000008c bytes, run addr=200147c4, run size=000000f0 bytes, compression=rle
	.bss: load addr=00003580, load size=00000008 bytes, run addr=20000000, run size=000107c1 bytes, compression=zero_init


LINKER GENERATED HANDLER TABLE

__TI_handler_table @ 00003574 records: 3, size/record: 4, table size: 12
	index: 0, handler: __TI_decompress_rle24
	index: 1, handler: __TI_decompress_none
	index: 2, handler: __TI_zero_init


GLOBAL SYMBOLS: SORTED ALPHABETICALLY BY Name 

address    name
--------   ----
00002311   ButtonsInit
000027e5   C$$EXIT
00001e35   CmdLineProcess
0000305d   Cmd_activate
00002b19   Cmd_clear
00003061   Cmd_connect
00001985   Cmd_help
0000096d   Cmd_proxy
00003065   Cmd_stats
00003069   Cmd_sync
00001c39   CommandTaskInit
00001d09   ConfigureUART
00002bd9   GPIODirModeSet
0000303f   GPIOIntClear
00002fb9   GPIOIntStatus
00000c35   GPIOPadConfigSet
00002f51   GPIOPinTypeEthernetLED
00002b4d   I2CMInit
00001071   I2CMIntHandler
0000306d   I2CMasterControl
00003071   I2CMasterDataGet
00003075   I2CMasterDataPut
00003015   I2CMasterEnable
0000256d   I2CMasterInitExpClk
0000301f   I2CMasterIntClear
00003027   I2CMasterIntEnableEx
0000302f   I2CMasterSlaveAddrSet
00001ca1   IntEnable
000028f1   IntHandlerGPIOPortM
00002c7d   IntPrioritySet
00000201   PinoutSet
00003045   ResetISR
UNDEFED    SHT$$INIT_ARRAY$$Base
UNDEFED    SHT$$INIT_ARRAY$$Limit
00002ff1   SensHubI2CIntHandler
00001d6d   SensorCloudStatTimerConfig
00000415   SysCtlClockFreqSet
00002c2d   Timer0IntHandler
00002fd5   TimerEnable
0000304b   UARTClockSourceSet
00002b81   UARTFlushRx
00002a31   UARTFlushTx
00002719   UARTPeek
000014a1   UARTStdioConfig
00000ad5   UARTStdioIntHandler
00002179   UARTgets
00002dfb   UARTprintf
00000619   UARTvprintf
00001551   UARTwrite
200147c4   __STACK_END
00004000   __STACK_SIZE
200147c4   __STACK_TOP
00003588   __TI_CINIT_Base
00003598   __TI_CINIT_Limit
00003574   __TI_Handler_Table_Base
00003580   __TI_Handler_Table_Limit
00000001   __TI_args_main
000017d5   __TI_auto_init
2001489c   __TI_cleanup_ptr
00002fe3   __TI_decompress_none
00003051   __TI_decompress_rle24
200148a0   __TI_dtors_ptr
00000000   __TI_static_base__
00002f63   __TI_zero_init
0000149f   __aeabi_idiv0
00001a05   __aeabi_memclr
00001a05   __aeabi_memclr4
00001a05   __aeabi_memclr8
0000169f   __aeabi_memcpy
0000169f   __aeabi_memcpy4
0000169f   __aeabi_memcpy8
00001a07   __aeabi_memset
00001a07   __aeabi_memset4
00001a07   __aeabi_memset8
00002931   __aeabi_uidiv
00002931   __aeabi_uidivmod
ffffffff   __binit__
ffffffff   __c_args__
200107c4   __stack
00002e49   _args_main
00002645   _c_int00
20014894   _lock
00002f23   _nop
00002f1b   _register_lock
00002f15   _register_unlock
20014898   _unlock
000027e9   abort
ffffffff   binit
000027a1   copy_in
000027f1   exit
00000000   g_pfnVectors
200147c4   g_psCmdTable
20010540   g_sI2CInst
20010798   g_ui32SysClock
2001079c   g_vulRunTimeStatsCountValue
200107a0   g_xCommandHandle
200107a4   g_xCompDCMDataReadySemaphore
200107a8   g_xI2CSemaphore
200107ac   g_xUARTSemaphore
00000805   main
200148b0   main_func_sp
00002ce7   memcmp
0000169f   memcpy
00001a0d   memset
000022c1   pvPortMalloc
2001483c   pxCurrentTCB
00002cc5   pxPortInitialiseStack
00002e61   strcmp
00002d09   uxListRemove
000017d3   vApplicationStackOverflowHook
00002ec1   vListInitialise
00003057   vListInitialiseItem
00002aa9   vListInsert
00002e79   vListInsertEnd
00001655   vPortClearInterruptMask
0000168d   vPortEnableVFP
00002f29   vPortEnterCritical
00002f3d   vPortExitCritical
00001aef   vPortFree
0000165f   vPortSVCHandler
0000164b   vPortSetInterruptMask
00001679   vPortStartFirstTask
00002f89   vPortYield
00002f99   vPortYieldFromISR
00002a6d   vQueueWaitForMessageRestricted
00002011   vTaskDelayUntil
00002ffd   vTaskMissedYield
00002829   vTaskPlaceOnEventList
00002bad   vTaskPlaceOnEventListRestricted
0000268d   vTaskPriorityDisinherit
00001b61   vTaskPriorityInherit
00002e91   vTaskSetTimeOutState
0000206d   vTaskStartScheduler
00002fa9   vTaskSuspendAll
00001311   vTaskSwitchContext
000015fd   xPortPendSVHandler
00002971   xPortStartScheduler
00002dc5   xPortSysTickHandler
00002441   xQueueCreateMutex
0000248d   xQueueGenericCreate
00000e79   xQueueGenericReceive
00001a7f   xQueueGenericReset
000013d9   xQueueGenericSend
00002121   xQueueGenericSendFromISR
000021cd   xTaskCheckForTimeOut
00001165   xTaskGenericCreate
00003009   xTaskGetCurrentTaskHandle
00002d6d   xTaskGetSchedulerState
00002ea9   xTaskGetTickCount
00000d65   xTaskIncrementTick
00001af1   xTaskRemoveFromEventList
00001241   xTaskResumeAll
0000286d   xTimerCreateTimerTask
000029b1   xTimerGenericCommand


GLOBAL SYMBOLS: SORTED BY Symbol Address 

address    name
--------   ----
00000000   __TI_static_base__
00000000   g_pfnVectors
00000001   __TI_args_main
00000201   PinoutSet
00000415   SysCtlClockFreqSet
00000619   UARTvprintf
00000805   main
0000096d   Cmd_proxy
00000ad5   UARTStdioIntHandler
00000c35   GPIOPadConfigSet
00000d65   xTaskIncrementTick
00000e79   xQueueGenericReceive
00001071   I2CMIntHandler
00001165   xTaskGenericCreate
00001241   xTaskResumeAll
00001311   vTaskSwitchContext
000013d9   xQueueGenericSend
0000149f   __aeabi_idiv0
000014a1   UARTStdioConfig
00001551   UARTwrite
000015fd   xPortPendSVHandler
0000164b   vPortSetInterruptMask
00001655   vPortClearInterruptMask
0000165f   vPortSVCHandler
00001679   vPortStartFirstTask
0000168d   vPortEnableVFP
0000169f   __aeabi_memcpy
0000169f   __aeabi_memcpy4
0000169f   __aeabi_memcpy8
0000169f   memcpy
000017d3   vApplicationStackOverflowHook
000017d5   __TI_auto_init
00001985   Cmd_help
00001a05   __aeabi_memclr
00001a05   __aeabi_memclr4
00001a05   __aeabi_memclr8
00001a07   __aeabi_memset
00001a07   __aeabi_memset4
00001a07   __aeabi_memset8
00001a0d   memset
00001a7f   xQueueGenericReset
00001aef   vPortFree
00001af1   xTaskRemoveFromEventList
00001b61   vTaskPriorityInherit
00001c39   CommandTaskInit
00001ca1   IntEnable
00001d09   ConfigureUART
00001d6d   SensorCloudStatTimerConfig
00001e35   CmdLineProcess
00002011   vTaskDelayUntil
0000206d   vTaskStartScheduler
00002121   xQueueGenericSendFromISR
00002179   UARTgets
000021cd   xTaskCheckForTimeOut
000022c1   pvPortMalloc
00002311   ButtonsInit
00002441   xQueueCreateMutex
0000248d   xQueueGenericCreate
0000256d   I2CMasterInitExpClk
00002645   _c_int00
0000268d   vTaskPriorityDisinherit
00002719   UARTPeek
000027a1   copy_in
000027e5   C$$EXIT
000027e9   abort
000027f1   exit
00002829   vTaskPlaceOnEventList
0000286d   xTimerCreateTimerTask
000028f1   IntHandlerGPIOPortM
00002931   __aeabi_uidiv
00002931   __aeabi_uidivmod
00002971   xPortStartScheduler
000029b1   xTimerGenericCommand
00002a31   UARTFlushTx
00002a6d   vQueueWaitForMessageRestricted
00002aa9   vListInsert
00002b19   Cmd_clear
00002b4d   I2CMInit
00002b81   UARTFlushRx
00002bad   vTaskPlaceOnEventListRestricted
00002bd9   GPIODirModeSet
00002c2d   Timer0IntHandler
00002c7d   IntPrioritySet
00002cc5   pxPortInitialiseStack
00002ce7   memcmp
00002d09   uxListRemove
00002d6d   xTaskGetSchedulerState
00002dc5   xPortSysTickHandler
00002dfb   UARTprintf
00002e49   _args_main
00002e61   strcmp
00002e79   vListInsertEnd
00002e91   vTaskSetTimeOutState
00002ea9   xTaskGetTickCount
00002ec1   vListInitialise
00002f15   _register_unlock
00002f1b   _register_lock
00002f23   _nop
00002f29   vPortEnterCritical
00002f3d   vPortExitCritical
00002f51   GPIOPinTypeEthernetLED
00002f63   __TI_zero_init
00002f89   vPortYield
00002f99   vPortYieldFromISR
00002fa9   vTaskSuspendAll
00002fb9   GPIOIntStatus
00002fd5   TimerEnable
00002fe3   __TI_decompress_none
00002ff1   SensHubI2CIntHandler
00002ffd   vTaskMissedYield
00003009   xTaskGetCurrentTaskHandle
00003015   I2CMasterEnable
0000301f   I2CMasterIntClear
00003027   I2CMasterIntEnableEx
0000302f   I2CMasterSlaveAddrSet
0000303f   GPIOIntClear
00003045   ResetISR
0000304b   UARTClockSourceSet
00003051   __TI_decompress_rle24
00003057   vListInitialiseItem
0000305d   Cmd_activate
00003061   Cmd_connect
00003065   Cmd_stats
00003069   Cmd_sync
0000306d   I2CMasterControl
00003071   I2CMasterDataGet
00003075   I2CMasterDataPut
00003574   __TI_Handler_Table_Base
00003580   __TI_Handler_Table_Limit
00003588   __TI_CINIT_Base
00003598   __TI_CINIT_Limit
00004000   __STACK_SIZE
20010540   g_sI2CInst
20010798   g_ui32SysClock
2001079c   g_vulRunTimeStatsCountValue
200107a0   g_xCommandHandle
200107a4   g_xCompDCMDataReadySemaphore
200107a8   g_xI2CSemaphore
200107ac   g_xUARTSemaphore
200107c4   __stack
200147c4   __STACK_END
200147c4   __STACK_TOP
200147c4   g_psCmdTable
2001483c   pxCurrentTCB
20014894   _lock
20014898   _unlock
2001489c   __TI_cleanup_ptr
200148a0   __TI_dtors_ptr
200148b0   main_func_sp
ffffffff   __binit__
ffffffff   __c_args__
ffffffff   binit
UNDEFED    SHT$$INIT_ARRAY$$Base
UNDEFED    SHT$$INIT_ARRAY$$Limit

[154 symbols]
