******************************************************************************
                  TI ARM Linker Unix v5.1.12                   
******************************************************************************
>> Linked Thu Jul 30 12:16:57 2015

OUTPUT FILE NAME:   <ravvn.out>
ENTRY POINT SYMBOL: "_c_int00"  address: 00003b29


MEMORY CONFIGURATION

         name            origin    length      used     unused   attr    fill
----------------------  --------  ---------  --------  --------  ----  --------
  FLASH                 00000000   00100000  00004ea0  000fb160  R  X
  SRAM                  20000000   00040000  00014af1  0002b50f  RW X


SEGMENT ALLOCATION MAP

run origin  load origin   length   init length attrs members
----------  ----------- ---------- ----------- ----- -------
00000000    00000000    00004ea0   00004ea0    r-x
  00000000    00000000    00000200   00000200    r-- .intvecs
  00000200    00000200    000046fc   000046fc    r-x .text
  000048fc    000048fc    000004c4   000004c4    r-- .const
  00004dc0    00004dc0    000000e0   000000e0    r-- .cinit
20000000    20000000    00014af4   00000000    rw-
  20000000    20000000    000108dd   00000000    rw- .bss
  200108e0    200108e0    00004000   00000000    rw- .stack
  200148e0    200148e0    00000214   00000000    rw- .data


SECTION ALLOCATION MAP

 output                                  attributes/
section   page    origin      length       input sections
--------  ----  ----------  ----------   ----------------
.init_array 
*          0    00000000    00000000     UNINITIALIZED

.intvecs   0    00000000    00000200     
                  00000000    00000200     startup_ccs.obj (.intvecs)

.text      0    00000200    000046fc     
                  00000200    0000029c     compdcm_task.obj (.text:CompDCMTask)
                  0000049c    00000290     sensorlib.lib : comp_dcm.obj (.text:CompDCMUpdate)
                  0000072c    00000214     pinout.obj (.text:PinoutSet)
                  00000940    00000214     ravvn.obj (.text:main)
                  00000b54    00000204     driverlib.lib : sysctl.obj (.text:SysCtlClockFreqSet)
                  00000d58    000001ea     uartstdio.obj (.text:UARTvprintf)
                  00000f42    000001c8     sensorlib.lib : comp_dcm.obj (.text:CompDCMComputeQuaternion)
                  0000110a    000001b6     rtsv7M4_T_le_v4SPD16_eabi.lib : fd_add_t2.obj (.text)
                  000012c0    0000018c     sensorlib.lib : mpu9150.obj (.text:MPU9150Callback)
                  0000144c    00000160     uartstdio.obj (.text:UARTStdioIntHandler)
                  000015ac    00000130     driverlib.lib : gpio.obj (.text:GPIOPadConfigSet)
                  000016dc    00000114     tasks.obj (.text:xTaskIncrementTick)
                  000017f0    00000100     queue.obj (.text:xQueueGenericReceive)
                  000018f0    000000fc     rtsv7M4_T_le_v4SPD16_eabi.lib : fd_mul_t2.obj (.text)
                  000019ec    000000f2     sensorlib.lib : i2cm_drv.obj (.text:I2CMIntHandler)
                  00001ade    00000002     startup_ccs.obj (.text:FaultISR)
                  00001ae0    000000f0     command_task.obj (.text:CommandTask)
                  00001bd0    000000e8     compdcm_task.obj (.text:CompDCMTaskInit)
                  00001cb8    000000dc     tasks.obj (.text:xTaskGenericCreate)
                  00001d94    000000d8     rtsv7M4_T_le_v4SPD16_eabi.lib : atan2f.obj (.text)
                  00001e6c    000000d0     tasks.obj (.text:xTaskResumeAll)
                  00001f3c    000000c8     tasks.obj (.text:vTaskSwitchContext)
                  00002004    000000c6     queue.obj (.text:xQueueGenericSend)
                  000020ca    000000b8     sensorlib.lib : comp_dcm.obj (.text:CompDCMStart)
                  00002182    00000002     startup_ccs.obj (.text:IntDefaultHandler)
                  00002184    000000b0     compdcm_task.obj (.text:CompDCMAppErrorHandler)
                  00002234    000000b0     uartstdio.obj (.text:UARTStdioConfig)
                  000022e4    000000b0     rtsv7M4_T_le_v4SPD16_eabi.lib : asinf.obj (.text)
                  00002394    000000a8     uartstdio.obj (.text:UARTwrite)
                  0000243c    000000a8     rtsv7M4_T_le_v4SPD16_eabi.lib : xfatan.obj (.text)
                  000024e4    000000a6     portasm.obj (.text)
                  0000258a    00000002     startup_ccs.obj (.text:NmiSR)
                  0000258c    000000a0     sensorlib.lib : mpu9150.obj (.text:MPU9150DataMagnetoGetFloat)
                  0000262c    000000a0                   : mpu9150.obj (.text:MPU9150Write)
                  000026cc    0000009c     rtsv7M4_T_le_v4SPD16_eabi.lib : memcpy_t2.obj (.text)
                  00002768    00000098     sensorlib.lib : i2cm_drv.obj (.text:I2CMStateIdle)
                  00002800    00000094     rtsv7M4_T_le_v4SPD16_eabi.lib : auto_init.obj (.text)
                  00002894    00000090     timers.obj (.text:prvProcessReceivedCommands)
                  00002924    0000008c     uartstdio.obj (.text:UARTPrimeTransmit)
                  000029b0    00000088     sensorlib.lib : i2cm_drv.obj (.text:I2CMCommand)
                  00002a38    00000080     command_task.obj (.text:Cmd_help)
                  00002ab8    0000007a     rtsv7M4_T_le_v4SPD16_eabi.lib : memset_t2.obj (.text)
                  00002b32    00000002                                   : i_div0.obj (.text)
                  00002b34    00000078     sensorlib.lib : mpu9150.obj (.text:MPU9150DataAccelGetFloat)
                  00002bac    00000078                   : mpu9150.obj (.text:MPU9150DataGyroGetFloat)
                  00002c24    00000070     queue.obj (.text:xQueueGenericReset)
                  00002c94    00000070     tasks.obj (.text:xTaskRemoveFromEventList)
                  00002d04    0000006c     sensorlib.lib : mpu9150.obj (.text:MPU9150Init)
                  00002d70    0000006c     tasks.obj (.text:vTaskPriorityInherit)
                  00002ddc    0000006a     queue.obj (.text:prvCopyDataToQueue)
                  00002e46    00000002     ravvn.obj (.text:vApplicationStackOverflowHook)
                  00002e48    00000068     command_task.obj (.text:CommandTaskInit)
                  00002eb0    00000068     driverlib.lib : interrupt.obj (.text:IntDisable)
                  00002f18    00000068                   : interrupt.obj (.text:IntEnable)
                  00002f80    00000068     tasks.obj (.text:vTaskSuspend)
                  00002fe8    00000064     command_task.obj (.text:ConfigureUART)
                  0000304c    00000064     driverlib.lib : interrupt.obj (.text:IntIsEnabled)
                  000030b0    00000064     ravvn.obj (.text:SensorCloudStatTimerConfig)
                  00003114    00000062     queue.obj (.text:prvUnlockQueue)
                  00003176    00000002     heap_1.obj (.text:vPortFree)
                  00003178    00000060     cmdline.obj (.text:CmdLineProcess)
                  000031d8    00000060     sensorlib.lib : mpu9150.obj (.text:MPU9150DataRead)
                  00003238    00000060     tasks.obj (.text:prvInitialiseTaskLists)
                  00003298    00000060     timers.obj (.text:prvSwitchTimerLists)
                  000032f8    0000005e     sensorlib.lib : i2cm_drv.obj (.text:I2CMStateWritePause)
                  00003356    0000005e     rtsv7M4_T_le_v4SPD16_eabi.lib : copy_decompress_rle.obj (.text)
                  000033b4    0000005c     tasks.obj (.text:vTaskDelayUntil)
                  00003410    0000005c     tasks.obj (.text:vTaskStartScheduler)
                  0000346c    00000058     tasks.obj (.text:prvCheckTasksWaitingTermination)
                  000034c4    00000056     sensorlib.lib : vector.obj (.text:VectorCrossProduct)
                  0000351a    00000056     queue.obj (.text:xQueueGenericSendFromISR)
                  00003570    00000054     sensorlib.lib : i2cm_drv.obj (.text:I2CMWrite8)
                  000035c4    00000054     uartstdio.obj (.text:UARTgets)
                  00003618    00000054     tasks.obj (.text:xTaskCheckForTimeOut)
                  0000366c    00000050     sensorlib.lib : i2cm_drv.obj (.text:I2CMStateWriteFinal)
                  000036bc    00000050     driverlib.lib : sysctl.obj (.text:SysCtlPeripheralReset)
                  0000370c    00000050     tasks.obj (.text:prvInitialiseTCBVariables)
                  0000375c    00000050     heap_1.obj (.text:pvPortMalloc)
                  000037ac    0000004c     buttons.obj (.text:ButtonsInit)
                  000037f8    0000004c     tasks.obj (.text:prvAddCurrentTaskToDelayedList)
                  00003844    0000004c     timers.obj (.text:prvCheckForValidListAndQueue)
                  00003890    0000004c     timers.obj (.text:prvProcessTimerOrBlockTask)
                  000038dc    0000004c     queue.obj (.text:xQueueCreateMutex)
                  00003928    0000004c     queue.obj (.text:xQueueGenericCreate)
                  00003974    0000004a     sensorlib.lib : i2cm_drv.obj (.text:I2CMStateReadNext)
                  000039be    0000004a     rtsv7M4_T_le_v4SPD16_eabi.lib : fd_tos_t2.obj (.text)
                  00003a08    00000048     sensorlib.lib : i2cm_drv.obj (.text:I2CMStateWriteNext)
                  00003a50    00000048     driverlib.lib : i2c.obj (.text:I2CMasterInitExpClk)
                  00003a98    00000048                   : sysctl.obj (.text:_SysCtlFrequencyGet)
                  00003ae0    00000048     timers.obj (.text:prvProcessExpiredTimer)
                  00003b28    00000048     rtsv7M4_T_le_v4SPD16_eabi.lib : boot.obj (.text)
                  00003b70    00000048     tasks.obj (.text:vTaskPriorityDisinherit)
                  00003bb8    00000044     sensorlib.lib : comp_dcm.obj (.text:CompDCMInit)
                  00003bfc    00000044                   : i2cm_drv.obj (.text:I2CMStateCallback)
                  00003c40    00000044     uartstdio.obj (.text:UARTPeek)
                  00003c84    00000044     timers.obj (.text:prvInsertTimerInActiveList)
                  00003cc8    00000044     rtsv7M4_T_le_v4SPD16_eabi.lib : cpy_tbl.obj (.text)
                  00003d0c    00000044                                   : exit.obj (.text)
                  00003d50    00000044     tasks.obj (.text:vTaskPlaceOnEventList)
                  00003d94    00000044     timers.obj (.text:xTimerCreateTimerTask)
                  00003dd8    00000042     sensorlib.lib : comp_dcm.obj (.text:CompDCMComputeEulers)
                  00003e1a    00000040                   : i2cm_drv.obj (.text:I2CMStateReadFinal)
                  00003e5a    00000002     --HOLE-- [fill = 0]
                  00003e5c    00000040     compdcm_task.obj (.text:IntHandlerGPIOPortM)
                  00003e9c    00000040     rtsv7M4_T_le_v4SPD16_eabi.lib : signal.obj (.text)
                  00003edc    00000040                                   : u_divt2.obj (.text)
                  00003f1c    00000040     port.obj (.text:xPortStartScheduler)
                  00003f5c    00000040     timers.obj (.text:xTimerGenericCommand)
                  00003f9c    0000003e     sensorlib.lib : i2cm_drv.obj (.text:I2CMStateReadPause)
                  00003fda    00000002     --HOLE-- [fill = 0]
                  00003fdc    0000003c     uartstdio.obj (.text:UARTFlushTx)
                  00004018    0000003c     queue.obj (.text:vQueueWaitForMessageRestricted)
                  00004054    0000003a     sensorlib.lib : i2cm_drv.obj (.text:I2CMWrite8Callback)
                  0000408e    00000002     --HOLE-- [fill = 0]
                  00004090    00000038     driverlib.lib : sysctl.obj (.text:SysCtlPeripheralReady)
                  000040c8    00000038     rtsv7M4_T_le_v4SPD16_eabi.lib : fs_tod_t2.obj (.text)
                  00004100    00000038     list.obj (.text:vListInsert)
                  00004138    00000036     tasks.obj (.text:prvAllocateTCBAndStack)
                  0000416e    00000002     --HOLE-- [fill = 0]
                  00004170    00000034     command_task.obj (.text:Cmd_clear)
                  000041a4    00000034     sensorlib.lib : i2cm_drv.obj (.text:I2CMInit)
                  000041d8    00000034     rtsv7M4_T_le_v4SPD16_eabi.lib : feraiseexcept.obj (.text)
                  0000420c    00000034                                   : xfdtest.obj (.text)
                  00004240    00000032     sensorlib.lib : vector.obj (.text:VectorAdd)
                  00004272    00000030                   : i2cm_drv.obj (.text:I2CMTransferResume)
                  000042a2    00000002     --HOLE-- [fill = 0]
                  000042a4    00000030     rtsv7M4_T_le_v4SPD16_eabi.lib : xferaise.obj (.text)
                  000042d4    0000002e                                   : raise.obj (.text)
                  00004302    00000002     --HOLE-- [fill = 0]
                  00004304    0000002c     compdcm_task.obj (.text:CompDCMAppCallback)
                  00004330    0000002c     uartstdio.obj (.text:UARTFlushRx)
                  0000435c    0000002c     tasks.obj (.text:vTaskPlaceOnEventListRestricted)
                  00004388    0000002a     driverlib.lib : gpio.obj (.text:GPIODirModeSet)
                  000043b2    0000002a     sensorlib.lib : i2cm_drv.obj (.text:I2CMStateReadFirst)
                  000043dc    00000028     ravvn.obj (.text:Timer0IntHandler)
                  00004404    00000028     timers.obj (.text:prvSampleTimeNow)
                  0000442c    00000026     sensorlib.lib : vector.obj (.text:VectorDotProduct)
                  00004452    00000026                   : vector.obj (.text:VectorScale)
                  00004478    00000024     driverlib.lib : interrupt.obj (.text:IntPrioritySet)
                  0000449c    00000024     queue.obj (.text:prvCopyDataFromQueue)
                  000044c0    00000024     rtsv7M4_T_le_v4SPD16_eabi.lib : sqrtf.obj (.text)
                  000044e4    00000022     port.obj (.text:pxPortInitialiseStack)
                  00004506    00000022     rtsv7M4_T_le_v4SPD16_eabi.lib : memcmp.obj (.text)
                  00004528    00000022     list.obj (.text:uxListRemove)
                  0000454a    00000020     sensorlib.lib : i2cm_drv.obj (.text:I2CMStateReadOne)
                  0000456a    00000002     --HOLE-- [fill = 0]
                  0000456c    00000020     timers.obj (.text:prvGetNextExpireTime)
                  0000458c    00000020     tasks.obj (.text:xTaskGetSchedulerState)
                  000045ac    0000001c     driverlib.lib : sysctl.obj (.text:_SysCtlMemTimingGet)
                  000045c8    0000001c     queue.obj (.text:prvIsQueueFull)
                  000045e4    0000001c     port.obj (.text:xPortSysTickHandler)
                  00004600    0000001a     sensorlib.lib : i2cm_drv.obj (.text:I2CMStateReadWait)
                  0000461a    0000001a     uartstdio.obj (.text:UARTprintf)
                  00004634    0000001a     queue.obj (.text:prvIsQueueEmpty)
                  0000464e    00000018     uartstdio.obj (.text:IsBufferFull)
                  00004666    00000002     --HOLE-- [fill = 0]
                  00004668    00000018     rtsv7M4_T_le_v4SPD16_eabi.lib : args_main.obj (.text)
                  00004680    00000018                                   : strcmp.obj (.text)
                  00004698    00000018     list.obj (.text:vListInsertEnd)
                  000046b0    00000018     tasks.obj (.text:vTaskSetTimeOutState)
                  000046c8    00000018     tasks.obj (.text:xTaskGetTickCount)
                  000046e0    00000016     list.obj (.text:vListInitialise)
                  000046f6    00000014     uartstdio.obj (.text:GetBufferCount)
                  0000470a    00000002     --HOLE-- [fill = 0]
                  0000470c    00000014     port.obj (.text:prvSetupTimerInterrupt)
                  00004720    00000014     timers.obj (.text:prvTimerTask)
                  00004734    00000014     rtsv7M4_T_le_v4SPD16_eabi.lib : _lock.obj (.text)
                  00004748    00000014     port.obj (.text:vPortEnterCritical)
                  0000475c    00000014     port.obj (.text:vPortExitCritical)
                  00004770    00000012     driverlib.lib : gpio.obj (.text:GPIOPinTypeEthernetLED)
                  00004782    00000012                   : gpio.obj (.text:GPIOPinTypeI2CSCL)
                  00004794    00000012     rtsv7M4_T_le_v4SPD16_eabi.lib : copy_zero_init.obj (.text:decompress:ZI)
                  000047a6    00000012     tasks.obj (.text:prvDeleteTCB)
                  000047b8    00000010     port.obj (.text:vPortYield)
                  000047c8    00000010     port.obj (.text:vPortYieldFromISR)
                  000047d8    00000010     tasks.obj (.text:vTaskSuspendAll)
                  000047e8    0000000e     sensorlib.lib : comp_dcm.obj (.text:CompDCMAccelUpdate)
                  000047f6    0000000e                   : comp_dcm.obj (.text:CompDCMGyroUpdate)
                  00004804    0000000e                   : comp_dcm.obj (.text:CompDCMMagnetoUpdate)
                  00004812    0000000e     driverlib.lib : gpio.obj (.text:GPIOIntStatus)
                  00004820    0000000e     uartstdio.obj (.text:IsBufferEmpty)
                  0000482e    0000000e     driverlib.lib : timer.obj (.text:TimerEnable)
                  0000483c    0000000e     rtsv7M4_T_le_v4SPD16_eabi.lib : copy_decompress_none.obj (.text:decompress:none)
                  0000484a    0000000e                                   : xfdclass.obj (.text)
                  00004858    0000000c     driverlib.lib : gpio.obj (.text:GPIOIntEnable)
                  00004864    0000000c                   : interrupt.obj (.text:IntTrigger)
                  00004870    0000000c     ravvn.obj (.text:SensHubI2CIntHandler)
                  0000487c    0000000c     tasks.obj (.text:vTaskMissedYield)
                  00004888    0000000c     tasks.obj (.text:xTaskGetCurrentTaskHandle)
                  00004894    0000000a     driverlib.lib : i2c.obj (.text:I2CMasterEnable)
                  0000489e    00000008                   : i2c.obj (.text:I2CMasterIntClear)
                  000048a6    00000008                   : i2c.obj (.text:I2CMasterIntEnableEx)
                  000048ae    00000008                   : i2c.obj (.text:I2CMasterSlaveAddrSet)
                  000048b6    00000008     tasks.obj (.text:prvIdleTask)
                  000048be    00000006     driverlib.lib : gpio.obj (.text:GPIOIntClear)
                  000048c4    00000006     startup_ccs.obj (.text:ResetISR)
                  000048ca    00000006     driverlib.lib : uart.obj (.text:UARTClockSourceSet)
                  000048d0    00000006     rtsv7M4_T_le_v4SPD16_eabi.lib : copy_decompress_rle.obj (.text:decompress:rle24)
                  000048d6    00000006     list.obj (.text:vListInitialiseItem)
                  000048dc    00000004     command_task.obj (.text:Cmd_activate)
                  000048e0    00000004     command_task.obj (.text:Cmd_connect)
                  000048e4    00000004     command_task.obj (.text:Cmd_proxy)
                  000048e8    00000004     command_task.obj (.text:Cmd_stats)
                  000048ec    00000004     command_task.obj (.text:Cmd_sync)
                  000048f0    00000004     driverlib.lib : i2c.obj (.text:I2CMasterControl)
                  000048f4    00000004                   : i2c.obj (.text:I2CMasterDataGet)
                  000048f8    00000004                   : i2c.obj (.text:I2CMasterDataPut)

.const     0    000048fc    000004c4     
                  000048fc    00000150     command_task.obj (.const:.string)
                  00004a4c    00000120     driverlib.lib : sysctl.obj (.const:g_pppui32XTALtoVCO)
                  00004b6c    0000009c                   : interrupt.obj (.const:g_pui32Regs)
                  00004c08    00000070                   : interrupt.obj (.const)
                  00004c78    0000006c                   : sysctl.obj (.const:g_pui32Xtals)
                  00004ce4    00000034     rtsv7M4_T_le_v4SPD16_eabi.lib : xfatan.obj (.const)
                  00004d18    00000030     driverlib.lib : sysctl.obj (.const:g_sXTALtoMEMTIM)
                  00004d48    00000028     uartstdio.obj (.const)
                  00004d70    00000020     sensorlib.lib : mpu9150.obj (.const)
                  00004d90    00000014     tasks.obj (.const:.string)
                  00004da4    00000012     uartstdio.obj (.const:.string)
                  00004db6    00000002     --HOLE-- [fill = 0]
                  00004db8    00000008     driverlib.lib : sysctl.obj (.const)

.cinit     0    00004dc0    000000e0     
                  00004dc0    000000b5     (.cinit..data.load) [load image, compression = rle]
                  00004e75    00000003     --HOLE-- [fill = 0]
                  00004e78    0000000c     (__TI_handler_table)
                  00004e84    00000004     --HOLE-- [fill = 0]
                  00004e88    00000008     (.cinit..bss.load) [load image, compression = zero_init]
                  00004e90    00000010     (__TI_cinit_table)

.bss       0    20000000    000108dd     UNINITIALIZED
                  20000000    00010000     heap_1.obj (.bss:ucHeap)
                  20010000    00000400     uartstdio.obj (.bss:g_pcUARTTxBuffer)
                  20010400    00000140     tasks.obj (.bss:pxReadyTasksLists)
                  20010540    00000124     ravvn.obj (.bss:g_sI2CInst)
                  20010664    00000080     uartstdio.obj (.bss:g_pcUARTRxBuffer)
                  200106e4    0000006c     compdcm_task.obj (.bss:g_sMPU9150Inst)
                  20010750    00000058     compdcm_task.obj (.bss:g_sCompDCMInst)
                  200107a8    00000048     compdcm_task.obj (.bss:g_sCompDCMData)
                  200107f0    00000024     cmdline.obj (.bss:g_ppcArgv)
                  20010814    00000014     (.common:xActiveTimerList1)
                  20010828    00000014     (.common:xActiveTimerList2)
                  2001083c    00000014     (.common:xDelayedTaskList1)
                  20010850    00000014     (.common:xDelayedTaskList2)
                  20010864    00000014     (.common:xPendingReadyList)
                  20010878    00000014     (.common:xSuspendedTaskList)
                  2001088c    00000014     (.common:xTasksWaitingTermination)
                  200108a0    00000004     (.common:g_ui32PortNum)
                  200108a4    00000004     (.common:g_ui32SysClock)
                  200108a8    00000004     (.common:g_vui8CompDCMI2CErrorStatus)
                  200108ac    00000004     (.common:g_vulRunTimeStatsCountValue)
                  200108b0    00000004     (.common:g_xCloudDataSemaphore)
                  200108b4    00000004     (.common:g_xCommandHandle)
                  200108b8    00000004     (.common:g_xCompDCMDataReadySemaphore)
                  200108bc    00000004     (.common:g_xCompDCMHandle)
                  200108c0    00000004     (.common:g_xCompDCMTransactionCompleteSemaphore)
                  200108c4    00000004     (.common:g_xI2CSemaphore)
                  200108c8    00000004     (.common:g_xUARTSemaphore)
                  200108cc    00000004     (.common:pxCurrentTimerList)
                  200108d0    00000004     (.common:pxDelayedTaskList)
                  200108d4    00000004     (.common:pxOverflowDelayedTaskList)
                  200108d8    00000004     (.common:pxOverflowTimerList)
                  200108dc    00000001     (.common:g_bDisableEcho)

.stack     0    200108e0    00004000     UNINITIALIZED
                  200108e0    00004000     --HOLE--

.data      0    200148e0    00000214     UNINITIALIZED
                  200148e0    000000b0     rtsv7M4_T_le_v4SPD16_eabi.lib : signal.obj (.data:sigtable)
                  20014990    00000078     command_task.obj (.data:g_psCmdTable)
                  20014a08    00000068     rtsv7M4_T_le_v4SPD16_eabi.lib : xfvalues.obj (.data)
                  20014a70    00000038     tasks.obj (.data)
                  20014aa8    00000015     uartstdio.obj (.data)
                  20014abd    00000003     buttons.obj (.data)
                  20014ac0    00000008     heap_1.obj (.data)
                  20014ac8    00000008     rtsv7M4_T_le_v4SPD16_eabi.lib : _lock.obj (.data)
                  20014ad0    00000008                                   : exit.obj (.data)
                  20014ad8    00000008                                   : feraiseexcept.obj (.data)
                  20014ae0    00000008     timers.obj (.data)
                  20014ae8    00000004     port.obj (.data)
                  20014aec    00000004     rtsv7M4_T_le_v4SPD16_eabi.lib : errno.obj (.data)
                  20014af0    00000004                                   : stkdepth_vars.obj (.data)


LINKER GENERATED COPY TABLES

__TI_cinit_table @ 00004e90 records: 2, size/record: 8, table size: 16
	.data: load addr=00004dc0, load size=000000b5 bytes, run addr=200148e0, run size=00000214 bytes, compression=rle
	.bss: load addr=00004e88, load size=00000008 bytes, run addr=20000000, run size=000108dd bytes, compression=zero_init


LINKER GENERATED HANDLER TABLE

__TI_handler_table @ 00004e78 records: 3, size/record: 4, table size: 12
	index: 0, handler: __TI_decompress_rle24
	index: 1, handler: __TI_decompress_none
	index: 2, handler: __TI_zero_init


GLOBAL SYMBOLS: SORTED ALPHABETICALLY BY Name 

address    name
--------   ----
000037ad   ButtonsInit
00003d0d   C$$EXIT
00003179   CmdLineProcess
000048dd   Cmd_activate
00004171   Cmd_clear
000048e1   Cmd_connect
00002a39   Cmd_help
000048e5   Cmd_proxy
000048e9   Cmd_stats
000048ed   Cmd_sync
00002e49   CommandTaskInit
000047e9   CompDCMAccelUpdate
00004305   CompDCMAppCallback
00002185   CompDCMAppErrorHandler
00003dd9   CompDCMComputeEulers
00000f43   CompDCMComputeQuaternion
000047f7   CompDCMGyroUpdate
00003bb9   CompDCMInit
00004805   CompDCMMagnetoUpdate
000020cb   CompDCMStart
00001bd1   CompDCMTaskInit
0000049d   CompDCMUpdate
00002fe9   ConfigureUART
00004389   GPIODirModeSet
000048bf   GPIOIntClear
00004859   GPIOIntEnable
00004813   GPIOIntStatus
000015ad   GPIOPadConfigSet
00004771   GPIOPinTypeEthernetLED
00004783   GPIOPinTypeI2CSCL
000029b1   I2CMCommand
000041a5   I2CMInit
000019ed   I2CMIntHandler
00004273   I2CMTransferResume
00003571   I2CMWrite8
000048f1   I2CMasterControl
000048f5   I2CMasterDataGet
000048f9   I2CMasterDataPut
00004895   I2CMasterEnable
00003a51   I2CMasterInitExpClk
0000489f   I2CMasterIntClear
000048a7   I2CMasterIntEnableEx
000048af   I2CMasterSlaveAddrSet
00002eb1   IntDisable
00002f19   IntEnable
00003e5d   IntHandlerGPIOPortM
0000304d   IntIsEnabled
00004479   IntPrioritySet
00004865   IntTrigger
00002b35   MPU9150DataAccelGetFloat
00002bad   MPU9150DataGyroGetFloat
0000258d   MPU9150DataMagnetoGetFloat
000031d9   MPU9150DataRead
00002d05   MPU9150Init
0000262d   MPU9150Write
0000072d   PinoutSet
000048c5   ResetISR
UNDEFED    SHT$$INIT_ARRAY$$Base
UNDEFED    SHT$$INIT_ARRAY$$Limit
00004871   SensHubI2CIntHandler
000030b1   SensorCloudStatTimerConfig
00000b55   SysCtlClockFreqSet
00004091   SysCtlPeripheralReady
000036bd   SysCtlPeripheralReset
000043dd   Timer0IntHandler
0000482f   TimerEnable
000048cb   UARTClockSourceSet
00004331   UARTFlushRx
00003fdd   UARTFlushTx
00003c41   UARTPeek
00002235   UARTStdioConfig
0000144d   UARTStdioIntHandler
000035c5   UARTgets
0000461b   UARTprintf
00000d59   UARTvprintf
00002395   UARTwrite
00004241   VectorAdd
000034c5   VectorCrossProduct
0000442d   VectorDotProduct
00004453   VectorScale
20014aec   _Errno
0000243d   _FAtan
0000484b   _FDclass
20014a08   _FDenorm
0000420d   _FDtest
20014a18   _FEps
20014a28   _FInf
20014a38   _FNan
20014a58   _FRteps
20014a48   _FSnan
20014a68   _FXbig
20014a6c   _FZero
20014ad8   _Fenv
000042a5   _Feraise
20014adc   _Tls_setup__Fenv
200148e0   __STACK_END
00004000   __STACK_SIZE
200148e0   __STACK_TOP
00004e90   __TI_CINIT_Base
00004ea0   __TI_CINIT_Limit
00004e78   __TI_Handler_Table_Base
00004e84   __TI_Handler_Table_Limit
00000001   __TI_args_main
00002801   __TI_auto_init
20014ad0   __TI_cleanup_ptr
0000483d   __TI_decompress_none
000048d1   __TI_decompress_rle24
20014ad4   __TI_dtors_ptr
00000000   __TI_static_base__
00004795   __TI_zero_init
000039bf   __aeabi_d2f
00001115   __aeabi_dadd
000018f1   __aeabi_dmul
0000110b   __aeabi_dsub
000040c9   __aeabi_f2d
00002b33   __aeabi_idiv0
00002ab9   __aeabi_memclr
00002ab9   __aeabi_memclr4
00002ab9   __aeabi_memclr8
000026cd   __aeabi_memcpy
000026cd   __aeabi_memcpy4
000026cd   __aeabi_memcpy8
00002abb   __aeabi_memset
00002abb   __aeabi_memset4
00002abb   __aeabi_memset8
00003edd   __aeabi_uidiv
00003edd   __aeabi_uidivmod
ffffffff   __binit__
ffffffff   __c_args__
200108e0   __stack
00004669   _args_main
00003b29   _c_int00
20014ac8   _lock
00004743   _nop
0000473b   _register_lock
00004735   _register_unlock
20014acc   _unlock
00003d11   abort
000022e5   asinf
00001d95   atan2f
ffffffff   binit
00003cc9   copy_in
00003d19   exit
000041d9   feraiseexcept
00000000   g_pfnVectors
20014990   g_psCmdTable
200107a8   g_sCompDCMData
20010750   g_sCompDCMInst
20010540   g_sI2CInst
200106e4   g_sMPU9150Inst
200108a4   g_ui32SysClock
200108a8   g_vui8CompDCMI2CErrorStatus
200108ac   g_vulRunTimeStatsCountValue
200108b0   g_xCloudDataSemaphore
200108b4   g_xCommandHandle
200108b8   g_xCompDCMDataReadySemaphore
200108bc   g_xCompDCMHandle
200108c0   g_xCompDCMTransactionCompleteSemaphore
200108c4   g_xI2CSemaphore
200108c8   g_xUARTSemaphore
00000941   main
20014af0   main_func_sp
00004507   memcmp
000026cd   memcpy
00002ac1   memset
0000375d   pvPortMalloc
20014a70   pxCurrentTCB
000044e5   pxPortInitialiseStack
000042d5   raise
00003e9d   signal
000044c1   sqrtf
00004681   strcmp
00004529   uxListRemove
00002e47   vApplicationStackOverflowHook
000046e1   vListInitialise
000048d7   vListInitialiseItem
00004101   vListInsert
00004699   vListInsertEnd
00002541   vPortClearInterruptMask
00002579   vPortEnableVFP
00004749   vPortEnterCritical
0000475d   vPortExitCritical
00003177   vPortFree
0000254b   vPortSVCHandler
00002537   vPortSetInterruptMask
00002565   vPortStartFirstTask
000047b9   vPortYield
000047c9   vPortYieldFromISR
00004019   vQueueWaitForMessageRestricted
000033b5   vTaskDelayUntil
0000487d   vTaskMissedYield
00003d51   vTaskPlaceOnEventList
0000435d   vTaskPlaceOnEventListRestricted
00003b71   vTaskPriorityDisinherit
00002d71   vTaskPriorityInherit
000046b1   vTaskSetTimeOutState
00003411   vTaskStartScheduler
00002f81   vTaskSuspend
000047d9   vTaskSuspendAll
00001f3d   vTaskSwitchContext
000024e9   xPortPendSVHandler
00003f1d   xPortStartScheduler
000045e5   xPortSysTickHandler
000038dd   xQueueCreateMutex
00003929   xQueueGenericCreate
000017f1   xQueueGenericReceive
00002c25   xQueueGenericReset
00002005   xQueueGenericSend
0000351b   xQueueGenericSendFromISR
00003619   xTaskCheckForTimeOut
00001cb9   xTaskGenericCreate
00004889   xTaskGetCurrentTaskHandle
0000458d   xTaskGetSchedulerState
000046c9   xTaskGetTickCount
000016dd   xTaskIncrementTick
00002c95   xTaskRemoveFromEventList
00001e6d   xTaskResumeAll
00003d95   xTimerCreateTimerTask
00003f5d   xTimerGenericCommand


GLOBAL SYMBOLS: SORTED BY Symbol Address 

address    name
--------   ----
00000000   __TI_static_base__
00000000   g_pfnVectors
00000001   __TI_args_main
0000049d   CompDCMUpdate
0000072d   PinoutSet
00000941   main
00000b55   SysCtlClockFreqSet
00000d59   UARTvprintf
00000f43   CompDCMComputeQuaternion
0000110b   __aeabi_dsub
00001115   __aeabi_dadd
0000144d   UARTStdioIntHandler
000015ad   GPIOPadConfigSet
000016dd   xTaskIncrementTick
000017f1   xQueueGenericReceive
000018f1   __aeabi_dmul
000019ed   I2CMIntHandler
00001bd1   CompDCMTaskInit
00001cb9   xTaskGenericCreate
00001d95   atan2f
00001e6d   xTaskResumeAll
00001f3d   vTaskSwitchContext
00002005   xQueueGenericSend
000020cb   CompDCMStart
00002185   CompDCMAppErrorHandler
00002235   UARTStdioConfig
000022e5   asinf
00002395   UARTwrite
0000243d   _FAtan
000024e9   xPortPendSVHandler
00002537   vPortSetInterruptMask
00002541   vPortClearInterruptMask
0000254b   vPortSVCHandler
00002565   vPortStartFirstTask
00002579   vPortEnableVFP
0000258d   MPU9150DataMagnetoGetFloat
0000262d   MPU9150Write
000026cd   __aeabi_memcpy
000026cd   __aeabi_memcpy4
000026cd   __aeabi_memcpy8
000026cd   memcpy
00002801   __TI_auto_init
000029b1   I2CMCommand
00002a39   Cmd_help
00002ab9   __aeabi_memclr
00002ab9   __aeabi_memclr4
00002ab9   __aeabi_memclr8
00002abb   __aeabi_memset
00002abb   __aeabi_memset4
00002abb   __aeabi_memset8
00002ac1   memset
00002b33   __aeabi_idiv0
00002b35   MPU9150DataAccelGetFloat
00002bad   MPU9150DataGyroGetFloat
00002c25   xQueueGenericReset
00002c95   xTaskRemoveFromEventList
00002d05   MPU9150Init
00002d71   vTaskPriorityInherit
00002e47   vApplicationStackOverflowHook
00002e49   CommandTaskInit
00002eb1   IntDisable
00002f19   IntEnable
00002f81   vTaskSuspend
00002fe9   ConfigureUART
0000304d   IntIsEnabled
000030b1   SensorCloudStatTimerConfig
00003177   vPortFree
00003179   CmdLineProcess
000031d9   MPU9150DataRead
000033b5   vTaskDelayUntil
00003411   vTaskStartScheduler
000034c5   VectorCrossProduct
0000351b   xQueueGenericSendFromISR
00003571   I2CMWrite8
000035c5   UARTgets
00003619   xTaskCheckForTimeOut
000036bd   SysCtlPeripheralReset
0000375d   pvPortMalloc
000037ad   ButtonsInit
000038dd   xQueueCreateMutex
00003929   xQueueGenericCreate
000039bf   __aeabi_d2f
00003a51   I2CMasterInitExpClk
00003b29   _c_int00
00003b71   vTaskPriorityDisinherit
00003bb9   CompDCMInit
00003c41   UARTPeek
00003cc9   copy_in
00003d0d   C$$EXIT
00003d11   abort
00003d19   exit
00003d51   vTaskPlaceOnEventList
00003d95   xTimerCreateTimerTask
00003dd9   CompDCMComputeEulers
00003e5d   IntHandlerGPIOPortM
00003e9d   signal
00003edd   __aeabi_uidiv
00003edd   __aeabi_uidivmod
00003f1d   xPortStartScheduler
00003f5d   xTimerGenericCommand
00003fdd   UARTFlushTx
00004000   __STACK_SIZE
00004019   vQueueWaitForMessageRestricted
00004091   SysCtlPeripheralReady
000040c9   __aeabi_f2d
00004101   vListInsert
00004171   Cmd_clear
000041a5   I2CMInit
000041d9   feraiseexcept
0000420d   _FDtest
00004241   VectorAdd
00004273   I2CMTransferResume
000042a5   _Feraise
000042d5   raise
00004305   CompDCMAppCallback
00004331   UARTFlushRx
0000435d   vTaskPlaceOnEventListRestricted
00004389   GPIODirModeSet
000043dd   Timer0IntHandler
0000442d   VectorDotProduct
00004453   VectorScale
00004479   IntPrioritySet
000044c1   sqrtf
000044e5   pxPortInitialiseStack
00004507   memcmp
00004529   uxListRemove
0000458d   xTaskGetSchedulerState
000045e5   xPortSysTickHandler
0000461b   UARTprintf
00004669   _args_main
00004681   strcmp
00004699   vListInsertEnd
000046b1   vTaskSetTimeOutState
000046c9   xTaskGetTickCount
000046e1   vListInitialise
00004735   _register_unlock
0000473b   _register_lock
00004743   _nop
00004749   vPortEnterCritical
0000475d   vPortExitCritical
00004771   GPIOPinTypeEthernetLED
00004783   GPIOPinTypeI2CSCL
00004795   __TI_zero_init
000047b9   vPortYield
000047c9   vPortYieldFromISR
000047d9   vTaskSuspendAll
000047e9   CompDCMAccelUpdate
000047f7   CompDCMGyroUpdate
00004805   CompDCMMagnetoUpdate
00004813   GPIOIntStatus
0000482f   TimerEnable
0000483d   __TI_decompress_none
0000484b   _FDclass
00004859   GPIOIntEnable
00004865   IntTrigger
00004871   SensHubI2CIntHandler
0000487d   vTaskMissedYield
00004889   xTaskGetCurrentTaskHandle
00004895   I2CMasterEnable
0000489f   I2CMasterIntClear
000048a7   I2CMasterIntEnableEx
000048af   I2CMasterSlaveAddrSet
000048bf   GPIOIntClear
000048c5   ResetISR
000048cb   UARTClockSourceSet
000048d1   __TI_decompress_rle24
000048d7   vListInitialiseItem
000048dd   Cmd_activate
000048e1   Cmd_connect
000048e5   Cmd_proxy
000048e9   Cmd_stats
000048ed   Cmd_sync
000048f1   I2CMasterControl
000048f5   I2CMasterDataGet
000048f9   I2CMasterDataPut
00004e78   __TI_Handler_Table_Base
00004e84   __TI_Handler_Table_Limit
00004e90   __TI_CINIT_Base
00004ea0   __TI_CINIT_Limit
20010540   g_sI2CInst
200106e4   g_sMPU9150Inst
20010750   g_sCompDCMInst
200107a8   g_sCompDCMData
200108a4   g_ui32SysClock
200108a8   g_vui8CompDCMI2CErrorStatus
200108ac   g_vulRunTimeStatsCountValue
200108b0   g_xCloudDataSemaphore
200108b4   g_xCommandHandle
200108b8   g_xCompDCMDataReadySemaphore
200108bc   g_xCompDCMHandle
200108c0   g_xCompDCMTransactionCompleteSemaphore
200108c4   g_xI2CSemaphore
200108c8   g_xUARTSemaphore
200108e0   __stack
200148e0   __STACK_END
200148e0   __STACK_TOP
20014990   g_psCmdTable
20014a08   _FDenorm
20014a18   _FEps
20014a28   _FInf
20014a38   _FNan
20014a48   _FSnan
20014a58   _FRteps
20014a68   _FXbig
20014a6c   _FZero
20014a70   pxCurrentTCB
20014ac8   _lock
20014acc   _unlock
20014ad0   __TI_cleanup_ptr
20014ad4   __TI_dtors_ptr
20014ad8   _Fenv
20014adc   _Tls_setup__Fenv
20014aec   _Errno
20014af0   main_func_sp
ffffffff   __binit__
ffffffff   __c_args__
ffffffff   binit
UNDEFED    SHT$$INIT_ARRAY$$Base
UNDEFED    SHT$$INIT_ARRAY$$Limit

[219 symbols]
